Archive member included to satisfy reference by file (symbol)

contiki-micaz.a(contiki-micaz-m)
                              /usr/lib/gcc/avr/5.4.0/../../../avr/lib/avr51/crtatmega128.o (main)
contiki-micaz.a(init-net.o)   contiki-micaz.a(contiki-micaz-m) (init_net)
contiki-micaz.a(node-id.o)    contiki-micaz.a(contiki-micaz-m) (node_id_restore)
contiki-micaz.a(clock.o)      contiki-micaz.a(contiki-micaz-m) (clock_init)
contiki-micaz.a(ds2401.o)     contiki-micaz.a(contiki-micaz-m) (ds2401_init)
contiki-micaz.a(eeprom.o)     contiki-micaz.a(node-id.o) (eeprom_write)
contiki-micaz.a(random.o)     contiki-micaz.a(contiki-micaz-m) (random_init)
contiki-micaz.a(leds.o)       contiki-micaz.a(contiki-micaz-m) (leds_init)
contiki-micaz.a(autostart.o)  contiki-micaz.a(contiki-micaz-m) (autostart_start)
contiki-micaz.a(ctimer.o)     contiki-micaz.a(contiki-micaz-m) (ctimer_init)
contiki-micaz.a(etimer.o)     contiki-micaz.a(clock.o) (etimer_request_poll)
contiki-micaz.a(process.o)    contiki-micaz.a(ctimer.o) (process_current)
contiki-micaz.a(rtimer.o)     contiki-micaz.a(contiki-micaz-m) (rtimer_init)
contiki-micaz.a(timer.o)      contiki-micaz.a(etimer.o) (timer_set)
contiki-micaz.a(list.o)       contiki-micaz.a(ctimer.o) (list_init)
contiki-micaz.a(sicslowpan.o)
                              contiki-micaz.a(init-net.o) (sicslowpan_driver)
contiki-micaz.a(uip6.o)       contiki-micaz.a(sicslowpan.o) (uip_aligned_buf)
contiki-micaz.a(uip-ds6.o)    contiki-micaz.a(uip6.o) (uip_ds6_addr_lookup)
contiki-micaz.a(uip-ds6-nbr.o)
                              contiki-micaz.a(uip-ds6.o) (uip_ds6_neighbors_init)
contiki-micaz.a(uip-ds6-route.o)
                              contiki-micaz.a(uip-ds6.o) (uip_ds6_route_init)
contiki-micaz.a(uip-icmp6.o)  contiki-micaz.a(uip6.o) (uip_icmp6_input)
contiki-micaz.a(uip-nd6.o)    contiki-micaz.a(uip-ds6-nbr.o) (uip_nd6_ns_output)
contiki-micaz.a(tcpip.o)      contiki-micaz.a(sicslowpan.o) (tcpip_set_outputfunc)
contiki-micaz.a(uip-debug.o)  contiki-micaz.a(uip-ds6-route.o) (uip_debug_ipaddr_print)
contiki-micaz.a(rpl.o)        contiki-micaz.a(uip-ds6-nbr.o) (rpl_link_neighbor_callback)
contiki-micaz.a(rpl-dag.o)    contiki-micaz.a(rpl.o) (default_instance)
contiki-micaz.a(rpl-ext-header.)
                              contiki-micaz.a(uip6.o) (rpl_verify_header)
contiki-micaz.a(rpl-icmp6.o)  contiki-micaz.a(rpl.o) (dao_output_target)
contiki-micaz.a(rpl-mrhof.o)  contiki-micaz.a(rpl.o) (rpl_mrhof)
contiki-micaz.a(rpl-timers.o)
                              contiki-micaz.a(rpl.o) (rpl_reset_periodic_timer)
contiki-micaz.a(linkaddr.o)   contiki-micaz.a(init-net.o) (linkaddr_copy)
contiki-micaz.a(nbr-table.o)  contiki-micaz.a(uip-ds6-nbr.o) (nbr_table_register)
contiki-micaz.a(packetbuf.o)  contiki-micaz.a(sicslowpan.o) (packetbuf_set_datalen)
contiki-micaz.a(queuebuf.o)   contiki-micaz.a(init-net.o) (queuebuf_init)
contiki-micaz.a(framer-802154.o)
                              contiki-micaz.a(sicslowpan.o) (framer_802154)
contiki-micaz.a(framer.o)     contiki-micaz.a(framer-802154.o) (framer_canonical_create_and_secure)
contiki-micaz.a(nullmac.o)    contiki-micaz.a(init-net.o) (nullmac_driver)
contiki-micaz.a(sicslowmac.o)
                              contiki-micaz.a(init-net.o) (sicslowmac_driver)
contiki-micaz.a(nullsec.o)    contiki-micaz.a(sicslowpan.o) (nullsec_driver)
contiki-micaz.a(rs232.o)      contiki-micaz.a(contiki-micaz-m) (rs232_init)
contiki-micaz.a(leds-arch.o)  contiki-micaz.a(leds.o) (leds_arch_init)
contiki-micaz.a(cc2420.o)     contiki-micaz.a(init-net.o) (cc2420_set_pan_addr)
contiki-micaz.a(cc2420-arch.o)
                              contiki-micaz.a(cc2420.o) (cc2420_arch_init)
contiki-micaz.a(rtimer-arch.o)
                              contiki-micaz.a(rtimer.o) (rtimer_arch_init)
contiki-micaz.a(watchdog.o)   contiki-micaz.a(sicslowpan.o) (watchdog_periodic)
contiki-micaz.a(stimer.o)     contiki-micaz.a(uip-ds6.o) (stimer_set)
contiki-micaz.a(memb.o)       contiki-micaz.a(uip-ds6-route.o) (memb_init)
contiki-micaz.a(frame802154.o)
                              contiki-micaz.a(framer-802154.o) (frame802154_hdrlen)
contiki-micaz.a(spi.o)        contiki-micaz.a(cc2420-arch.o) (spi_init)
/usr/lib/gcc/avr/5.4.0/avr51/libgcc.a(_udivmodhi4.o)
                              contiki-micaz.a(init-net.o) (__udivmodhi4)
/usr/lib/gcc/avr/5.4.0/avr51/libgcc.a(_divmodhi4.o)
                              contiki-micaz.a(sicslowpan.o) (__divmodhi4)
/usr/lib/gcc/avr/5.4.0/avr51/libgcc.a(_udivmodsi4.o)
                              contiki-micaz.a(uip-ds6.o) (__udivmodsi4)
/usr/lib/gcc/avr/5.4.0/avr51/libgcc.a(_exit.o)
                              /usr/lib/gcc/avr/5.4.0/../../../avr/lib/avr51/crtatmega128.o (exit)
/usr/lib/gcc/avr/5.4.0/avr51/libgcc.a(_tablejump2.o)
                              contiki-micaz.a(uip6.o) (__tablejump2__)
/usr/lib/gcc/avr/5.4.0/avr51/libgcc.a(_copy_data.o)
                              hello-world.co (__do_copy_data)
[...]
Memory Configuration

Name             Origin             Length             Attributes
text             0x0000000000000000 0x0000000000020000 xr
data             0x0000000000800100 0x0000000000001000 rw !x
eeprom           0x0000000000810000 0x0000000000001000 rw !x
fuse             0x0000000000820000 0x0000000000000003 rw !x
lock             0x0000000000830000 0x0000000000000400 rw !x
signature        0x0000000000840000 0x0000000000000400 rw !x
user_signatures  0x0000000000850000 0x0000000000000400 rw !x
*default*        0x0000000000000000 0xffffffffffffffff

Linker script and memory map

Address of section .data set to 0x800100
LOAD /usr/lib/gcc/avr/5.4.0/../../../avr/lib/avr51/crtatmega128.o
Address of section .bootloader set to 0x1f800
LOAD hello-world.co
LOAD symbols.o
LOAD contiki-micaz.a
START GROUP
LOAD /usr/lib/gcc/avr/5.4.0/avr51/libgcc.a
LOAD /usr/lib/gcc/avr/5.4.0/../../../avr/lib/avr51/libm.a
LOAD /usr/lib/gcc/avr/5.4.0/../../../avr/lib/avr51/libc.a
LOAD /usr/lib/gcc/avr/5.4.0/../../../avr/lib/avr51/libatmega128.a
END GROUP
                0x0000000000000000                __TEXT_REGION_ORIGIN__ = DEFINED (__TEXT_REGION_ORIGIN__)?__TEXT_REGION_ORIGIN__:0x0
                [0x0000000000800100]                __DATA_REGION_ORIGIN__ = DEFINED (__DATA_REGION_ORIGIN__)?__DATA_REGION_ORIGIN__:0x800100
                [0x0000000000020000]                __TEXT_REGION_LENGTH__ = DEFINED (__TEXT_REGION_LENGTH__)?__TEXT_REGION_LENGTH__:0x20000
                [0x0000000000001000]                __DATA_REGION_LENGTH__ = DEFINED (__DATA_REGION_LENGTH__)?__DATA_REGION_LENGTH__:0xff00
                [0x0000000000001000]                __EEPROM_REGION_LENGTH__ = DEFINED (__EEPROM_REGION_LENGTH__)?__EEPROM_REGION_LENGTH__:0x10000
                [0x0000000000000003]                __FUSE_REGION_LENGTH__ = DEFINED (__FUSE_REGION_LENGTH__)?__FUSE_REGION_LENGTH__:0x400
                0x0000000000000400                __LOCK_REGION_LENGTH__ = DEFINED (__LOCK_REGION_LENGTH__)?__LOCK_REGION_LENGTH__:0x400
                0x0000000000000400                __SIGNATURE_REGION_LENGTH__ = DEFINED (__SIGNATURE_REGION_LENGTH__)?__SIGNATURE_REGION_LENGTH__:0x400
                0x0000000000000400                __USER_SIGNATURE_REGION_LENGTH__ = DEFINED (__USER_SIGNATURE_REGION_LENGTH__)?__USER_SIGNATURE_REGION_LENGTH__:0x400

.hash
 *(.hash)

.dynsym
 *(.dynsym)

.dynstr
 *(.dynstr)

.gnu.version
 *(.gnu.version)

.gnu.version_d
 *(.gnu.version_d)

.gnu.version_r
 *(.gnu.version_r)

.rel.init
 *(.rel.init)

.rela.init
 *(.rela.init)

.rel.text
 *(.rel.text)
 *(.rel.text.*)
 *(.rel.gnu.linkonce.t*)

.rela.text
 *(.rela.text)
 *(.rela.text.*)
 *(.rela.gnu.linkonce.t*)

.rel.fini
 *(.rel.fini)

.rela.fini
 *(.rela.fini)

.rel.rodata
 *(.rel.rodata)
 *(.rel.rodata.*)
 *(.rel.gnu.linkonce.r*)

.rela.rodata
 *(.rela.rodata)
 *(.rela.rodata.*)
 *(.rela.gnu.linkonce.r*)

.rel.data
 *(.rel.data)
 *(.rel.data.*)
 *(.rel.gnu.linkonce.d*)

.rela.data
 *(.rela.data)
 *(.rela.data.*)
 *(.rela.gnu.linkonce.d*)

.rel.ctors
 *(.rel.ctors)

.rela.ctors
 *(.rela.ctors)

.rel.dtors
 *(.rel.dtors)

.rela.dtors
 *(.rela.dtors)

.rel.got
 *(.rel.got)

.rela.got
 *(.rela.got)

.rel.bss
 *(.rel.bss)

.rela.bss
 *(.rela.bss)

.rel.plt
 *(.rel.plt)

.rela.plt
 *(.rela.plt)

.text           0x0000000000000000     0xb51a
 *(.vectors)
 .vectors       0x0000000000000000       0x8c /usr/lib/gcc/avr/5.4.0/../../../avr/lib/avr51/crtatmega128.o
                0x0000000000000000                __vectors
                0x0000000000000000                __vector_default
 *(.vectors)
 *(.progmem.gcc*)
 .progmem.gcc_sw_table.uip_process
                0x000000000000008c       0x10 contiki-micaz.a(uip6.o)
 .progmem.gcc_sw_table.get_value
                0x000000000000009c       0x1c contiki-micaz.a(cc2420.o)
                0x00000000000000b8                . = ALIGN (0x2)
                0x00000000000000b8                __trampolines_start = .
 *(.trampolines)
 .trampolines   0x00000000000000b8        0x0 linker stubs
 *(.trampolines*)
                0x00000000000000b8                __trampolines_end = .
 *libprintf_flt.a:*(.progmem.data)
 *libc.a:*(.progmem.data)
 *(.progmem*)
 .progmem.data.__c.3791
                0x00000000000000b8       0x21 contiki-micaz.a(contiki-micaz-m)
 .progmem.data.__c.3420
                0x00000000000000d9        0x4 contiki-micaz.a(init-net.o)
 .progmem.data.__c.3415
                0x00000000000000dd        0x4 contiki-micaz.a(init-net.o)
 .progmem.data.__c.3413
                0x00000000000000e1       0x1b contiki-micaz.a(init-net.o)
 .progmem.data.__c.3441
                0x00000000000000fc        0xa contiki-micaz.a(init-net.o)
 .progmem.data.__c.3436
                0x0000000000000106        0xa contiki-micaz.a(init-net.o)
 .progmem.data.__c.3432
                0x0000000000000110       0x23 contiki-micaz.a(init-net.o)
 .progmem.data.__c.3430
                0x0000000000000133       0x33 contiki-micaz.a(init-net.o)
 .progmem.data.__c.3427
                0x0000000000000166       0x2d contiki-micaz.a(init-net.o)
 .progmem.data.__c.2628
                0x0000000000000193        0x3 contiki-micaz.a(uip-debug.o)
 .progmem.data.__c.2626
                0x0000000000000196        0x2 contiki-micaz.a(uip-debug.o)
 .progmem.data.__c.2624
                0x0000000000000198        0x3 contiki-micaz.a(uip-debug.o)
 .progmem.data.__c.2622
                0x000000000000019b        0xf contiki-micaz.a(uip-debug.o)
                0x00000000000001aa                . = ALIGN (0x2)
 *(.jumptables)
 *(.jumptables*)
 *(.lowtext)
 *(.lowtext*)
                0x00000000000001aa                __ctors_start = .
 *(.ctors)
                0x00000000000001aa                __ctors_end = .
                0x00000000000001aa                __dtors_start = .
 *(.dtors)
                0x00000000000001aa                __dtors_end = .
 SORT(*)(.ctors)
 SORT(*)(.dtors)
 *(.init0)
 .init0         0x00000000000001aa        0x0 /usr/lib/gcc/avr/5.4.0/../../../avr/lib/avr51/crtatmega128.o
                0x00000000000001aa                __init
 *(.init0)
 *(.init1)
 *(.init1)
 *(.init2)
 .init2         0x00000000000001aa        0xc /usr/lib/gcc/avr/5.4.0/../../../avr/lib/avr51/crtatmega128.o
 *(.init2)
 *(.init3)
 *(.init3)
 *(.init4)
 .init4         0x00000000000001b6       0x1a /usr/lib/gcc/avr/5.4.0/avr51/libgcc.a(_copy_data.o)
                0x00000000000001b6                __do_copy_data
 .init4         0x00000000000001d0       0x10 /usr/lib/gcc/avr/5.4.0/avr51/libgcc.a(_clear_bss.o)
                0x00000000000001d0                __do_clear_bss
 *(.init4)
 *(.init5)
 *(.init5)
 *(.init6)
 *(.init6)
 *(.init7)
 *(.init7)
 *(.init8)
 *(.init8)
 *(.init9)
 .init9         0x00000000000001e0        0x8 /usr/lib/gcc/avr/5.4.0/../../../avr/lib/avr51/crtatmega128.o
 *(.init9)
 *(.text)
 .text          0x00000000000001e8        0x4 /usr/lib/gcc/avr/5.4.0/../../../avr/lib/avr51/crtatmega128.o
                0x00000000000001e8                __vector_22
                0x00000000000001e8                __vector_28
                0x00000000000001e8                __vector_1
                0x00000000000001e8                __vector_32
                0x00000000000001e8                __vector_34
                0x00000000000001e8                __vector_24
                0x00000000000001e8                __vector_12
                0x00000000000001e8                __bad_interrupt
                0x00000000000001e8                __vector_6
                0x00000000000001e8                __vector_31
                0x00000000000001e8                __vector_3
                0x00000000000001e8                __vector_23
                0x00000000000001e8                __vector_25
                0x00000000000001e8                __vector_11
                0x00000000000001e8                __vector_13
                0x00000000000001e8                __vector_17
                0x00000000000001e8                __vector_19
                0x00000000000001e8                __vector_27
                0x00000000000001e8                __vector_5
                0x00000000000001e8                __vector_33
                0x00000000000001e8                __vector_4
                0x00000000000001e8                __vector_9
                0x00000000000001e8                __vector_2
                0x00000000000001e8                __vector_21
                0x00000000000001e8                __vector_29
                0x00000000000001e8                __vector_8
                0x00000000000001e8                __vector_14
                0x00000000000001e8                __vector_10
                0x00000000000001e8                __vector_16
                0x00000000000001e8                __vector_20
                0x00000000000001ec                . = ALIGN (0x2)
 *(.text.*)
 .text.process_thread_hello_world_process
                0x00000000000001ec       0x22 hello-world.co
 .text.init_usart
                0x000000000000020e       0x10 contiki-micaz.a(contiki-micaz-m)
                0x000000000000020e                init_usart
 .text.startup.main
                0x000000000000021e       0x8a contiki-micaz.a(contiki-micaz-m)
                0x000000000000021e                main
 .text.init_net
                0x00000000000002a8      0x24c contiki-micaz.a(init-net.o)
                0x00000000000002a8                init_net
 .text.node_id_restore
                0x00000000000004f4       0x56 contiki-micaz.a(node-id.o)
                0x00000000000004f4                node_id_restore
 .text.__vector_15
                0x000000000000054a       0xb0 contiki-micaz.a(clock.o)
                0x000000000000054a                __vector_15
 .text.clock_init
                0x00000000000005fa       0x32 contiki-micaz.a(clock.o)
                0x00000000000005fa                clock_init
 .text.clock_time
                0x000000000000062c       0x18 contiki-micaz.a(clock.o)
                0x000000000000062c                clock_time
 .text.clock_delay
                0x0000000000000644       0x16 contiki-micaz.a(clock.o)
                0x0000000000000644                clock_delay
 .text.clock_seconds
                0x000000000000065a       0x34 contiki-micaz.a(clock.o)
                0x000000000000065a                clock_seconds
 .text.read_byte
                0x000000000000068e       0x40 contiki-micaz.a(ds2401.o)
 .text.ds2401_init
                0x00000000000006ce      0x14e contiki-micaz.a(ds2401.o)
                0x00000000000006ce                ds2401_init
 .text.eeprom_read
                0x000000000000081c        0xe contiki-micaz.a(eeprom.o)
                0x000000000000081c                eeprom_read
 .text.random_init
                0x000000000000082a        0x4 contiki-micaz.a(random.o)
                0x000000000000082a                random_init
 .text.random_rand
                0x000000000000082e        0x4 contiki-micaz.a(random.o)
                0x000000000000082e                random_rand
 .text.leds_init
                0x0000000000000832        0xa contiki-micaz.a(leds.o)
                0x0000000000000832                leds_init
 .text.leds_on  0x000000000000083c        0xe contiki-micaz.a(leds.o)
                0x000000000000083c                leds_on
 .text.leds_off
                0x000000000000084a       0x10 contiki-micaz.a(leds.o)
                0x000000000000084a                leds_off
 .text.autostart_start
                0x000000000000085a       0x1e contiki-micaz.a(autostart.o)
                0x000000000000085a                autostart_start
 .text.process_thread_ctimer_process
                0x0000000000000878       0xc8 contiki-micaz.a(ctimer.o)
 .text.ctimer_init
                0x0000000000000940       0x18 contiki-micaz.a(ctimer.o)
                0x0000000000000940                ctimer_init
 .text.ctimer_set
                0x0000000000000958       0x5a contiki-micaz.a(ctimer.o)
                0x0000000000000958                ctimer_set
 .text.ctimer_reset
                0x00000000000009b2       0x48 contiki-micaz.a(ctimer.o)
                0x00000000000009b2                ctimer_reset
 .text.ctimer_stop
                0x00000000000009fa       0x2e contiki-micaz.a(ctimer.o)
                0x00000000000009fa                ctimer_stop
 .text.update_time
                0x0000000000000a28       0x64 contiki-micaz.a(etimer.o)
 .text.etimer_request_poll
                0x0000000000000a8c        0x8 contiki-micaz.a(etimer.o)
                0x0000000000000a8c                etimer_request_poll
 .text.process_thread_etimer_process
                0x0000000000000a94      0x106 contiki-micaz.a(etimer.o)
 .text.add_timer
                0x0000000000000b9a       0x5e contiki-micaz.a(etimer.o)
 .text.etimer_set
                0x0000000000000bf8       0x14 contiki-micaz.a(etimer.o)
                0x0000000000000bf8                etimer_set
 .text.etimer_reset
                0x0000000000000c0c       0x14 contiki-micaz.a(etimer.o)
                0x0000000000000c0c                etimer_reset
 .text.etimer_restart
                0x0000000000000c20       0x14 contiki-micaz.a(etimer.o)
                0x0000000000000c20                etimer_restart
 .text.etimer_expired
                0x0000000000000c34       0x16 contiki-micaz.a(etimer.o)
                0x0000000000000c34                etimer_expired
 .text.etimer_expiration_time
                0x0000000000000c4a       0x10 contiki-micaz.a(etimer.o)
                0x0000000000000c4a                etimer_expiration_time
 .text.etimer_pending
                0x0000000000000c5a       0x16 contiki-micaz.a(etimer.o)
                0x0000000000000c5a                etimer_pending
 .text.etimer_stop
                0x0000000000000c70       0x4e contiki-micaz.a(etimer.o)
                0x0000000000000c70                etimer_stop
 .text.call_process.part.0
                0x0000000000000cbe       0x54 contiki-micaz.a(process.o)
 .text.call_process
                0x0000000000000d12        0xc contiki-micaz.a(process.o)
 .text.exit_process
                0x0000000000000d1e       0xd6 contiki-micaz.a(process.o)
 .text.do_poll  0x0000000000000df4       0x3e contiki-micaz.a(process.o)
 .text.process_alloc_event
                0x0000000000000e32        0xe contiki-micaz.a(process.o)
                0x0000000000000e32                process_alloc_event
 .text.process_init
                0x0000000000000e40       0x24 contiki-micaz.a(process.o)
                0x0000000000000e40                process_init
 .text.process_run
                0x0000000000000e64       0xc0 contiki-micaz.a(process.o)
                0x0000000000000e64                process_run
 .text.process_post
                0x0000000000000f24       0x4a contiki-micaz.a(process.o)
                0x0000000000000f24                process_post
 .text.process_post_synch
                0x0000000000000f6e       0x1e contiki-micaz.a(process.o)
                0x0000000000000f6e                process_post_synch
 .text.process_start
                0x0000000000000f8c       0x42 contiki-micaz.a(process.o)
                0x0000000000000f8c                process_start
 .text.process_poll
                0x0000000000000fce       0x18 contiki-micaz.a(process.o)
                0x0000000000000fce                process_poll
 .text.rtimer_init
                0x0000000000000fe6        0x4 contiki-micaz.a(rtimer.o)
                0x0000000000000fe6                rtimer_init
 .text.rtimer_run_next
                0x0000000000000fea       0x3e contiki-micaz.a(rtimer.o)
                0x0000000000000fea                rtimer_run_next
 .text.timer_set
                0x0000000000001028       0x18 contiki-micaz.a(timer.o)
                0x0000000000001028                timer_set
 .text.timer_reset
                0x0000000000001040       0x14 contiki-micaz.a(timer.o)
                0x0000000000001040                timer_reset
 .text.timer_restart
                0x0000000000001054       0x14 contiki-micaz.a(timer.o)
                0x0000000000001054                timer_restart
 .text.timer_expired
                0x0000000000001068       0x30 contiki-micaz.a(timer.o)
                0x0000000000001068                timer_expired
 .text.list_init
                0x0000000000001098        0x8 contiki-micaz.a(list.o)
                0x0000000000001098                list_init
 .text.list_head
                0x00000000000010a0        0x8 contiki-micaz.a(list.o)
                0x00000000000010a0                list_head
 .text.list_tail
                0x00000000000010a8       0x20 contiki-micaz.a(list.o)
                0x00000000000010a8                list_tail
 .text.list_remove
                0x00000000000010c8       0x36 contiki-micaz.a(list.o)
                0x00000000000010c8                list_remove
 .text.list_add
                0x00000000000010fe       0x32 contiki-micaz.a(list.o)
                0x00000000000010fe                list_add
 .text.list_push
                0x0000000000001130       0x28 contiki-micaz.a(list.o)
                0x0000000000001130                list_push
 .text.list_length
                0x0000000000001158       0x1a contiki-micaz.a(list.o)
                0x0000000000001158                list_length
 .text.list_item_next
                0x0000000000001172       0x12 contiki-micaz.a(list.o)
                0x0000000000001172                list_item_next
 .text.set_packet_attrs
                0x0000000000001184       0x54 contiki-micaz.a(sicslowpan.o)
 .text.sicslowpan_init
                0x00000000000011d8       0x1c contiki-micaz.a(sicslowpan.o)
                0x00000000000011d8                sicslowpan_init
 .text.compress_addr_64
                0x00000000000011f4       0xcc contiki-micaz.a(sicslowpan.o)
 .text.addr_context_lookup_by_prefix
                0x00000000000012c0       0x60 contiki-micaz.a(sicslowpan.o)
 .text.send_packet
                0x0000000000001320       0x20 contiki-micaz.a(sicslowpan.o)
 .text.output   0x0000000000001340      0x816 contiki-micaz.a(sicslowpan.o)
 .text.packet_sent
                0x0000000000001b56       0x32 contiki-micaz.a(sicslowpan.o)
 .text.uncompress_addr
                0x0000000000001b88       0xf0 contiki-micaz.a(sicslowpan.o)
 .text.input    0x0000000000001c78      0x7ba contiki-micaz.a(sicslowpan.o)
 .text.chksum   0x0000000000002432       0x4a contiki-micaz.a(uip6.o)
 .text.upper_layer_chksum
                0x000000000000247c       0x72 contiki-micaz.a(uip6.o)
 .text.ext_hdr_options_process
                0x00000000000024ee       0xdc contiki-micaz.a(uip6.o)
 .text.uip_add32
                0x00000000000025ca       0x6c contiki-micaz.a(uip6.o)
                0x00000000000025ca                uip_add32
 .text.unlikely.uip_add_rcv_nxt
                0x0000000000002636       0x3a contiki-micaz.a(uip6.o)
 .text.uip_icmp6chksum
                0x0000000000002670        0x6 contiki-micaz.a(uip6.o)
                0x0000000000002670                uip_icmp6chksum
 .text.uip_tcpchksum
                0x0000000000002676        0x6 contiki-micaz.a(uip6.o)
                0x0000000000002676                uip_tcpchksum
 .text.uip_udpchksum
                0x000000000000267c        0x6 contiki-micaz.a(uip6.o)
                0x000000000000267c                uip_udpchksum
 .text.uip_init
                0x0000000000002682       0x64 contiki-micaz.a(uip6.o)
                0x0000000000002682                uip_init
 .text.remove_ext_hdr
                0x00000000000026e6       0x6a contiki-micaz.a(uip6.o)
                0x00000000000026e6                remove_ext_hdr
 .text.uip_unlisten
                0x0000000000002750       0x36 contiki-micaz.a(uip6.o)
                0x0000000000002750                uip_unlisten
 .text.uip_process
                0x0000000000002786      0xe6a contiki-micaz.a(uip6.o)
                0x0000000000002786                uip_process
 .text.uip_htons
                0x00000000000035f0        0x8 contiki-micaz.a(uip6.o)
                0x00000000000035f0                uip_htons
 .text.uip_htonl
                0x00000000000035f8        0x6 contiki-micaz.a(uip6.o)
                0x00000000000035f8                uip_htonl
 .text.uip_ds6_list_loop
                0x00000000000035fe       0x96 contiki-micaz.a(uip-ds6.o)
                0x00000000000035fe                uip_ds6_list_loop
 .text.uip_ds6_prefix_add
                0x0000000000003694       0xa2 contiki-micaz.a(uip-ds6.o)
                0x0000000000003694                uip_ds6_prefix_add
 .text.uip_ds6_prefix_rm
                0x0000000000003736        0xa contiki-micaz.a(uip-ds6.o)
                0x0000000000003736                uip_ds6_prefix_rm
 .text.uip_ds6_prefix_lookup
                0x0000000000003740       0x3a contiki-micaz.a(uip-ds6.o)
                0x0000000000003740                uip_ds6_prefix_lookup
 .text.uip_ds6_is_addr_onlink
                0x000000000000377a       0x60 contiki-micaz.a(uip-ds6.o)
                0x000000000000377a                uip_ds6_is_addr_onlink
 .text.uip_ds6_addr_lookup
                0x00000000000037da       0x3a contiki-micaz.a(uip-ds6.o)
                0x00000000000037da                uip_ds6_addr_lookup
 .text.uip_ds6_get_link_local
                0x0000000000003814       0x58 contiki-micaz.a(uip-ds6.o)
                0x0000000000003814                uip_ds6_get_link_local
 .text.uip_ds6_maddr_add
                0x000000000000386c       0x64 contiki-micaz.a(uip-ds6.o)
                0x000000000000386c                uip_ds6_maddr_add
 .text.uip_ds6_addr_add
                0x00000000000038d0      0x104 contiki-micaz.a(uip-ds6.o)
                0x00000000000038d0                uip_ds6_addr_add
 .text.uip_ds6_maddr_rm
                0x00000000000039d4        0xa contiki-micaz.a(uip-ds6.o)
                0x00000000000039d4                uip_ds6_maddr_rm
 .text.uip_ds6_maddr_lookup
                0x00000000000039de       0x3a contiki-micaz.a(uip-ds6.o)
                0x00000000000039de                uip_ds6_maddr_lookup
 .text.uip_ds6_addr_rm
                0x0000000000003a18       0x76 contiki-micaz.a(uip-ds6.o)
                0x0000000000003a18                uip_ds6_addr_rm
 .text.uip_ds6_periodic
                0x0000000000003a8e       0xa8 contiki-micaz.a(uip-ds6.o)
                0x0000000000003a8e                uip_ds6_periodic
 .text.uip_ds6_set_addr_iid
                0x0000000000003b36       0x1c contiki-micaz.a(uip-ds6.o)
                0x0000000000003b36                uip_ds6_set_addr_iid
 .text.get_match_length
                0x0000000000003b52       0x34 contiki-micaz.a(uip-ds6.o)
                0x0000000000003b52                get_match_length
 .text.uip_ds6_select_src
                0x0000000000003b86       0xda contiki-micaz.a(uip-ds6.o)
                0x0000000000003b86                uip_ds6_select_src
 .text.uip_ds6_send_rs
                0x0000000000003c60       0x32 contiki-micaz.a(uip-ds6.o)
                0x0000000000003c60                uip_ds6_send_rs
 .text.uip_ds6_compute_reachable_time
                0x0000000000003c92       0x60 contiki-micaz.a(uip-ds6.o)
                0x0000000000003c92                uip_ds6_compute_reachable_time
 .text.uip_ds6_init
                0x0000000000003cf2      0x104 contiki-micaz.a(uip-ds6.o)
                0x0000000000003cf2                uip_ds6_init
 .text.uip_ds6_nbr_rm
                0x0000000000003df6       0x26 contiki-micaz.a(uip-ds6-nbr.o)
                0x0000000000003df6                uip_ds6_nbr_rm
 .text.uip_ds6_neighbors_init
                0x0000000000003e1c       0x10 contiki-micaz.a(uip-ds6-nbr.o)
                0x0000000000003e1c                uip_ds6_neighbors_init
 .text.uip_ds6_nbr_add
                0x0000000000003e2c       0x6a contiki-micaz.a(uip-ds6-nbr.o)
                0x0000000000003e2c                uip_ds6_nbr_add
 .text.uip_ds6_nbr_get_ll
                0x0000000000003e96        0xe contiki-micaz.a(uip-ds6-nbr.o)
                0x0000000000003e96                uip_ds6_nbr_get_ll
 .text.uip_ds6_nbr_lookup
                0x0000000000003ea4       0x56 contiki-micaz.a(uip-ds6-nbr.o)
                0x0000000000003ea4                uip_ds6_nbr_lookup
 .text.uip_ds6_nbr_ll_lookup
                0x0000000000003efa        0xe contiki-micaz.a(uip-ds6-nbr.o)
                0x0000000000003efa                uip_ds6_nbr_ll_lookup
 .text.uip_ds6_nbr_ipaddr_from_lladdr
                0x0000000000003f08        0x4 contiki-micaz.a(uip-ds6-nbr.o)
                0x0000000000003f08                uip_ds6_nbr_ipaddr_from_lladdr
 .text.uip_ds6_nbr_lladdr_from_ipaddr
                0x0000000000003f0c       0x12 contiki-micaz.a(uip-ds6-nbr.o)
                0x0000000000003f0c                uip_ds6_nbr_lladdr_from_ipaddr
 .text.uip_ds6_link_neighbor_callback
                0x0000000000003f1e       0x3a contiki-micaz.a(uip-ds6-nbr.o)
                0x0000000000003f1e                uip_ds6_link_neighbor_callback
 .text.uip_ds6_neighbor_periodic
                0x0000000000003f58      0x17a contiki-micaz.a(uip-ds6-nbr.o)
                0x0000000000003f58                uip_ds6_neighbor_periodic
 .text.call_route_callback
                0x00000000000040d2       0x64 contiki-micaz.a(uip-ds6-route.o)
 .text.uip_ds6_route_init
                0x0000000000004136       0x34 contiki-micaz.a(uip-ds6-route.o)
                0x0000000000004136                uip_ds6_route_init
 .text.uip_ds6_route_nexthop
                0x000000000000416a       0x1c contiki-micaz.a(uip-ds6-route.o)
                0x000000000000416a                uip_ds6_route_nexthop
 .text.uip_ds6_route_head
                0x0000000000004186        0x8 contiki-micaz.a(uip-ds6-route.o)
                0x0000000000004186                uip_ds6_route_head
 .text.uip_ds6_route_next
                0x000000000000418e        0xe contiki-micaz.a(uip-ds6-route.o)
                0x000000000000418e                uip_ds6_route_next
 .text.uip_ds6_route_lookup
                0x000000000000419c       0x92 contiki-micaz.a(uip-ds6-route.o)
                0x000000000000419c                uip_ds6_route_lookup
 .text.uip_ds6_route_rm
                0x000000000000422e       0xd0 contiki-micaz.a(uip-ds6-route.o)
                0x000000000000422e                uip_ds6_route_rm
 .text.rm_routelist
                0x00000000000042fe       0x40 contiki-micaz.a(uip-ds6-route.o)
 .text.rm_routelist_callback
                0x000000000000433e        0x4 contiki-micaz.a(uip-ds6-route.o)
 .text.uip_ds6_route_add
                0x0000000000004342      0x146 contiki-micaz.a(uip-ds6-route.o)
                0x0000000000004342                uip_ds6_route_add
 .text.uip_ds6_defrt_rm
                0x0000000000004488       0x5c contiki-micaz.a(uip-ds6-route.o)
                0x0000000000004488                uip_ds6_defrt_rm
 .text.uip_ds6_defrt_lookup
                0x00000000000044e4       0x44 contiki-micaz.a(uip-ds6-route.o)
                0x00000000000044e4                uip_ds6_defrt_lookup
 .text.uip_ds6_defrt_add
                0x0000000000004528       0x8c contiki-micaz.a(uip-ds6-route.o)
                0x0000000000004528                uip_ds6_defrt_add
 .text.uip_ds6_defrt_choose
                0x00000000000045b4       0x48 contiki-micaz.a(uip-ds6-route.o)
                0x00000000000045b4                uip_ds6_defrt_choose
 .text.uip_ds6_defrt_periodic
                0x00000000000045fc       0x3a contiki-micaz.a(uip-ds6-route.o)
                0x00000000000045fc                uip_ds6_defrt_periodic
 .text.echo_reply_input
                0x0000000000004636      0x162 contiki-micaz.a(uip-icmp6.o)
 .text.echo_request_input
                0x0000000000004798      0x14e contiki-micaz.a(uip-icmp6.o)
 .text.uip_icmp6_input
                0x00000000000048e6       0x4e contiki-micaz.a(uip-icmp6.o)
                0x00000000000048e6                uip_icmp6_input
 .text.uip_icmp6_register_input_handler
                0x0000000000004934        0xa contiki-micaz.a(uip-icmp6.o)
                0x0000000000004934                uip_icmp6_register_input_handler
 .text.uip_icmp6_error_output
                0x000000000000493e      0x1de contiki-micaz.a(uip-icmp6.o)
                0x000000000000493e                uip_icmp6_error_output
 .text.uip_icmp6_send
                0x0000000000004b1c       0xa2 contiki-micaz.a(uip-icmp6.o)
                0x0000000000004b1c                uip_icmp6_send
 .text.uip_icmp6_init
                0x0000000000004bbe       0x10 contiki-micaz.a(uip-icmp6.o)
                0x0000000000004bbe                uip_icmp6_init
 .text.create_llao
                0x0000000000004bce       0x2c contiki-micaz.a(uip-nd6.o)
 .text.ns_input
                0x0000000000004bfa      0x33c contiki-micaz.a(uip-nd6.o)
 .text.ra_input
                0x0000000000004f36      0x4e0 contiki-micaz.a(uip-nd6.o)
                0x0000000000004f36                ra_input
 .text.na_input
                0x0000000000005416      0x22a contiki-micaz.a(uip-nd6.o)
 .text.uip_nd6_ns_output
                0x0000000000005640      0x1e0 contiki-micaz.a(uip-nd6.o)
                0x0000000000005640                uip_nd6_ns_output
 .text.uip_nd6_rs_output
                0x0000000000005820      0x13c contiki-micaz.a(uip-nd6.o)
                0x0000000000005820                uip_nd6_rs_output
 .text.uip_nd6_init
                0x000000000000595c       0x18 contiki-micaz.a(uip-nd6.o)
                0x000000000000595c                uip_nd6_init
 .text.start_periodic_tcp_timer
                0x0000000000005974       0x16 contiki-micaz.a(tcpip.o)
 .text.tcpip_output
                0x000000000000598a       0x12 contiki-micaz.a(tcpip.o)
                0x000000000000598a                tcpip_output
 .text.tcpip_set_outputfunc
                0x000000000000599c        0xa contiki-micaz.a(tcpip.o)
                0x000000000000599c                tcpip_set_outputfunc
 .text.tcpip_input
                0x00000000000059a6       0x1c contiki-micaz.a(tcpip.o)
                0x00000000000059a6                tcpip_input
 .text.tcpip_ipv6_output
                0x00000000000059c2      0x1be contiki-micaz.a(tcpip.o)
                0x00000000000059c2                tcpip_ipv6_output
 .text.process_thread_tcpip_process
                0x0000000000005b80      0x232 contiki-micaz.a(tcpip.o)
 .text.tcpip_uipcall
                0x0000000000005db2       0x8c contiki-micaz.a(tcpip.o)
                0x0000000000005db2                tcpip_uipcall
 .text.uip_debug_ipaddr_print
                0x0000000000005e3e       0xf4 contiki-micaz.a(uip-debug.o)
                0x0000000000005e3e                uip_debug_ipaddr_print
 .text.rpl_get_mode
                0x0000000000005f32        0xa contiki-micaz.a(rpl.o)
                0x0000000000005f32                rpl_get_mode
 .text.rpl_purge_routes
                0x0000000000005f3c       0xc8 contiki-micaz.a(rpl.o)
                0x0000000000005f3c                rpl_purge_routes
 .text.rpl_remove_routes
                0x0000000000006004       0x2c contiki-micaz.a(rpl.o)
                0x0000000000006004                rpl_remove_routes
 .text.rpl_remove_routes_by_nexthop
                0x0000000000006030       0x56 contiki-micaz.a(rpl.o)
                0x0000000000006030                rpl_remove_routes_by_nexthop
 .text.rpl_add_route
                0x0000000000006086       0x4a contiki-micaz.a(rpl.o)
                0x0000000000006086                rpl_add_route
 .text.rpl_link_neighbor_callback
                0x00000000000060d0       0xb8 contiki-micaz.a(rpl.o)
                0x00000000000060d0                rpl_link_neighbor_callback
 .text.rpl_ipv6_neighbor_callback
                0x0000000000006188       0x28 contiki-micaz.a(rpl.o)
                0x0000000000006188                rpl_ipv6_neighbor_callback
 .text.rpl_init
                0x00000000000061b0       0x78 contiki-micaz.a(rpl.o)
                0x00000000000061b0                rpl_init
 .text.rpl_set_preferred_parent
                0x0000000000006228       0x44 contiki-micaz.a(rpl-dag.o)
 .text.set_ip_from_prefix
                0x000000000000626c       0x38 contiki-micaz.a(rpl-dag.o)
 .text.check_prefix
                0x00000000000062a4       0xb4 contiki-micaz.a(rpl-dag.o)
 .text.find_parent_any_dag_any_instance
                0x0000000000006358       0x16 contiki-micaz.a(rpl-dag.o)
 .text.lollipop_greater_than
                0x000000000000636e       0x54 contiki-micaz.a(rpl-dag.o)
 .text.rpl_get_nbr
                0x00000000000063c2       0x26 contiki-micaz.a(rpl-dag.o)
                0x00000000000063c2                rpl_get_nbr
 .text.rpl_dag_init
                0x00000000000063e8       0x10 contiki-micaz.a(rpl-dag.o)
                0x00000000000063e8                rpl_dag_init
 .text.rpl_get_parent
                0x00000000000063f8        0xe contiki-micaz.a(rpl-dag.o)
                0x00000000000063f8                rpl_get_parent
 .text.rpl_get_parent_ipaddr
                0x0000000000006406       0x12 contiki-micaz.a(rpl-dag.o)
                0x0000000000006406                rpl_get_parent_ipaddr
 .text.rpl_set_prefix
                0x0000000000006418       0xb0 contiki-micaz.a(rpl-dag.o)
                0x0000000000006418                rpl_set_prefix
 .text.rpl_set_default_route
                0x00000000000064c8       0x78 contiki-micaz.a(rpl-dag.o)
                0x00000000000064c8                rpl_set_default_route
 .text.rpl_alloc_instance
                0x0000000000006540       0x32 contiki-micaz.a(rpl-dag.o)
                0x0000000000006540                rpl_alloc_instance
 .text.rpl_add_parent
                0x0000000000006572       0x70 contiki-micaz.a(rpl-dag.o)
                0x0000000000006572                rpl_add_parent
 .text.rpl_find_parent
                0x00000000000065e2       0x2a contiki-micaz.a(rpl-dag.o)
                0x00000000000065e2                rpl_find_parent
 .text.rpl_find_parent_any_dag
                0x000000000000660c       0x32 contiki-micaz.a(rpl-dag.o)
                0x000000000000660c                rpl_find_parent_any_dag
 .text.rpl_select_parent
                0x000000000000663e       0xd0 contiki-micaz.a(rpl-dag.o)
                0x000000000000663e                rpl_select_parent
 .text.rpl_select_dag
                0x000000000000670e      0x252 contiki-micaz.a(rpl-dag.o)
                0x000000000000670e                rpl_select_dag
 .text.rpl_nullify_parent
                0x0000000000006960       0x7a contiki-micaz.a(rpl-dag.o)
                0x0000000000006960                rpl_nullify_parent
 .text.rpl_remove_parent
                0x00000000000069da       0x1c contiki-micaz.a(rpl-dag.o)
                0x00000000000069da                rpl_remove_parent
 .text.nbr_callback
                0x00000000000069f6        0x4 contiki-micaz.a(rpl-dag.o)
 .text.remove_parents.constprop.5
                0x00000000000069fa       0x46 contiki-micaz.a(rpl-dag.o)
 .text.rpl_move_parent
                0x0000000000006a40       0x7c contiki-micaz.a(rpl-dag.o)
                0x0000000000006a40                rpl_move_parent
 .text.rpl_get_any_dag
                0x0000000000006abc       0x1e contiki-micaz.a(rpl-dag.o)
                0x0000000000006abc                rpl_get_any_dag
 .text.rpl_get_instance
                0x0000000000006ada       0x1c contiki-micaz.a(rpl-dag.o)
                0x0000000000006ada                rpl_get_instance
 .text.rpl_repair_root
                0x0000000000006af6       0x52 contiki-micaz.a(rpl-dag.o)
                0x0000000000006af6                rpl_repair_root
 .text.rpl_alloc_dag
                0x0000000000006b48       0x5c contiki-micaz.a(rpl-dag.o)
                0x0000000000006b48                rpl_alloc_dag
 .text.rpl_find_of
                0x0000000000006ba4       0x1a contiki-micaz.a(rpl-dag.o)
                0x0000000000006ba4                rpl_find_of
 .text.rpl_join_instance
                0x0000000000006bbe      0x1e4 contiki-micaz.a(rpl-dag.o)
                0x0000000000006bbe                rpl_join_instance
 .text.rpl_local_repair
                0x0000000000006da2       0xb0 contiki-micaz.a(rpl-dag.o)
                0x0000000000006da2                rpl_local_repair
 .text.rpl_process_parent_event
                0x0000000000006e52       0xba contiki-micaz.a(rpl-dag.o)
                0x0000000000006e52                rpl_process_parent_event
 .text.rpl_add_dag
                0x0000000000006f0c      0x178 contiki-micaz.a(rpl-dag.o)
                0x0000000000006f0c                rpl_add_dag
 .text.rpl_recalculate_ranks
                0x0000000000007084       0x50 contiki-micaz.a(rpl-dag.o)
                0x0000000000007084                rpl_recalculate_ranks
 .text.rpl_process_dio
                0x00000000000070d4      0x4da contiki-micaz.a(rpl-dag.o)
                0x00000000000070d4                rpl_process_dio
 .text.rpl_lock_parent
                0x00000000000075ae        0xe contiki-micaz.a(rpl-dag.o)
                0x00000000000075ae                rpl_lock_parent
 .text.rpl_verify_header
                0x00000000000075bc       0xbe contiki-micaz.a(rpl-ext-header.)
                0x00000000000075bc                rpl_verify_header
 .text.rpl_update_header_empty
                0x000000000000767a      0x166 contiki-micaz.a(rpl-ext-header.)
                0x000000000000767a                rpl_update_header_empty
 .text.rpl_update_header_final
                0x00000000000077e0       0xd2 contiki-micaz.a(rpl-ext-header.)
                0x00000000000077e0                rpl_update_header_final
 .text.rpl_invert_header
                0x00000000000078b2       0x8c contiki-micaz.a(rpl-ext-header.)
                0x00000000000078b2                rpl_invert_header
 .text.rpl_insert_header
                0x000000000000793e       0x1a contiki-micaz.a(rpl-ext-header.)
                0x000000000000793e                rpl_insert_header
 .text.get32    0x0000000000007958       0x2a contiki-micaz.a(rpl-icmp6.o)
 .text.set32    0x0000000000007982       0x10 contiki-micaz.a(rpl-icmp6.o)
 .text.get16    0x0000000000007992       0x16 contiki-micaz.a(rpl-icmp6.o)
 .text.set16    0x00000000000079a8        0xc contiki-micaz.a(rpl-icmp6.o)
 .text.dao_ack_input
                0x00000000000079b4        0xa contiki-micaz.a(rpl-icmp6.o)
 .text.dio_input
                0x00000000000079be      0x35a contiki-micaz.a(rpl-icmp6.o)
 .text.dis_output
                0x0000000000007d18       0x74 contiki-micaz.a(rpl-icmp6.o)
                0x0000000000007d18                dis_output
 .text.dio_output
                0x0000000000007d8c      0x324 contiki-micaz.a(rpl-icmp6.o)
                0x0000000000007d8c                dio_output
 .text.dis_input
                0x00000000000080b0       0x30 contiki-micaz.a(rpl-icmp6.o)
 .text.dao_output_target
                0x00000000000080e0       0xf2 contiki-micaz.a(rpl-icmp6.o)
                0x00000000000080e0                dao_output_target
 .text.dao_output
                0x00000000000081d2       0x7e contiki-micaz.a(rpl-icmp6.o)
                0x00000000000081d2                dao_output
 .text.dao_ack_output
                0x0000000000008250       0x36 contiki-micaz.a(rpl-icmp6.o)
                0x0000000000008250                dao_ack_output
 .text.dao_input
                0x0000000000008286      0x358 contiki-micaz.a(rpl-icmp6.o)
 .text.rpl_icmp6_register_handlers
                0x00000000000085de       0x20 contiki-micaz.a(rpl-icmp6.o)
                0x00000000000085de                rpl_icmp6_register_handlers
 .text.reset    0x00000000000085fe        0x2 contiki-micaz.a(rpl-mrhof.o)
 .text.update_metric_container
                0x0000000000008600        0x6 contiki-micaz.a(rpl-mrhof.o)
 .text.calculate_rank
                0x0000000000008606       0x54 contiki-micaz.a(rpl-mrhof.o)
 .text.neighbor_link_callback
                0x000000000000865a       0x96 contiki-micaz.a(rpl-mrhof.o)
 .text.best_dag
                0x00000000000086f0       0x42 contiki-micaz.a(rpl-mrhof.o)
 .text.best_parent
                0x0000000000008732       0xa2 contiki-micaz.a(rpl-mrhof.o)
 .text.new_dio_interval
                0x00000000000087d4       0xa0 contiki-micaz.a(rpl-timers.o)
 .text.handle_periodic_timer
                0x0000000000008874       0x46 contiki-micaz.a(rpl-timers.o)
 .text.set_dao_lifetime_timer
                0x00000000000088ba       0x5a contiki-micaz.a(rpl-timers.o)
 .text.handle_dio_timer
                0x0000000000008914       0xb4 contiki-micaz.a(rpl-timers.o)
 .text.schedule_dao
                0x00000000000089c8       0x82 contiki-micaz.a(rpl-timers.o)
 .text.handle_dao_timer
                0x0000000000008a4a       0x7e contiki-micaz.a(rpl-timers.o)
 .text.rpl_reset_periodic_timer
                0x0000000000008ac8       0x3a contiki-micaz.a(rpl-timers.o)
                0x0000000000008ac8                rpl_reset_periodic_timer
 .text.rpl_reset_dio_timer
                0x0000000000008b02       0x20 contiki-micaz.a(rpl-timers.o)
                0x0000000000008b02                rpl_reset_dio_timer
 .text.rpl_schedule_dao
                0x0000000000008b22        0x8 contiki-micaz.a(rpl-timers.o)
                0x0000000000008b22                rpl_schedule_dao
 .text.rpl_schedule_probing
                0x0000000000008b2a       0x2a contiki-micaz.a(rpl-timers.o)
                0x0000000000008b2a                rpl_schedule_probing
 .text.handle_probing_timer
                0x0000000000008b54      0x180 contiki-micaz.a(rpl-timers.o)
 .text.linkaddr_copy
                0x0000000000008cd4       0x10 contiki-micaz.a(linkaddr.o)
                0x0000000000008cd4                linkaddr_copy
 .text.linkaddr_cmp
                0x0000000000008ce4       0x18 contiki-micaz.a(linkaddr.o)
                0x0000000000008ce4                linkaddr_cmp
 .text.linkaddr_set_node_addr
                0x0000000000008cfc        0xa contiki-micaz.a(linkaddr.o)
                0x0000000000008cfc                linkaddr_set_node_addr
 .text.item_from_index
                0x0000000000008d06       0x30 contiki-micaz.a(nbr-table.o)
 .text.index_from_key
                0x0000000000008d36       0x30 contiki-micaz.a(nbr-table.o)
 .text.index_from_item
                0x0000000000008d66       0x2a contiki-micaz.a(nbr-table.o)
 .text.nbr_set_bit
                0x0000000000008d90       0x66 contiki-micaz.a(nbr-table.o)
 .text.index_from_lladdr
                0x0000000000008df6       0x5a contiki-micaz.a(nbr-table.o)
 .text.nbr_get_bit.constprop.0
                0x0000000000008e50       0x3c contiki-micaz.a(nbr-table.o)
 .text.nbr_table_register
                0x0000000000008e8c       0x40 contiki-micaz.a(nbr-table.o)
                0x0000000000008e8c                nbr_table_register
 .text.nbr_table_next
                0x0000000000008ecc       0x74 contiki-micaz.a(nbr-table.o)
                0x0000000000008ecc                nbr_table_next
 .text.nbr_table_head
                0x0000000000008f40       0x48 contiki-micaz.a(nbr-table.o)
                0x0000000000008f40                nbr_table_head
 .text.nbr_table_add_lladdr
                0x0000000000008f88      0x1a0 contiki-micaz.a(nbr-table.o)
                0x0000000000008f88                nbr_table_add_lladdr
 .text.nbr_table_get_from_lladdr
                0x0000000000009128       0x3e contiki-micaz.a(nbr-table.o)
                0x0000000000009128                nbr_table_get_from_lladdr
 .text.nbr_table_remove
                0x0000000000009166       0x42 contiki-micaz.a(nbr-table.o)
                0x0000000000009166                nbr_table_remove
 .text.nbr_table_lock
                0x00000000000091a8       0x10 contiki-micaz.a(nbr-table.o)
                0x00000000000091a8                nbr_table_lock
 .text.nbr_table_unlock
                0x00000000000091b8       0x10 contiki-micaz.a(nbr-table.o)
                0x00000000000091b8                nbr_table_unlock
 .text.nbr_table_get_lladdr
                0x00000000000091c8       0x32 contiki-micaz.a(nbr-table.o)
                0x00000000000091c8                nbr_table_get_lladdr
 .text.packetbuf_compact
                0x00000000000091fa       0x3e contiki-micaz.a(packetbuf.o)
                0x00000000000091fa                packetbuf_compact
 .text.packetbuf_copyto
                0x0000000000009238       0x7a contiki-micaz.a(packetbuf.o)
                0x0000000000009238                packetbuf_copyto
 .text.packetbuf_hdrreduce
                0x00000000000092b2       0x3a contiki-micaz.a(packetbuf.o)
                0x00000000000092b2                packetbuf_hdrreduce
 .text.packetbuf_set_datalen
                0x00000000000092ec        0xa contiki-micaz.a(packetbuf.o)
                0x00000000000092ec                packetbuf_set_datalen
 .text.packetbuf_dataptr
                0x00000000000092f6        0xe contiki-micaz.a(packetbuf.o)
                0x00000000000092f6                packetbuf_dataptr
 .text.packetbuf_hdrptr
                0x0000000000009304        0xc contiki-micaz.a(packetbuf.o)
                0x0000000000009304                packetbuf_hdrptr
 .text.packetbuf_datalen
                0x0000000000009310        0xa contiki-micaz.a(packetbuf.o)
                0x0000000000009310                packetbuf_datalen
 .text.packetbuf_hdrlen
                0x000000000000931a       0x10 contiki-micaz.a(packetbuf.o)
                0x000000000000931a                packetbuf_hdrlen
 .text.packetbuf_totlen
                0x000000000000932a       0x16 contiki-micaz.a(packetbuf.o)
                0x000000000000932a                packetbuf_totlen
 .text.packetbuf_hdralloc
                0x0000000000009340       0x3c contiki-micaz.a(packetbuf.o)
                0x0000000000009340                packetbuf_hdralloc
 .text.packetbuf_attr_clear
                0x000000000000937c       0x2a contiki-micaz.a(packetbuf.o)
                0x000000000000937c                packetbuf_attr_clear
 .text.packetbuf_clear
                0x00000000000093a6       0x26 contiki-micaz.a(packetbuf.o)
                0x00000000000093a6                packetbuf_clear
 .text.packetbuf_copyfrom
                0x00000000000093cc       0x48 contiki-micaz.a(packetbuf.o)
                0x00000000000093cc                packetbuf_copyfrom
 .text.packetbuf_attr_copyto
                0x0000000000009414       0x22 contiki-micaz.a(packetbuf.o)
                0x0000000000009414                packetbuf_attr_copyto
 .text.packetbuf_attr_copyfrom
                0x0000000000009436       0x22 contiki-micaz.a(packetbuf.o)
                0x0000000000009436                packetbuf_attr_copyfrom
 .text.packetbuf_holds_broadcast
                0x0000000000009458        0xc contiki-micaz.a(packetbuf.o)
                0x0000000000009458                packetbuf_holds_broadcast
 .text.queuebuf_init
                0x0000000000009464       0x10 contiki-micaz.a(queuebuf.o)
                0x0000000000009464                queuebuf_init
 .text.queuebuf_numfree
                0x0000000000009474        0x8 contiki-micaz.a(queuebuf.o)
                0x0000000000009474                queuebuf_numfree
 .text.queuebuf_new_from_packetbuf
                0x000000000000947c       0x76 contiki-micaz.a(queuebuf.o)
                0x000000000000947c                queuebuf_new_from_packetbuf
 .text.queuebuf_free
                0x00000000000094f2       0x34 contiki-micaz.a(queuebuf.o)
                0x00000000000094f2                queuebuf_free
 .text.queuebuf_to_packetbuf
                0x0000000000009526       0x44 contiki-micaz.a(queuebuf.o)
                0x0000000000009526                queuebuf_to_packetbuf
 .text.parse    0x000000000000956a       0xd6 contiki-micaz.a(framer-802154.o)
 .text.create_frame.isra.0
                0x0000000000009640      0x13e contiki-micaz.a(framer-802154.o)
 .text.create   0x000000000000977e        0x8 contiki-micaz.a(framer-802154.o)
 .text.hdr_length
                0x0000000000009786        0x8 contiki-micaz.a(framer-802154.o)
 .text.framer_canonical_create_and_secure
                0x000000000000978e       0x34 contiki-micaz.a(framer.o)
                0x000000000000978e                framer_canonical_create_and_secure
 .text.send_packet
                0x00000000000097c2        0xa contiki-micaz.a(nullmac.o)
 .text.packet_input
                0x00000000000097cc        0xa contiki-micaz.a(nullmac.o)
 .text.on       0x00000000000097d6        0xa contiki-micaz.a(nullmac.o)
 .text.off      0x00000000000097e0        0xa contiki-micaz.a(nullmac.o)
 .text.channel_check_interval
                0x00000000000097ea        0x6 contiki-micaz.a(nullmac.o)
 .text.init     0x00000000000097f0        0x2 contiki-micaz.a(nullmac.o)
 .text.on       0x00000000000097f2        0xa contiki-micaz.a(sicslowmac.o)
 .text.channel_check_interval
                0x00000000000097fc        0x6 contiki-micaz.a(sicslowmac.o)
 .text.send_packet
                0x0000000000009802      0x118 contiki-micaz.a(sicslowmac.o)
 .text.send_list
                0x000000000000991a       0x36 contiki-micaz.a(sicslowmac.o)
                0x000000000000991a                send_list
 .text.input_packet
                0x0000000000009950       0xd2 contiki-micaz.a(sicslowmac.o)
 .text.init     0x0000000000009a22       0x12 contiki-micaz.a(sicslowmac.o)
 .text.off      0x0000000000009a34       0x18 contiki-micaz.a(sicslowmac.o)
 .text.bootstrap
                0x0000000000009a4c        0x4 contiki-micaz.a(nullsec.o)
 .text.send     0x0000000000009a50       0x16 contiki-micaz.a(nullsec.o)
 .text.on_frame_created
                0x0000000000009a66        0x6 contiki-micaz.a(nullsec.o)
 .text.input    0x0000000000009a6c        0xa contiki-micaz.a(nullsec.o)
 .text.get_overhead
                0x0000000000009a76        0x4 contiki-micaz.a(nullsec.o)
 .text.__vector_18
                0x0000000000009a7a       0x5c contiki-micaz.a(rs232.o)
                0x0000000000009a7a                __vector_18
 .text.__vector_30
                0x0000000000009ad6       0x5e contiki-micaz.a(rs232.o)
                0x0000000000009ad6                __vector_30
 .text.rs232_init
                0x0000000000009b34       0x3c contiki-micaz.a(rs232.o)
                0x0000000000009b34                rs232_init
 .text.rs232_send
                0x0000000000009b70       0x1e contiki-micaz.a(rs232.o)
                0x0000000000009b70                rs232_send
 .text.rs232_stdout_putchar
                0x0000000000009b8e       0x2a contiki-micaz.a(rs232.o)
                0x0000000000009b8e                rs232_stdout_putchar
 .text.rs232_redirect_stdout
                0x0000000000009bb8       0x12 contiki-micaz.a(rs232.o)
                0x0000000000009bb8                rs232_redirect_stdout
 .text.leds_arch_init
                0x0000000000009bca        0xe contiki-micaz.a(leds-arch.o)
                0x0000000000009bca                leds_arch_init
 .text.leds_arch_set
                0x0000000000009bd8       0x2a contiki-micaz.a(leds-arch.o)
                0x0000000000009bd8                leds_arch_set
 .text.set_object
                0x0000000000009c02        0x6 contiki-micaz.a(cc2420.o)
 .text.strobe   0x0000000000009c08        0xc contiki-micaz.a(cc2420.o)
 .text.getreg   0x0000000000009c14       0x28 contiki-micaz.a(cc2420.o)
 .text.setreg   0x0000000000009c3c       0x1e contiki-micaz.a(cc2420.o)
 .text.write_ram
                0x0000000000009c5a       0x56 contiki-micaz.a(cc2420.o)
 .text.write_fifo_buf
                0x0000000000009cb0       0x2e contiki-micaz.a(cc2420.o)
 .text.get_status
                0x0000000000009cde        0xe contiki-micaz.a(cc2420.o)
 .text.wait_for_status
                0x0000000000009cec       0x34 contiki-micaz.a(cc2420.o)
 .text.wait_for_transmission
                0x0000000000009d20       0x2e contiki-micaz.a(cc2420.o)
 .text.on       0x0000000000009d4e       0x16 contiki-micaz.a(cc2420.o)
 .text.set_txpower
                0x0000000000009d64       0x1e contiki-micaz.a(cc2420.o)
 .text.cc2420_receiving_packet
                0x0000000000009d82        0xa contiki-micaz.a(cc2420.o)
 .text.pending_packet
                0x0000000000009d8c        0xc contiki-micaz.a(cc2420.o)
 .text.getrxdata
                0x0000000000009d98       0x3a contiki-micaz.a(cc2420.o)
 .text.flushrx  0x0000000000009dd2       0x2e contiki-micaz.a(cc2420.o)
 .text.off      0x0000000000009e00       0x1e contiki-micaz.a(cc2420.o)
 .text.RELEASE_LOCK
                0x0000000000009e1e       0x34 contiki-micaz.a(cc2420.o)
 .text.cc2420_prepare
                0x0000000000009e52       0x5e contiki-micaz.a(cc2420.o)
 .text.cc2420_read
                0x0000000000009eb0       0xce contiki-micaz.a(cc2420.o)
 .text.process_thread_cc2420_process
                0x0000000000009f7e       0x5e contiki-micaz.a(cc2420.o)
 .text.cc2420_on
                0x0000000000009fdc       0x2c contiki-micaz.a(cc2420.o)
                0x0000000000009fdc                cc2420_on
 .text.cc2420_off
                0x000000000000a008       0x3e contiki-micaz.a(cc2420.o)
                0x000000000000a008                cc2420_off
 .text.cc2420_cca
                0x000000000000a046       0x68 contiki-micaz.a(cc2420.o)
 .text.get_object
                0x000000000000a0ae        0x6 contiki-micaz.a(cc2420.o)
 .text.cc2420_set_channel
                0x000000000000a0b4       0x54 contiki-micaz.a(cc2420.o)
                0x000000000000a0b4                cc2420_set_channel
 .text.cc2420_set_pan_addr
                0x000000000000a108       0x7a contiki-micaz.a(cc2420.o)
                0x000000000000a108                cc2420_set_pan_addr
 .text.cc2420_interrupt
                0x000000000000a182       0x22 contiki-micaz.a(cc2420.o)
                0x000000000000a182                cc2420_interrupt
 .text.cc2420_set_txpower
                0x000000000000a1a4       0x12 contiki-micaz.a(cc2420.o)
                0x000000000000a1a4                cc2420_set_txpower
 .text.cc2420_get_txpower
                0x000000000000a1b6       0x28 contiki-micaz.a(cc2420.o)
                0x000000000000a1b6                cc2420_get_txpower
 .text.cc2420_transmit
                0x000000000000a1de       0xac contiki-micaz.a(cc2420.o)
 .text.cc2420_send
                0x000000000000a28a       0x14 contiki-micaz.a(cc2420.o)
 .text.cc2420_rssi
                0x000000000000a29e       0x60 contiki-micaz.a(cc2420.o)
                0x000000000000a29e                cc2420_rssi
 .text.get_value
                0x000000000000a2fe       0xd8 contiki-micaz.a(cc2420.o)
 .text.cc2420_set_cca_threshold
                0x000000000000a3d6       0x1a contiki-micaz.a(cc2420.o)
                0x000000000000a3d6                cc2420_set_cca_threshold
 .text.set_value
                0x000000000000a3f0       0x8e contiki-micaz.a(cc2420.o)
 .text.cc2420_init
                0x000000000000a47e       0xda contiki-micaz.a(cc2420.o)
                0x000000000000a47e                cc2420_init
 .text.cc2420_arch_init
                0x000000000000a558       0x1e contiki-micaz.a(cc2420-arch.o)
                0x000000000000a558                cc2420_arch_init
 .text.__vector_7
                0x000000000000a576       0x50 contiki-micaz.a(cc2420-arch.o)
                0x000000000000a576                __vector_7
 .text.__vector_26
                0x000000000000a5c6       0x5a contiki-micaz.a(rtimer-arch.o)
                0x000000000000a5c6                __vector_26
 .text.rtimer_arch_init
                0x000000000000a620       0x38 contiki-micaz.a(rtimer-arch.o)
                0x000000000000a620                rtimer_arch_init
 .text.rtimer_arch_schedule
                0x000000000000a658       0x26 contiki-micaz.a(rtimer-arch.o)
                0x000000000000a658                rtimer_arch_schedule
 .text.watchdog_periodic
                0x000000000000a67e        0x4 contiki-micaz.a(watchdog.o)
                0x000000000000a67e                watchdog_periodic
 .text.stimer_set
                0x000000000000a682       0x20 contiki-micaz.a(stimer.o)
                0x000000000000a682                stimer_set
 .text.stimer_expired
                0x000000000000a6a2       0x60 contiki-micaz.a(stimer.o)
                0x000000000000a6a2                stimer_expired
 .text.stimer_remaining
                0x000000000000a702       0x40 contiki-micaz.a(stimer.o)
                0x000000000000a702                stimer_remaining
 .text.memb_init
                0x000000000000a742       0x3c contiki-micaz.a(memb.o)
                0x000000000000a742                memb_init
 .text.memb_alloc
                0x000000000000a77e       0x4a contiki-micaz.a(memb.o)
                0x000000000000a77e                memb_alloc
 .text.memb_free
                0x000000000000a7c8       0x4c contiki-micaz.a(memb.o)
                0x000000000000a7c8                memb_free
 .text.memb_inmemb
                0x000000000000a814       0x3a contiki-micaz.a(memb.o)
                0x000000000000a814                memb_inmemb
 .text.memb_numfree
                0x000000000000a84e       0x34 contiki-micaz.a(memb.o)
                0x000000000000a84e                memb_numfree
 .text.field_len
                0x000000000000a882       0x86 contiki-micaz.a(frame802154.o)
 .text.frame802154_hdrlen
                0x000000000000a908       0x46 contiki-micaz.a(frame802154.o)
                0x000000000000a908                frame802154_hdrlen
 .text.frame802154_create
                0x000000000000a94e      0x198 contiki-micaz.a(frame802154.o)
                0x000000000000a94e                frame802154_create
 .text.frame802154_parse
                0x000000000000aae6      0x18e contiki-micaz.a(frame802154.o)
                0x000000000000aae6                frame802154_parse
 .text.spi_init
                0x000000000000ac74       0x16 contiki-micaz.a(spi.o)
                0x000000000000ac74                spi_init
 .text.libgcc.div
                0x000000000000ac8a       0x28 /usr/lib/gcc/avr/5.4.0/avr51/libgcc.a(_udivmodhi4.o)
                0x000000000000ac8a                __udivmodhi4
 .text.libgcc.div
                0x000000000000acb2       0x28 /usr/lib/gcc/avr/5.4.0/avr51/libgcc.a(_divmodhi4.o)
                0x000000000000acb2                __divmodhi4
                0x000000000000acb2                _div
 .text.libgcc.div
                0x000000000000acda       0x44 /usr/lib/gcc/avr/5.4.0/avr51/libgcc.a(_udivmodsi4.o)
                0x000000000000acda                __udivmodsi4
 .text.libgcc   0x000000000000ad1e       0x12 /usr/lib/gcc/avr/5.4.0/avr51/libgcc.a(_tablejump2.o)
                0x000000000000ad1e                __tablejump2__
 .text.libgcc.builtins
                0x000000000000ad30        0xe /usr/lib/gcc/avr/5.4.0/avr51/libgcc.a(_bswapsi2.o)
                0x000000000000ad30                __bswapsi2
 .text.libgcc.mul
                0x000000000000ad3e       0x1e /usr/lib/gcc/avr/5.4.0/avr51/libgcc.a(_umulhisi3.o)
                0x000000000000ad3e                __umulhisi3
 .text.avr-libc
                0x000000000000ad5c       0xb4 /usr/lib/gcc/avr/5.4.0/../../../avr/lib/avr51/libc.a(rand.o)
                0x000000000000adee                rand_r
                0x000000000000adf2                rand
                0x000000000000adfa                srand
 .text.avr-libc
                0x000000000000ae10       0x1a /usr/lib/gcc/avr/5.4.0/../../../avr/lib/avr51/libc.a(memcmp.o)
                0x000000000000ae10                memcmp
 .text.avr-libc
                0x000000000000ae2a       0x12 /usr/lib/gcc/avr/5.4.0/../../../avr/lib/avr51/libc.a(memcpy.o)
                0x000000000000ae2a                memcpy
 .text.avr-libc
                0x000000000000ae3c       0x24 /usr/lib/gcc/avr/5.4.0/../../../avr/lib/avr51/libc.a(memmove.o)
                0x000000000000ae3c                memmove
 .text.avr-libc
                0x000000000000ae60        0xe /usr/lib/gcc/avr/5.4.0/../../../avr/lib/avr51/libc.a(memset.o)
                0x000000000000ae60                memset
 .text.avr-libc
                0x000000000000ae6e       0x50 /usr/lib/gcc/avr/5.4.0/../../../avr/lib/avr51/libc.a(printf_p.o)
                0x000000000000ae6e                printf_P
 .text.avr-libc
                0x000000000000aebe       0x60 /usr/lib/gcc/avr/5.4.0/../../../avr/lib/avr51/libc.a(puts.o)
                0x000000000000aebe                puts
 .text.avr-libc
                0x000000000000af1e      0x414 /usr/lib/gcc/avr/5.4.0/../../../avr/lib/avr51/libc.a(vfprintf_std.o)
                0x000000000000af1e                vfprintf
 .text.avr-libc
                0x000000000000b332       0x16 /usr/lib/gcc/avr/5.4.0/../../../avr/lib/avr51/libc.a(strnlen_P.o)
                0x000000000000b332                strnlen_P
 .text.avr-libc
                0x000000000000b348       0x16 /usr/lib/gcc/avr/5.4.0/../../../avr/lib/avr51/libc.a(strnlen.o)
                0x000000000000b348                strnlen
 .text.avr-libc
                0x000000000000b35e       0x78 /usr/lib/gcc/avr/5.4.0/../../../avr/lib/avr51/libc.a(fputc.o)
                0x000000000000b35e                fputc
 .text.avr-libc
                0x000000000000b3d6       0xbc /usr/lib/gcc/avr/5.4.0/../../../avr/lib/avr51/libc.a(ultoa_invert.o)
                0x000000000000b3d6                __ultoa_invert
 .text.avr-libc
                0x000000000000b492       0x20 /usr/lib/gcc/avr/5.4.0/../../../avr/lib/avr51/libatmega128.a(eerd_block.o)
                0x000000000000b492                eeprom_read_block
                0x000000000000b496                eeprom_read_blraw
 .text.libgcc.div
                0x000000000000b4b2       0x2e /usr/lib/gcc/avr/5.4.0/avr51/libgcc.a(_divmodsi4.o)
                0x000000000000b4b2                __divmodsi4
 .text.libgcc.div
                0x000000000000b4e0       0x10 /usr/lib/gcc/avr/5.4.0/avr51/libgcc.a(_negsi2.o)
                0x000000000000b4e0                __negsi2
 .text.libgcc.mul
                0x000000000000b4f0       0x16 /usr/lib/gcc/avr/5.4.0/avr51/libgcc.a(_muluhisi3.o)
                0x000000000000b4f0                __muluhisi3
 .text.libgcc.mul
                0x000000000000b506       0x10 /usr/lib/gcc/avr/5.4.0/avr51/libgcc.a(_mulshisi3.o)
                0x000000000000b506                __mulshisi3
                0x000000000000b50c                __mulohisi3
                0x000000000000b516                . = ALIGN (0x2)
 *(.fini9)
 .fini9         0x000000000000b516        0x0 /usr/lib/gcc/avr/5.4.0/avr51/libgcc.a(_exit.o)
                0x000000000000b516                exit
                0x000000000000b516                _exit
 *(.fini9)
 *(.fini8)
 *(.fini8)
 *(.fini7)
 *(.fini7)
 *(.fini6)
 *(.fini6)
 *(.fini5)
 *(.fini5)
 *(.fini4)
 *(.fini4)
 *(.fini3)
 *(.fini3)
 *(.fini2)
 *(.fini2)
 *(.fini1)
 *(.fini1)
 *(.fini0)
 .fini0         0x000000000000b516        0x4 /usr/lib/gcc/avr/5.4.0/avr51/libgcc.a(_exit.o)
 *(.fini0)
                0x000000000000b51a                _etext = .

.data           0x0000000000800100      0x1f0 load address 0x000000000000b51a
                0x0000000000800100                PROVIDE (__data_start, .)
 *(.data)
 .data          0x0000000000800100        0x4 /usr/lib/gcc/avr/5.4.0/../../../avr/lib/avr51/libc.a(rand.o)
 *(.data*)
 .data.hello_world_process
                0x0000000000800104        0x8 hello-world.co
                0x0000000000800104                hello_world_process
 .data.ctimer_process
                0x000000000080010c        0x8 contiki-micaz.a(ctimer.o)
                0x000000000080010c                ctimer_process
 .data.etimer_process
                0x0000000000800114        0x8 contiki-micaz.a(etimer.o)
                0x0000000000800114                etimer_process
 .data.ds6_neighbors
                0x000000000080011c        0x2 contiki-micaz.a(uip-ds6-nbr.o)
                0x000000000080011c                ds6_neighbors
 .data.ds6_neighbors_struct
                0x000000000080011e        0x8 contiki-micaz.a(uip-ds6-nbr.o)
 .data.defaultroutermemb
                0x0000000000800126        0x8 contiki-micaz.a(uip-ds6-route.o)
 .data.routememb
                0x000000000080012e        0x8 contiki-micaz.a(uip-ds6-route.o)
 .data.neighborroutememb
                0x0000000000800136        0x8 contiki-micaz.a(uip-ds6-route.o)
 .data.nbr_routes_struct
                0x000000000080013e        0x8 contiki-micaz.a(uip-ds6-route.o)
 .data.echo_reply_handler
                0x0000000000800146        0x6 contiki-micaz.a(uip-icmp6.o)
 .data.echo_request_handler
                0x000000000080014c        0x6 contiki-micaz.a(uip-icmp6.o)
 .data.ra_input_handler
                0x0000000000800152        0x6 contiki-micaz.a(uip-nd6.o)
 .data.na_input_handler
                0x0000000000800158        0x6 contiki-micaz.a(uip-nd6.o)
 .data.ns_input_handler
                0x000000000080015e        0x6 contiki-micaz.a(uip-nd6.o)
 .data.tcpip_process
                0x0000000000800164        0x8 contiki-micaz.a(tcpip.o)
                0x0000000000800164                tcpip_process
 .data.rpl_parents
                0x000000000080016c        0x2 contiki-micaz.a(rpl-dag.o)
                0x000000000080016c                rpl_parents
 .data.rpl_parents_struct
                0x000000000080016e        0x8 contiki-micaz.a(rpl-dag.o)
 .data.dao_ack_handler
                0x0000000000800176        0x6 contiki-micaz.a(rpl-icmp6.o)
 .data.dao_handler
                0x000000000080017c        0x6 contiki-micaz.a(rpl-icmp6.o)
 .data.dio_handler
                0x0000000000800182        0x6 contiki-micaz.a(rpl-icmp6.o)
 .data.dis_handler
                0x0000000000800188        0x6 contiki-micaz.a(rpl-icmp6.o)
 .data.dao_sequence
                0x000000000080018e        0x1 contiki-micaz.a(rpl-icmp6.o)
 .data.rpl_mrhof
                0x000000000080018f        0xe contiki-micaz.a(rpl-mrhof.o)
                0x000000000080018f                rpl_mrhof
 .data.neighbor_addr_mem
                0x000000000080019d        0x8 contiki-micaz.a(nbr-table.o)
 .data.buframmem
                0x00000000008001a5        0x8 contiki-micaz.a(queuebuf.o)
 .data.bufmem   0x00000000008001ad        0x8 contiki-micaz.a(queuebuf.o)
 .data.rs232_stdout
                0x00000000008001b5        0xe contiki-micaz.a(rs232.o)
 .data.cc2420_process
                0x00000000008001c3        0x8 contiki-micaz.a(cc2420.o)
                0x00000000008001c3                cc2420_process
 *(.gnu.linkonce.d*)
 *(.rodata)
 *(.rodata*)
 .rodata.str1.1
                0x00000000008001cb        0xd hello-world.co
 .rodata.autostart_processes
                0x00000000008001d8        0x4 hello-world.co
                0x00000000008001d8                autostart_processes
 .rodata.str1.1
                0x00000000008001dc        0xb contiki-micaz.a(sicslowpan.o)
 .rodata.sicslowpan_driver
                0x00000000008001e7        0x6 contiki-micaz.a(sicslowpan.o)
                0x00000000008001e7                sicslowpan_driver
 .rodata.ttl_values
                0x00000000008001ed        0x4 contiki-micaz.a(sicslowpan.o)
 .rodata.llprefix
                0x00000000008001f1        0x2 contiki-micaz.a(sicslowpan.o)
                0x00000000008001f1                llprefix
 .rodata.unc_mxconf
                0x00000000008001f3        0x4 contiki-micaz.a(sicslowpan.o)
                0x00000000008001f3                unc_mxconf
 .rodata.unc_ctxconf
                0x00000000008001f7        0x4 contiki-micaz.a(sicslowpan.o)
                0x00000000008001f7                unc_ctxconf
 .rodata.unc_llconf
                0x00000000008001fb        0x4 contiki-micaz.a(sicslowpan.o)
                0x00000000008001fb                unc_llconf
 .rodata.linkaddr_null
                0x00000000008001ff        0x8 contiki-micaz.a(linkaddr.o)
                0x00000000008001ff                linkaddr_null
 .rodata.str1.1
                0x0000000000800207       0x70 contiki-micaz.a(queuebuf.o)
 .rodata.framer_802154
                0x0000000000800277        0x8 contiki-micaz.a(framer-802154.o)
                0x0000000000800277                framer_802154
 .rodata.str1.1
                0x000000000080027f        0x8 contiki-micaz.a(nullmac.o)
 .rodata.nullmac_driver
                0x0000000000800287        0xe contiki-micaz.a(nullmac.o)
                0x0000000000800287                nullmac_driver
 .rodata.str1.1
                0x0000000000800295        0xb contiki-micaz.a(sicslowmac.o)
 .rodata.sicslowmac_driver
                0x00000000008002a0       0x10 contiki-micaz.a(sicslowmac.o)
                0x00000000008002a0                sicslowmac_driver
 .rodata.str1.1
                0x00000000008002b0        0x8 contiki-micaz.a(nullsec.o)
 .rodata.nullsec_driver
                0x00000000008002b8        0xc contiki-micaz.a(nullsec.o)
                0x00000000008002b8                nullsec_driver
 .rodata.cc2420_driver
                0x00000000008002c4       0x1c contiki-micaz.a(cc2420.o)
                0x00000000008002c4                cc2420_driver
 .rodata.output_power
                0x00000000008002e0       0x10 contiki-micaz.a(cc2420.o)
 *(.gnu.linkonce.r*)
                0x00000000008002f0                . = ALIGN (0x2)
                0x00000000008002f0                _edata = .
                0x00000000008002f0                PROVIDE (__data_end, .)

.bss            0x00000000008002f0      0xb9e
                0x00000000008002f0                PROVIDE (__bss_start, .)
 *(.bss)
 *(.bss*)
 .bss.node_id   0x00000000008002f0        0x2 contiki-micaz.a(node-id.o)
                0x00000000008002f0                node_id
 .bss.seconds   0x00000000008002f2        0x4 contiki-micaz.a(clock.o)
 .bss.scount    0x00000000008002f6        0x2 contiki-micaz.a(clock.o)
 .bss.count     0x00000000008002f8        0x2 contiki-micaz.a(clock.o)
 .bss.leds      0x00000000008002fa        0x1 contiki-micaz.a(leds.o)
 .bss.initialized
                0x00000000008002fb        0x1 contiki-micaz.a(ctimer.o)
 .bss.ctimer_list_list
                0x00000000008002fc        0x2 contiki-micaz.a(ctimer.o)
 .bss.next_expiration
                0x00000000008002fe        0x2 contiki-micaz.a(etimer.o)
 .bss.timerlist
                0x0000000000800300        0x2 contiki-micaz.a(etimer.o)
 .bss.p.1942    0x0000000000800302        0x2 contiki-micaz.a(process.o)
 .bss.data.1940
                0x0000000000800304        0x2 contiki-micaz.a(process.o)
 .bss.ev.1939   0x0000000000800306        0x1 contiki-micaz.a(process.o)
 .bss.poll_requested
                0x0000000000800307        0x1 contiki-micaz.a(process.o)
 .bss.events    0x0000000000800308       0x28 contiki-micaz.a(process.o)
 .bss.fevent    0x0000000000800330        0x1 contiki-micaz.a(process.o)
 .bss.nevents   0x0000000000800331        0x1 contiki-micaz.a(process.o)
 .bss.lastevent
                0x0000000000800332        0x1 contiki-micaz.a(process.o)
 .bss.process_current
                0x0000000000800333        0x2 contiki-micaz.a(process.o)
                0x0000000000800333                process_current
 .bss.process_list
                0x0000000000800335        0x2 contiki-micaz.a(process.o)
                0x0000000000800335                process_list
 .bss.next_rtimer
                0x0000000000800337        0x2 contiki-micaz.a(rtimer.o)
 .bss.hc06_ptr  0x0000000000800339        0x2 contiki-micaz.a(sicslowpan.o)
 .bss.context   0x000000000080033b        0x2 contiki-micaz.a(sicslowpan.o)
 .bss.addr_contexts
                0x000000000080033d       0x14 contiki-micaz.a(sicslowpan.o)
 .bss.callback  0x0000000000800351        0x2 contiki-micaz.a(sicslowpan.o)
 .bss.last_rssi
                0x0000000000800353        0x2 contiki-micaz.a(sicslowpan.o)
 .bss.reass_timer
                0x0000000000800355        0x4 contiki-micaz.a(sicslowpan.o)
 .bss.reass_tag
                0x0000000000800359        0x2 contiki-micaz.a(sicslowpan.o)
 .bss.my_tag    0x000000000080035b        0x2 contiki-micaz.a(sicslowpan.o)
 .bss.processed_ip_in_len
                0x000000000080035d        0x2 contiki-micaz.a(sicslowpan.o)
 .bss.sicslowpan_aligned_buf
                0x000000000080035f       0xf0 contiki-micaz.a(sicslowpan.o)
 .bss.sicslowpan_len
                0x000000000080044f        0x2 contiki-micaz.a(sicslowpan.o)
 .bss.last_tx_status
                0x0000000000800451        0x2 contiki-micaz.a(sicslowpan.o)
 .bss.uncomp_hdr_len
                0x0000000000800453        0x1 contiki-micaz.a(sicslowpan.o)
 .bss.packetbuf_payload_len
                0x0000000000800454        0x2 contiki-micaz.a(sicslowpan.o)
 .bss.packetbuf_hdr_len
                0x0000000000800456        0x1 contiki-micaz.a(sicslowpan.o)
 .bss.packetbuf_ptr
                0x0000000000800457        0x2 contiki-micaz.a(sicslowpan.o)
 .bss.tmp16     0x0000000000800459        0x2 contiki-micaz.a(uip6.o)
 .bss.iss       0x000000000080045b        0x4 contiki-micaz.a(uip6.o)
 .bss.lastport  0x000000000080045f        0x2 contiki-micaz.a(uip6.o)
 .bss.c         0x0000000000800461        0x1 contiki-micaz.a(uip6.o)
 .bss.i         0x0000000000800462        0x4 contiki-micaz.a(uip6.o)
 .bss.uip_ext_opt_offset
                0x0000000000800466        0x1 contiki-micaz.a(uip6.o)
                0x0000000000800466                uip_ext_opt_offset
 .bss.uip_ext_len
                0x0000000000800467        0x1 contiki-micaz.a(uip6.o)
                0x0000000000800467                uip_ext_len
 .bss.uip_ext_bitmap
                0x0000000000800468        0x1 contiki-micaz.a(uip6.o)
                0x0000000000800468                uip_ext_bitmap
 .bss.locprefix
                0x0000000000800469        0x2 contiki-micaz.a(uip-ds6.o)
 .bss.locmaddr  0x000000000080046b        0x2 contiki-micaz.a(uip-ds6.o)
 .bss.locaddr   0x000000000080046d        0x2 contiki-micaz.a(uip-ds6.o)
 .bss.loc_fipaddr
                0x000000000080046f       0x10 contiki-micaz.a(uip-ds6.o)
 .bss.rscount   0x000000000080047f        0x1 contiki-micaz.a(uip-ds6.o)
 .bss._ds6_neighbors_mem
                0x0000000000800480       0xb9 contiki-micaz.a(uip-ds6-nbr.o)
 .bss.num_routes
                0x0000000000800539        0x2 contiki-micaz.a(uip-ds6-route.o)
 .bss.notificationlist_list
                0x000000000080053b        0x2 contiki-micaz.a(uip-ds6-route.o)
 .bss.defaultroutermemb_memb_mem
                0x000000000080053d       0x36 contiki-micaz.a(uip-ds6-route.o)
 .bss.defaultroutermemb_memb_count
                0x0000000000800573        0x2 contiki-micaz.a(uip-ds6-route.o)
 .bss.defaultrouterlist_list
                0x0000000000800575        0x2 contiki-micaz.a(uip-ds6-route.o)
 .bss.routememb_memb_mem
                0x0000000000800577       0x91 contiki-micaz.a(uip-ds6-route.o)
 .bss.routememb_memb_count
                0x0000000000800608        0x5 contiki-micaz.a(uip-ds6-route.o)
 .bss.routelist_list
                0x000000000080060d        0x2 contiki-micaz.a(uip-ds6-route.o)
 .bss.neighborroutememb_memb_mem
                0x000000000080060f       0x14 contiki-micaz.a(uip-ds6-route.o)
 .bss.neighborroutememb_memb_count
                0x0000000000800623        0x5 contiki-micaz.a(uip-ds6-route.o)
 .bss._nbr_routes_mem
                0x0000000000800628       0x14 contiki-micaz.a(uip-ds6-route.o)
 .bss.input_handler_list_list
                0x000000000080063c        0x2 contiki-micaz.a(uip-icmp6.o)
 .bss.echo_reply_callback_list_list
                0x000000000080063e        0x2 contiki-micaz.a(uip-icmp6.o)
 .bss.tmp_ipaddr
                0x0000000000800640       0x10 contiki-micaz.a(uip-icmp6.o)
 .bss.prefix    0x0000000000800650        0x2 contiki-micaz.a(uip-nd6.o)
 .bss.ipaddr    0x0000000000800652       0x10 contiki-micaz.a(uip-nd6.o)
 .bss.nd6_opt_prefix_info
                0x0000000000800662        0x2 contiki-micaz.a(uip-nd6.o)
 .bss.addr      0x0000000000800664        0x2 contiki-micaz.a(uip-nd6.o)
 .bss.defrt     0x0000000000800666        0x2 contiki-micaz.a(uip-nd6.o)
 .bss.nbr       0x0000000000800668        0x2 contiki-micaz.a(uip-nd6.o)
 .bss.nd6_opt_llao
                0x000000000080066a        0x2 contiki-micaz.a(uip-nd6.o)
 .bss.nd6_opt_offset
                0x000000000080066c        0x1 contiki-micaz.a(uip-nd6.o)
 .bss.i.4696    0x000000000080066d        0x1 contiki-micaz.a(tcpip.o)
 .bss.i.4652    0x000000000080066e        0x1 contiki-micaz.a(tcpip.o)
 .bss.i.4708    0x000000000080066f        0x1 contiki-micaz.a(tcpip.o)
 .bss.outputfunc
                0x0000000000800670        0x2 contiki-micaz.a(tcpip.o)
 .bss.s         0x0000000000800672       0x22 contiki-micaz.a(tcpip.o)
 .bss.periodic  0x0000000000800694        0x8 contiki-micaz.a(tcpip.o)
 .bss.mode      0x000000000080069c        0x2 contiki-micaz.a(rpl.o)
 .bss._rpl_parents_mem
                0x000000000080069e       0x32 contiki-micaz.a(rpl-dag.o)
 .bss.dio_send_ok
                0x00000000008006d0        0x1 contiki-micaz.a(rpl-timers.o)
 .bss.next_dis  0x00000000008006d1        0x2 contiki-micaz.a(rpl-timers.o)
 .bss.periodic_timer
                0x00000000008006d3       0x10 contiki-micaz.a(rpl-timers.o)
 .bss.nbr_table_keys_list
                0x00000000008006e3        0x2 contiki-micaz.a(nbr-table.o)
 .bss.neighbor_addr_mem_memb_mem
                0x00000000008006e5       0x32 contiki-micaz.a(nbr-table.o)
 .bss.neighbor_addr_mem_memb_count
                0x0000000000800717        0x5 contiki-micaz.a(nbr-table.o)
 .bss.num_tables
                0x000000000080071c        0x2 contiki-micaz.a(nbr-table.o)
 .bss.all_tables
                0x000000000080071e       0x10 contiki-micaz.a(nbr-table.o)
 .bss.locked_map
                0x000000000080072e        0x5 contiki-micaz.a(nbr-table.o)
 .bss.used_map  0x0000000000800733        0x5 contiki-micaz.a(nbr-table.o)
 .bss.packetbufptr
                0x0000000000800738        0x2 contiki-micaz.a(packetbuf.o)
 .bss.packetbuf_aligned
                0x000000000080073a       0xb0 contiki-micaz.a(packetbuf.o)
 .bss.hdrptr    0x00000000008007ea        0x1 contiki-micaz.a(packetbuf.o)
 .bss.bufptr    0x00000000008007eb        0x2 contiki-micaz.a(packetbuf.o)
 .bss.buflen    0x00000000008007ed        0x2 contiki-micaz.a(packetbuf.o)
 .bss.buframmem_memb_mem
                0x00000000008007ef      0x160 contiki-micaz.a(queuebuf.o)
 .bss.buframmem_memb_count
                0x000000000080094f        0x2 contiki-micaz.a(queuebuf.o)
 .bss.bufmem_memb_mem
                0x0000000000800951        0x4 contiki-micaz.a(queuebuf.o)
 .bss.bufmem_memb_count
                0x0000000000800955        0x2 contiki-micaz.a(queuebuf.o)
 .bss.initialized
                0x0000000000800957        0x1 contiki-micaz.a(framer-802154.o)
 .bss.mac_dsn   0x0000000000800958        0x1 contiki-micaz.a(framer-802154.o)
 .bss.mac_dsn   0x0000000000800959        0x1 contiki-micaz.a(sicslowmac.o)
 .bss.stdout_rs232_port
                0x000000000080095a        0x1 contiki-micaz.a(rs232.o)
 .bss.lock_off  0x000000000080095b        0x1 contiki-micaz.a(cc2420.o)
 .bss.lock_on   0x000000000080095c        0x1 contiki-micaz.a(cc2420.o)
 .bss.locked    0x000000000080095d        0x1 contiki-micaz.a(cc2420.o)
 .bss.channel   0x000000000080095e        0x2 contiki-micaz.a(cc2420.o)
 .bss.receive_on
                0x0000000000800960        0x1 contiki-micaz.a(cc2420.o)
 .bss.last_packet_timestamp
                0x0000000000800961        0x2 contiki-micaz.a(cc2420.o)
 *(COMMON)
 COMMON         0x0000000000800963        0x8 contiki-micaz.a(ds2401.o)
                0x0000000000800963                ds2401_id
 COMMON         0x000000000080096b        0x1 contiki-micaz.a(process.o)
                0x000000000080096b                process_maxevents
 COMMON         0x000000000080096c        0x8 contiki-micaz.a(sicslowpan.o)
                0x000000000080096c                frag_sender
 COMMON         0x0000000000800974      0x2f7 contiki-micaz.a(uip6.o)
                0x0000000000800974                uip_len
                0x0000000000800976                uip_sappdata
                0x0000000000800978                uip_acc32
                0x000000000080097c                uip_lladdr
                0x0000000000800984                uip_aligned_buf
                0x0000000000800a74                uip_flags
                0x0000000000800a75                uip_next_hdr
                0x0000000000800a77                uip_udp_conn
                0x0000000000800a79                uip_appdata
                0x0000000000800a7b                uip_conn
                0x0000000000800a7d                uip_conns
                0x0000000000800b2d                uip_listenports
                0x0000000000800b3d                uip_slen
                0x0000000000800b3f                uip_udp_conns
 COMMON         0x0000000000800c6b      0x10d contiki-micaz.a(uip-ds6.o)
                0x0000000000800c6b                uip_ds6_if
                0x0000000000800d15                uip_ds6_netif_addr_list_offset
                0x0000000000800d16                uip_ds6_addr_size
                0x0000000000800d17                uip_ds6_prefix_list
                0x0000000000800d68                uip_ds6_timer_periodic
                0x0000000000800d70                uip_ds6_timer_rs
 COMMON         0x0000000000800d78        0x1 contiki-micaz.a(tcpip.o)
                0x0000000000800d78                tcpip_event
 COMMON         0x0000000000800d79       0xc8 contiki-micaz.a(rpl-dag.o)
                0x0000000000800d79                default_instance
                0x0000000000800d7b                instance_table
 COMMON         0x0000000000800e41        0x8 contiki-micaz.a(linkaddr.o)
                0x0000000000800e41                linkaddr_node_addr
 COMMON         0x0000000000800e49       0x2e contiki-micaz.a(packetbuf.o)
                0x0000000000800e49                packetbuf_addrs
                0x0000000000800e59                packetbuf_attrs
 COMMON         0x0000000000800e77        0x4 contiki-micaz.a(rs232.o)
                0x0000000000800e77                input_handler_1
                0x0000000000800e79                input_handler_0
 COMMON         0x0000000000800e7b        0xd contiki-micaz.a(cc2420.o)
                0x0000000000800e7b                cc2420_last_rssi
                0x0000000000800e7c                cc2420_sfd_start_time
                0x0000000000800e7e                cc2420_time_of_departure
                0x0000000000800e80                cc2420_time_of_arrival
                0x0000000000800e82                cc2420_last_correlation
                0x0000000000800e83                cc2420_authority_level_of_sender
                0x0000000000800e85                cc2420_sfd_counter
                0x0000000000800e86                cc2420_sfd_end_time
 COMMON         0x0000000000800e88        0x6 /usr/lib/gcc/avr/5.4.0/../../../avr/lib/avr51/libc.a(iob.o)
                0x0000000000800e88                __iob
                0x0000000000800e8e                PROVIDE (__bss_end, .)
                0x000000000000b51a                __data_load_start = LOADADDR (.data)
                0x000000000000b70a                __data_load_end = (__data_load_start + SIZEOF (.data))

.noinit         0x0000000000800e8e        0x0
                [!provide]                        PROVIDE (__noinit_start, .)
 *(.noinit*)
                [!provide]                        PROVIDE (__noinit_end, .)
                0x0000000000800e8e                _end = .
                [!provide]                        PROVIDE (__heap_start, .)

.eeprom         0x0000000000810000        0x0
 *(.eeprom*)
                0x0000000000810000                __eeprom_end = .

.fuse
 *(.fuse)
 *(.lfuse)
 *(.hfuse)
 *(.efuse)

.lock
 *(.lock*)

.signature
 *(.signature*)

.user_signatures
 *(.user_signatures*)

.stab
 *(.stab)

.stabstr
 *(.stabstr)

.stab.excl
 *(.stab.excl)

.stab.exclstr
 *(.stab.exclstr)

.stab.index
 *(.stab.index)

.stab.indexstr
 *(.stab.indexstr)

.comment        0x0000000000000000       0x11
 *(.comment)
 .comment       0x0000000000000000       0x11 hello-world.co
                                         0x12 (size before relaxing)
 .comment       0x0000000000000011       0x12 contiki-micaz.a(contiki-micaz-m)
 .comment       0x0000000000000011       0x12 contiki-micaz.a(init-net.o)
 .comment       0x0000000000000011       0x12 contiki-micaz.a(node-id.o)
 .comment       0x0000000000000011       0x12 contiki-micaz.a(clock.o)
 .comment       0x0000000000000011       0x12 contiki-micaz.a(ds2401.o)
 .comment       0x0000000000000011       0x12 contiki-micaz.a(eeprom.o)
 .comment       0x0000000000000011       0x12 contiki-micaz.a(random.o)
 .comment       0x0000000000000011       0x12 contiki-micaz.a(leds.o)
 .comment       0x0000000000000011       0x12 contiki-micaz.a(autostart.o)
 .comment       0x0000000000000011       0x12 contiki-micaz.a(ctimer.o)
 .comment       0x0000000000000011       0x12 contiki-micaz.a(etimer.o)
 .comment       0x0000000000000011       0x12 contiki-micaz.a(process.o)
 .comment       0x0000000000000011       0x12 contiki-micaz.a(rtimer.o)
 .comment       0x0000000000000011       0x12 contiki-micaz.a(timer.o)
 .comment       0x0000000000000011       0x12 contiki-micaz.a(list.o)
 .comment       0x0000000000000011       0x12 contiki-micaz.a(sicslowpan.o)
 .comment       0x0000000000000011       0x12 contiki-micaz.a(uip6.o)
 .comment       0x0000000000000011       0x12 contiki-micaz.a(uip-ds6.o)
 .comment       0x0000000000000011       0x12 contiki-micaz.a(uip-ds6-nbr.o)
 .comment       0x0000000000000011       0x12 contiki-micaz.a(uip-ds6-route.o)
 .comment       0x0000000000000011       0x12 contiki-micaz.a(uip-icmp6.o)
 .comment       0x0000000000000011       0x12 contiki-micaz.a(uip-nd6.o)
 .comment       0x0000000000000011       0x12 contiki-micaz.a(tcpip.o)
 .comment       0x0000000000000011       0x12 contiki-micaz.a(uip-debug.o)
 .comment       0x0000000000000011       0x12 contiki-micaz.a(rpl.o)
 .comment       0x0000000000000011       0x12 contiki-micaz.a(rpl-dag.o)
 .comment       0x0000000000000011       0x12 contiki-micaz.a(rpl-ext-header.)
 .comment       0x0000000000000011       0x12 contiki-micaz.a(rpl-icmp6.o)
 .comment       0x0000000000000011       0x12 contiki-micaz.a(rpl-mrhof.o)
 .comment       0x0000000000000011       0x12 contiki-micaz.a(rpl-timers.o)
 .comment       0x0000000000000011       0x12 contiki-micaz.a(linkaddr.o)
 .comment       0x0000000000000011       0x12 contiki-micaz.a(nbr-table.o)
 .comment       0x0000000000000011       0x12 contiki-micaz.a(packetbuf.o)
 .comment       0x0000000000000011       0x12 contiki-micaz.a(queuebuf.o)
 .comment       0x0000000000000011       0x12 contiki-micaz.a(framer-802154.o)
 .comment       0x0000000000000011       0x12 contiki-micaz.a(framer.o)
 .comment       0x0000000000000011       0x12 contiki-micaz.a(nullmac.o)
 .comment       0x0000000000000011       0x12 contiki-micaz.a(sicslowmac.o)
 .comment       0x0000000000000011       0x12 contiki-micaz.a(nullsec.o)
 .comment       0x0000000000000011       0x12 contiki-micaz.a(rs232.o)
 .comment       0x0000000000000011       0x12 contiki-micaz.a(leds-arch.o)
 .comment       0x0000000000000011       0x12 contiki-micaz.a(cc2420.o)
 .comment       0x0000000000000011       0x12 contiki-micaz.a(cc2420-arch.o)
 .comment       0x0000000000000011       0x12 contiki-micaz.a(rtimer-arch.o)
 .comment       0x0000000000000011       0x12 contiki-micaz.a(watchdog.o)
 .comment       0x0000000000000011       0x12 contiki-micaz.a(stimer.o)
 .comment       0x0000000000000011       0x12 contiki-micaz.a(memb.o)
 .comment       0x0000000000000011       0x12 contiki-micaz.a(frame802154.o)
 .comment       0x0000000000000011       0x12 contiki-micaz.a(spi.o)
 .comment       0x0000000000000011       0x12 /usr/lib/gcc/avr/5.4.0/../../../avr/lib/avr51/libc.a(rand.o)
 .comment       0x0000000000000011       0x12 /usr/lib/gcc/avr/5.4.0/../../../avr/lib/avr51/libc.a(iob.o)
 .comment       0x0000000000000011       0x12 /usr/lib/gcc/avr/5.4.0/../../../avr/lib/avr51/libc.a(printf_p.o)
 .comment       0x0000000000000011       0x12 /usr/lib/gcc/avr/5.4.0/../../../avr/lib/avr51/libc.a(puts.o)
 .comment       0x0000000000000011       0x12 /usr/lib/gcc/avr/5.4.0/../../../avr/lib/avr51/libc.a(vfprintf_std.o)
 .comment       0x0000000000000011       0x12 /usr/lib/gcc/avr/5.4.0/../../../avr/lib/avr51/libc.a(fputc.o)

.note.gnu.avr.deviceinfo
                0x0000000000000000       0x3c
 .note.gnu.avr.deviceinfo
                0x0000000000000000       0x3c /usr/lib/gcc/avr/5.4.0/../../../avr/lib/avr51/crtatmega128.o

.note.gnu.build-id
 *(.note.gnu.build-id)

.debug
 *(.debug)

.line
 *(.line)

.debug_srcinfo
 *(.debug_srcinfo)

.debug_sfnames
 *(.debug_sfnames)

.debug_aranges  0x0000000000000000     0x1280
 *(.debug_aranges)
 .debug_aranges
                0x0000000000000000       0x20 hello-world.co
 .debug_aranges
                0x0000000000000020       0x28 contiki-micaz.a(contiki-micaz-m)
 .debug_aranges
                0x0000000000000048       0x20 contiki-micaz.a(init-net.o)
 .debug_aranges
                0x0000000000000068       0x28 contiki-micaz.a(node-id.o)
 .debug_aranges
                0x0000000000000090       0x50 contiki-micaz.a(clock.o)
 .debug_aranges
                0x00000000000000e0       0x28 contiki-micaz.a(ds2401.o)
 .debug_aranges
                0x0000000000000108       0x28 contiki-micaz.a(eeprom.o)
 .debug_aranges
                0x0000000000000130       0x28 contiki-micaz.a(random.o)
 .debug_aranges
                0x0000000000000158       0x50 contiki-micaz.a(leds.o)
 .debug_aranges
                0x00000000000001a8       0x28 contiki-micaz.a(autostart.o)
 .debug_aranges
                0x00000000000001d0       0x50 contiki-micaz.a(ctimer.o)
 .debug_aranges
                0x0000000000000220       0x88 contiki-micaz.a(etimer.o)
 .debug_aranges
                0x00000000000002a8       0x88 contiki-micaz.a(process.o)
 .debug_aranges
                0x0000000000000330       0x30 contiki-micaz.a(rtimer.o)
 .debug_aranges
                0x0000000000000360       0x40 contiki-micaz.a(timer.o)
 .debug_aranges
                0x00000000000003a0       0x78 contiki-micaz.a(list.o)
 .debug_aranges
                0x0000000000000418       0x78 contiki-micaz.a(sicslowpan.o)
 .debug_aranges
                0x0000000000000490       0xb8 contiki-micaz.a(uip6.o)
 .debug_aranges
                0x0000000000000548       0xd0 contiki-micaz.a(uip-ds6.o)
 .debug_aranges
                0x0000000000000618       0x80 contiki-micaz.a(uip-ds6-nbr.o)
 .debug_aranges
                0x0000000000000698       0xb0 contiki-micaz.a(uip-ds6-route.o)
 .debug_aranges
                0x0000000000000748       0x60 contiki-micaz.a(uip-icmp6.o)
 .debug_aranges
                0x00000000000007a8       0x50 contiki-micaz.a(uip-nd6.o)
 .debug_aranges
                0x00000000000007f8       0x98 contiki-micaz.a(tcpip.o)
 .debug_aranges
                0x0000000000000890       0x28 contiki-micaz.a(uip-debug.o)
 .debug_aranges
                0x00000000000008b8       0x60 contiki-micaz.a(rpl.o)
 .debug_aranges
                0x0000000000000918      0x168 contiki-micaz.a(rpl-dag.o)
 .debug_aranges
                0x0000000000000a80       0x48 contiki-micaz.a(rpl-ext-header.)
 .debug_aranges
                0x0000000000000ac8       0x88 contiki-micaz.a(rpl-icmp6.o)
 .debug_aranges
                0x0000000000000b50       0x48 contiki-micaz.a(rpl-mrhof.o)
 .debug_aranges
                0x0000000000000b98       0x80 contiki-micaz.a(rpl-timers.o)
 .debug_aranges
                0x0000000000000c18       0x30 contiki-micaz.a(linkaddr.o)
 .debug_aranges
                0x0000000000000c48       0x90 contiki-micaz.a(nbr-table.o)
 .debug_aranges
                0x0000000000000cd8       0xb0 contiki-micaz.a(packetbuf.o)
 .debug_aranges
                0x0000000000000d88       0x78 contiki-micaz.a(queuebuf.o)
 .debug_aranges
                0x0000000000000e00       0x38 contiki-micaz.a(framer-802154.o)
 .debug_aranges
                0x0000000000000e38       0x20 contiki-micaz.a(framer.o)
 .debug_aranges
                0x0000000000000e58       0x48 contiki-micaz.a(nullmac.o)
 .debug_aranges
                0x0000000000000ea0       0x50 contiki-micaz.a(sicslowmac.o)
 .debug_aranges
                0x0000000000000ef0       0x40 contiki-micaz.a(nullsec.o)
 .debug_aranges
                0x0000000000000f30       0x60 contiki-micaz.a(rs232.o)
 .debug_aranges
                0x0000000000000f90       0x30 contiki-micaz.a(leds-arch.o)
 .debug_aranges
                0x0000000000000fc0      0x148 contiki-micaz.a(cc2420.o)
 .debug_aranges
                0x0000000000001108       0x28 contiki-micaz.a(cc2420-arch.o)
 .debug_aranges
                0x0000000000001130       0x30 contiki-micaz.a(rtimer-arch.o)
 .debug_aranges
                0x0000000000001160       0x40 contiki-micaz.a(watchdog.o)
 .debug_aranges
                0x00000000000011a0       0x48 contiki-micaz.a(stimer.o)
 .debug_aranges
                0x00000000000011e8       0x40 contiki-micaz.a(memb.o)
 .debug_aranges
                0x0000000000001228       0x38 contiki-micaz.a(frame802154.o)
 .debug_aranges
                0x0000000000001260       0x20 contiki-micaz.a(spi.o)

.debug_pubnames
 *(.debug_pubnames)

.debug_info     0x0000000000000000    0x1d4ca
 *(.debug_info .gnu.linkonce.wi.*)
 .debug_info    0x0000000000000000      0x780 /usr/lib/gcc/avr/5.4.0/../../../avr/lib/avr51/crtatmega128.o
 .debug_info    0x0000000000000780      0x201 hello-world.co
 .debug_info    0x0000000000000981      0x45a contiki-micaz.a(contiki-micaz-m)
 .debug_info    0x0000000000000ddb      0x7d3 contiki-micaz.a(init-net.o)
 .debug_info    0x00000000000015ae      0x1bb contiki-micaz.a(node-id.o)
 .debug_info    0x0000000000001769      0x243 contiki-micaz.a(clock.o)
 .debug_info    0x00000000000019ac      0x3de contiki-micaz.a(ds2401.o)
 .debug_info    0x0000000000001d8a      0x176 contiki-micaz.a(eeprom.o)
 .debug_info    0x0000000000001f00       0xef contiki-micaz.a(random.o)
 .debug_info    0x0000000000001fef      0x309 contiki-micaz.a(leds.o)
 .debug_info    0x00000000000022f8      0x1da contiki-micaz.a(autostart.o)
 .debug_info    0x00000000000024d2      0x6d4 contiki-micaz.a(ctimer.o)