Archive member included because of file (symbol)

contiki-z1.a(contiki-z1-plat)
                              obj_z1/contiki-z1-main.o (init_platform)
contiki-z1.a(msp430.o)        obj_z1/contiki-z1-main.o (splhigh_)
contiki-z1.a(leds.o)          obj_z1/contiki-z1-main.o (leds_init)
contiki-z1.a(watchdog.o)      obj_z1/contiki-z1-main.o (watchdog_start)
contiki-z1.a(xmem.o)          obj_z1/contiki-z1-main.o (xmem_init)
contiki-z1.a(spi.o)           contiki-z1.a(xmem.o) (spi_init)
contiki-z1.a(cc2420.o)        obj_z1/contiki-z1-main.o (cc2420_set_pan_addr)
contiki-z1.a(cc2420-arch.o)   contiki-z1.a(cc2420.o) (cc2420_arch_init)
contiki-z1.a(node-id.o)       obj_z1/contiki-z1-main.o (node_id_restore)
contiki-z1.a(sensors.o)       udp-server.co (sensors_event)
contiki-z1.a(button-sensor.o)
                              udp-server.co (button_sensor)
contiki-z1.a(uart0.o)         obj_z1/contiki-z1-main.o (uart0_active)
contiki-z1.a(uart0-putchar.o)
                              udp-server.co (putchar)
contiki-z1.a(adxl345.o)       obj_z1/contiki-z1-main.o (accm_init)
contiki-z1.a(clock.o)         obj_z1/contiki-z1-main.o (clock_init)
contiki-z1.a(leds-arch.o)     contiki-z1.a(leds.o) (leds_arch_init)
contiki-z1.a(rtimer-arch.o)   obj_z1/contiki-z1-main.o (rtimer_arch_now)
contiki-z1.a(autostart.o)     obj_z1/contiki-z1-main.o (autostart_start)
contiki-z1.a(ctimer.o)        obj_z1/contiki-z1-main.o (ctimer_init)
contiki-z1.a(energest.o)      obj_z1/contiki-z1-main.o (energest_init)
contiki-z1.a(etimer.o)        contiki-z1.a(clock.o) (etimer_request_poll)
contiki-z1.a(process.o)       udp-server.co (process_current)
contiki-z1.a(rtimer.o)        obj_z1/contiki-z1-main.o (rtimer_init)
contiki-z1.a(timer.o)         contiki-z1.a(button-sensor.o) (timer_set)
contiki-z1.a(list.o)          contiki-z1.a(ctimer.o) (list_init)
contiki-z1.a(sicslowpan.o)    obj_z1/contiki-z1-main.o (sicslowpan_driver)
contiki-z1.a(uip6.o)          udp-server.co (uip_aligned_buf)
contiki-z1.a(uip-ds6.o)       contiki-z1.a(uip6.o) (uip_ds6_is_addr_onlink)
contiki-z1.a(uip-ds6-nbr.o)   contiki-z1.a(uip-ds6.o) (uip_ds6_neighbors_init)
contiki-z1.a(uip-ds6-route.o)
                              contiki-z1.a(uip-ds6.o) (uip_ds6_route_init)
contiki-z1.a(uip-icmp6.o)     contiki-z1.a(uip6.o) (uip_icmp6_input)
contiki-z1.a(uip-nd6.o)       contiki-z1.a(uip-ds6-nbr.o) (uip_nd6_ns_output)
contiki-z1.a(tcpip.o)         contiki-z1.a(sicslowpan.o) (tcpip_set_outputfunc)
contiki-z1.a(uip-debug.o)     udp-server.co (uip_debug_ipaddr_print)
contiki-z1.a(rpl.o)           contiki-z1.a(uip-ds6-nbr.o) (rpl_link_neighbor_callback)
contiki-z1.a(rpl-dag.o)       contiki-z1.a(rpl.o) (default_instance)
contiki-z1.a(rpl-ext-header.)
                              contiki-z1.a(uip6.o) (rpl_verify_header)
contiki-z1.a(rpl-icmp6.o)     contiki-z1.a(rpl.o) (dao_output_target)
contiki-z1.a(rpl-mrhof.o)     contiki-z1.a(rpl.o) (rpl_mrhof)
contiki-z1.a(rpl-timers.o)    contiki-z1.a(rpl.o) (rpl_reset_periodic_timer)
contiki-z1.a(linkaddr.o)      obj_z1/contiki-z1-main.o (linkaddr_copy)
contiki-z1.a(nbr-table.o)     contiki-z1.a(uip-ds6-nbr.o) (nbr_table_register)
contiki-z1.a(packetbuf.o)     contiki-z1.a(cc2420.o) (packetbuf_set_datalen)
contiki-z1.a(queuebuf.o)      obj_z1/contiki-z1-main.o (queuebuf_init)
contiki-z1.a(csma.o)          udp-server.co (csma_driver)
contiki-z1.a(framer-802154.o)
                              contiki-z1.a(sicslowpan.o) (framer_802154)
contiki-z1.a(framer.o)        contiki-z1.a(framer-802154.o) (framer_canonical_create_and_secure)
contiki-z1.a(mac.o)           contiki-z1.a(csma.o) (mac_call_sent_callback)
contiki-z1.a(contikimac.o)    obj_z1/contiki-z1-main.o (contikimac_driver)
contiki-z1.a(nullsec.o)       contiki-z1.a(sicslowpan.o) (nullsec_driver)
contiki-z1.a(i2cmaster.o)     contiki-z1.a(adxl345.o) (i2c_receiveinit)
contiki-z1.a(stimer.o)        contiki-z1.a(uip-ds6.o) (stimer_set)
contiki-z1.a(memb.o)          contiki-z1.a(uip-ds6-route.o) (memb_init)
contiki-z1.a(random.o)        contiki-z1.a(uip-ds6.o) (random_rand)
contiki-z1.a(frame802154.o)   contiki-z1.a(framer-802154.o) (frame802154_hdrlen)
contiki-z1.a(mac-sequence.o)  contiki-z1.a(contikimac.o) (mac_sequence_is_duplicate)
/usr/lib/gcc/msp430/4.6.3/mcpu-430x/mmpy-16/libgcc.a(_mulsi3.o)
                              contiki-z1.a(rpl.o) (__mulsi3)
/usr/lib/gcc/msp430/4.6.3/mcpu-430x/mmpy-16/libgcc.a(_udivmod16.o)
                              contiki-z1.a(rpl-dag.o) (__udivhi3)
/usr/lib/gcc/msp430/4.6.3/mcpu-430x/mmpy-16/libgcc.a(_divmod16.o)
                              contiki-z1.a(sicslowpan.o) (__divhi3)
/usr/lib/gcc/msp430/4.6.3/mcpu-430x/mmpy-16/libgcc.a(_udivmod32.o)
                              obj_z1/contiki-z1-main.o (__udivsi3)
/usr/lib/gcc/msp430/4.6.3/../../../../msp430/lib/mcpu-430x/mmpy-16/libc.a(strncmp.o)
                              contiki-z1.a(sensors.o) (strncmp)
/usr/lib/gcc/msp430/4.6.3/../../../../msp430/lib/mcpu-430x/mmpy-16/libc.a(memcmp.o)
[...]
Memory Configuration

Name             Origin             Length             Attributes
sfr              0x0000000000000000 0x0000000000000010
peripheral_8bit  0x0000000000000010 0x00000000000000f0
peripheral_16bit 0x0000000000000100 0x0000000000000100
ram_mirror       0x0000000000000200 0x0000000000000800 xw
infomem          0x0000000000001000 0x0000000000000100
infod            0x0000000000001000 0x0000000000000040
infoc            0x0000000000001040 0x0000000000000040
infob            0x0000000000001080 0x0000000000000040
infoa            0x00000000000010c0 0x0000000000000040
ram              0x0000000000001100 0x0000000000002000 xw
rom              0x0000000000003100 0x000000000000cebe xr
vectors          0x000000000000ffc0 0x0000000000000040
far_rom          0x0000000000010000 0x000000000000a000
bsl              0x0000000000000000 0x0000000000000000
ram2             0x0000000000000000 0x0000000000000000 xw
usbram           0x0000000000000000 0x0000000000000000 xw
*default*        0x0000000000000000 0xffffffffffffffff

Linker script and memory map

LOAD /usr/lib/gcc/msp430/4.6.3/mcpu-430x/mmpy-16/crt0ivtbl32.o
                0x0000000000000041                __P1SEL2 = 0x41
                0x0000000000000045                __P5SEL2 = 0x45
LOAD udp-server.co
LOAD obj_z1/contiki-z1-main.o
LOAD contiki-z1.a
LOAD /usr/lib/gcc/msp430/4.6.3/mcpu-430x/mmpy-16/libgcc.a
LOAD /usr/lib/gcc/msp430/4.6.3/../../../../msp430/lib/mcpu-430x/mmpy-16/libc.a
LOAD /usr/lib/gcc/msp430/4.6.3/mcpu-430x/mmpy-16/libgcc.a
LOAD /usr/lib/gcc/msp430/4.6.3/mcpu-430x/mmpy-16/libcrt0.a
                0x0000000000000040                PROVIDE (__info_segment_size, 0x40)
                0x0000000000001000                PROVIDE (__infod, 0x1000)
                0x0000000000001040                PROVIDE (__infoc, 0x1040)
                0x0000000000001080                PROVIDE (__infob, 0x1080)
                0x00000000000010c0                PROVIDE (__infoa, 0x10c0)
                0x0000000000000000                __IE1 = 0x0
                0x0000000000000002                __IFG1 = 0x2
                0x0000000000000001                __IE2 = 0x1
                0x0000000000000003                __IFG2 = 0x3
                0x0000000000000006                __UC1IE = 0x6
                0x0000000000000007                __UC1IFG = 0x7
                0x00000000000001a0                __ADC12CTL0 = 0x1a0
                0x00000000000001a2                __ADC12CTL1 = 0x1a2
                0x00000000000001a4                __ADC12IFG = 0x1a4
                0x00000000000001a6                __ADC12IE = 0x1a6
                0x00000000000001a8                __ADC12IV = 0x1a8
                0x0000000000000140                __ADC12MEM0 = 0x140
                0x0000000000000142                __ADC12MEM1 = 0x142
                0x0000000000000144                __ADC12MEM2 = 0x144
                0x0000000000000146                __ADC12MEM3 = 0x146
                0x0000000000000148                __ADC12MEM4 = 0x148
                0x000000000000014a                __ADC12MEM5 = 0x14a
                0x000000000000014c                __ADC12MEM6 = 0x14c
                0x000000000000014e                __ADC12MEM7 = 0x14e
                0x0000000000000150                __ADC12MEM8 = 0x150
                0x0000000000000152                __ADC12MEM9 = 0x152
                0x0000000000000154                __ADC12MEM10 = 0x154
                0x0000000000000156                __ADC12MEM11 = 0x156
                0x0000000000000158                __ADC12MEM12 = 0x158
                0x000000000000015a                __ADC12MEM13 = 0x15a
                0x000000000000015c                __ADC12MEM14 = 0x15c
                0x000000000000015e                __ADC12MEM15 = 0x15e
                0x0000000000000080                __ADC12MCTL0 = 0x80
                0x0000000000000081                __ADC12MCTL1 = 0x81
                0x0000000000000082                __ADC12MCTL2 = 0x82
                0x0000000000000083                __ADC12MCTL3 = 0x83
                0x0000000000000084                __ADC12MCTL4 = 0x84
                0x0000000000000085                __ADC12MCTL5 = 0x85
                0x0000000000000086                __ADC12MCTL6 = 0x86
                0x0000000000000087                __ADC12MCTL7 = 0x87
                0x0000000000000088                __ADC12MCTL8 = 0x88
                0x0000000000000089                __ADC12MCTL9 = 0x89
                0x000000000000008a                __ADC12MCTL10 = 0x8a
                0x000000000000008b                __ADC12MCTL11 = 0x8b
                0x000000000000008c                __ADC12MCTL12 = 0x8c
                0x000000000000008d                __ADC12MCTL13 = 0x8d
                0x000000000000008e                __ADC12MCTL14 = 0x8e
                0x000000000000008f                __ADC12MCTL15 = 0x8f
                0x0000000000000056                __DCOCTL = 0x56
                0x0000000000000057                __BCSCTL1 = 0x57
                0x0000000000000058                __BCSCTL2 = 0x58
                0x0000000000000053                __BCSCTL3 = 0x53
                0x0000000000000059                __CACTL1 = 0x59
                0x000000000000005a                __CACTL2 = 0x5a
                0x000000000000005b                __CAPD = 0x5b
                0x00000000000001c0                __DAC12_0CTL = 0x1c0
                0x00000000000001c2                __DAC12_1CTL = 0x1c2
                0x00000000000001c8                __DAC12_0DAT = 0x1c8
                0x00000000000001ca                __DAC12_1DAT = 0x1ca
                0x0000000000000122                __DMACTL0 = 0x122
                0x0000000000000124                __DMACTL1 = 0x124
                0x0000000000000126                __DMAIV = 0x126
                0x00000000000001d0                __DMA0CTL = 0x1d0
                0x00000000000001dc                __DMA1CTL = 0x1dc
                0x00000000000001e8                __DMA2CTL = 0x1e8
                0x00000000000001d2                __DMA0SA = 0x1d2
                0x00000000000001d2                __DMA0SAL = 0x1d2
                0x00000000000001d6                __DMA0DA = 0x1d6
                0x00000000000001d6                __DMA0DAL = 0x1d6
                0x00000000000001da                __DMA0SZ = 0x1da
                0x00000000000001de                __DMA1SA = 0x1de
                0x00000000000001de                __DMA1SAL = 0x1de
                0x00000000000001e2                __DMA1DA = 0x1e2
                0x00000000000001e2                __DMA1DAL = 0x1e2
                0x00000000000001e6                __DMA1SZ = 0x1e6
                0x00000000000001ea                __DMA2SA = 0x1ea
                0x00000000000001ea                __DMA2SAL = 0x1ea
                0x00000000000001ee                __DMA2DA = 0x1ee
                0x00000000000001ee                __DMA2DAL = 0x1ee
                0x00000000000001f2                __DMA2SZ = 0x1f2
                0x0000000000000128                __FCTL1 = 0x128
                0x000000000000012a                __FCTL2 = 0x12a
                0x000000000000012c                __FCTL3 = 0x12c
                0x00000000000001be                __FCTL4 = 0x1be
                0x0000000000000130                __MPY = 0x130
                0x0000000000000132                __MPYS = 0x132
                0x0000000000000134                __MAC = 0x134
                0x0000000000000136                __MACS = 0x136
                0x0000000000000138                __OP2 = 0x138
                0x000000000000013a                __RESLO = 0x13a
                0x000000000000013c                __RESHI = 0x13c
                0x000000000000013e                __SUMEXT = 0x13e
                0x0000000000000020                __P1IN = 0x20
                0x0000000000000021                __P1OUT = 0x21
                0x0000000000000022                __P1DIR = 0x22
                0x0000000000000023                __P1IFG = 0x23
                0x0000000000000024                __P1IES = 0x24
                0x0000000000000025                __P1IE = 0x25
                0x0000000000000026                __P1SEL = 0x26
                0x0000000000000027                __P1REN = 0x27
                0x0000000000000028                __P2IN = 0x28
                0x0000000000000029                __P2OUT = 0x29
                0x000000000000002a                __P2DIR = 0x2a
                0x000000000000002b                __P2IFG = 0x2b
                0x000000000000002c                __P2IES = 0x2c
                0x000000000000002d                __P2IE = 0x2d
                0x000000000000002e                __P2SEL = 0x2e
                0x000000000000002f                __P2REN = 0x2f
                0x0000000000000018                __P3IN = 0x18
                0x0000000000000019                __P3OUT = 0x19
                0x000000000000001a                __P3DIR = 0x1a
                0x000000000000001b                __P3SEL = 0x1b
                0x0000000000000010                __P3REN = 0x10
                0x000000000000001c                __P4IN = 0x1c
                0x000000000000001d                __P4OUT = 0x1d
                0x000000000000001e                __P4DIR = 0x1e
                0x000000000000001f                __P4SEL = 0x1f
                0x0000000000000011                __P4REN = 0x11
                0x0000000000000030                __P5IN = 0x30
                0x0000000000000031                __P5OUT = 0x31
                0x0000000000000032                __P5DIR = 0x32
                0x0000000000000033                __P5SEL = 0x33
                0x0000000000000012                __P5REN = 0x12
                0x0000000000000034                __P6IN = 0x34
                0x0000000000000035                __P6OUT = 0x35
                0x0000000000000036                __P6DIR = 0x36
                0x0000000000000037                __P6SEL = 0x37
                0x0000000000000013                __P6REN = 0x13
                0x0000000000000038                __P7IN = 0x38
                0x000000000000003a                __P7OUT = 0x3a
                0x000000000000003c                __P7DIR = 0x3c
                0x000000000000003e                __P7SEL = 0x3e
                0x0000000000000014                __P7REN = 0x14
                0x0000000000000039                __P8IN = 0x39
                0x000000000000003b                __P8OUT = 0x3b
                0x000000000000003d                __P8DIR = 0x3d
                0x000000000000003f                __P8SEL = 0x3f
                0x0000000000000015                __P8REN = 0x15
                0x0000000000000038                __PAIN = 0x38
                0x000000000000003a                __PAOUT = 0x3a
                0x000000000000003c                __PADIR = 0x3c
                0x000000000000003e                __PASEL = 0x3e
                0x0000000000000014                __PAREN = 0x14
                0x0000000000000055                __SVSCTL = 0x55
                0x000000000000012e                __TAIV = 0x12e
                0x0000000000000160                __TACTL = 0x160
                0x0000000000000162                __TACCTL0 = 0x162
                0x0000000000000164                __TACCTL1 = 0x164
                0x0000000000000166                __TACCTL2 = 0x166
                0x0000000000000170                __TAR = 0x170
                0x0000000000000172                __TACCR0 = 0x172
                0x0000000000000174                __TACCR1 = 0x174
                0x0000000000000176                __TACCR2 = 0x176
                0x000000000000011e                __TBIV = 0x11e
                0x0000000000000180                __TBCTL = 0x180
                0x0000000000000182                __TBCCTL0 = 0x182
                0x0000000000000184                __TBCCTL1 = 0x184
                0x0000000000000186                __TBCCTL2 = 0x186
                0x0000000000000188                __TBCCTL3 = 0x188
                0x000000000000018a                __TBCCTL4 = 0x18a
                0x000000000000018c                __TBCCTL5 = 0x18c
                0x000000000000018e                __TBCCTL6 = 0x18e
                0x0000000000000190                __TBR = 0x190
                0x0000000000000192                __TBCCR0 = 0x192
                0x0000000000000194                __TBCCR1 = 0x194
                0x0000000000000196                __TBCCR2 = 0x196
                0x0000000000000198                __TBCCR3 = 0x198
                0x000000000000019a                __TBCCR4 = 0x19a
                0x000000000000019c                __TBCCR5 = 0x19c
                0x000000000000019e                __TBCCR6 = 0x19e
                0x0000000000000060                __UCA0CTL0 = 0x60
                0x0000000000000061                __UCA0CTL1 = 0x61
                0x0000000000000062                __UCA0BR0 = 0x62
                0x0000000000000063                __UCA0BR1 = 0x63
                0x0000000000000064                __UCA0MCTL = 0x64
                0x0000000000000065                __UCA0STAT = 0x65
                0x0000000000000066                __UCA0RXBUF = 0x66
                0x0000000000000067                __UCA0TXBUF = 0x67
                0x000000000000005d                __UCA0ABCTL = 0x5d
                0x000000000000005e                __UCA0IRTCTL = 0x5e
                0x000000000000005f                __UCA0IRRCTL = 0x5f
                0x0000000000000068                __UCB0CTL0 = 0x68
                0x0000000000000069                __UCB0CTL1 = 0x69
                0x000000000000006a                __UCB0BR0 = 0x6a
                0x000000000000006b                __UCB0BR1 = 0x6b
                0x000000000000006c                __UCB0I2CIE = 0x6c
                0x000000000000006d                __UCB0STAT = 0x6d
                0x000000000000006e                __UCB0RXBUF = 0x6e
                0x000000000000006f                __UCB0TXBUF = 0x6f
                0x0000000000000118                __UCB0I2COA = 0x118
                0x000000000000011a                __UCB0I2CSA = 0x11a
                0x00000000000000d0                __UCA1CTL0 = 0xd0
                0x00000000000000d1                __UCA1CTL1 = 0xd1
                0x00000000000000d2                __UCA1BR0 = 0xd2
                0x00000000000000d3                __UCA1BR1 = 0xd3
                0x00000000000000d4                __UCA1MCTL = 0xd4
                0x00000000000000d5                __UCA1STAT = 0xd5
                0x00000000000000d6                __UCA1RXBUF = 0xd6
                0x00000000000000d7                __UCA1TXBUF = 0xd7
                0x00000000000000cd                __UCA1ABCTL = 0xcd
                0x00000000000000ce                __UCA1IRTCTL = 0xce
                0x00000000000000cf                __UCA1IRRCTL = 0xcf
                0x00000000000000d8                __UCB1CTL0 = 0xd8
                0x00000000000000d9                __UCB1CTL1 = 0xd9
                0x00000000000000da                __UCB1BR0 = 0xda
                0x00000000000000db                __UCB1BR1 = 0xdb
                0x00000000000000dc                __UCB1I2CIE = 0xdc
                0x00000000000000dd                __UCB1STAT = 0xdd
                0x00000000000000de                __UCB1RXBUF = 0xde
                0x00000000000000df                __UCB1TXBUF = 0xdf
                0x000000000000017c                __UCB1I2COA = 0x17c
                0x000000000000017e                __UCB1I2CSA = 0x17e
                0x0000000000000120                __WDTCTL = 0x120
                0x00000000000010c0                __TLV_CHECKSUM = 0x10c0
                0x00000000000010f6                __TLV_DCO_30_TAG = 0x10f6
                0x00000000000010f7                __TLV_DCO_30_LEN = 0x10f7
                0x00000000000010da                __TLV_ADC12_1_TAG = 0x10da
                0x00000000000010db                __TLV_ADC12_1_LEN = 0x10db
                0x00000000000010f8                __CALDCO_16MHZ = 0x10f8
                0x00000000000010f9                __CALBC1_16MHZ = 0x10f9
                0x00000000000010fa                __CALDCO_12MHZ = 0x10fa
                0x00000000000010fb                __CALBC1_12MHZ = 0x10fb
                0x00000000000010fc                __CALDCO_8MHZ = 0x10fc
                0x00000000000010fd                __CALBC1_8MHZ = 0x10fd
                0x00000000000010fe                __CALDCO_1MHZ = 0x10fe
                0x00000000000010ff                __CALBC1_1MHZ = 0x10ff

.hash
 *(.hash)

.dynsym
 *(.dynsym)

.dynstr
 *(.dynstr)

.gnu.version
 *(.gnu.version)

.gnu.version_d
 *(.gnu.version_d)

.gnu.version_r
 *(.gnu.version_r)

.rel.init
 *(.rel.init)

.rela.init
 *(.rela.init)

.rel.fini
 *(.rel.fini)

.rela.fini
 *(.rela.fini)

.rel.text
 *(.rel.text .rel.text.* .rel.gnu.linkonce.t.*)

.rela.text
 *(.rela.text .rela.text.* .rela.gnu.linkonce.t.*)

.rel.rodata
 *(.rel.rodata .rel.rodata.* .rel.gnu.linkonce.r.*)

.rela.rodata
 *(.rela.rodata .rela.rodata.* .rela.gnu.linkonce.r.*)

.rel.data
 *(.rel.data .rel.data.* .rel.gnu.linkonce.d.*)

.rela.data
 *(.rela.data .rela.data.* .rela.gnu.linkonce.d.*)

.rel.bss
 *(.rel.bss .rel.bss.* .rel.gnu.linkonce.b.*)

.rela.bss
 *(.rela.bss .rela.bss.* .rela.gnu.linkonce.b.*)

.rel.ctors
 *(.rel.ctors)

.rela.ctors
 *(.rela.ctors)

.rel.dtors
 *(.rel.dtors)

.rela.dtors
 *(.rela.dtors)

.rel.got
 *(.rel.got)

.rela.got
 *(.rela.got)

.rel.plt
 *(.rel.plt)

.rela.plt
 *(.rela.plt)

.text           0x0000000000003100     0xb50a
                0x0000000000003100                . = ALIGN (0x2)
 *(.init .init.*)
 *(.init0)
 .init0         0x0000000000003100        0x0 /usr/lib/gcc/msp430/4.6.3/mcpu-430x/mmpy-16/libcrt0.a(_reset_vector__.o)
                0x0000000000003100                _reset_vector__
 *(.init1)
 .init1         0x0000000000003100        0xc /usr/lib/gcc/msp430/4.6.3/mcpu-430x/mmpy-16/libcrt0.a(__watchdog_support.o)
                0x0000000000003100                __watchdog_support
 *(.init2)
 .init2         0x000000000000310c        0x4 /usr/lib/gcc/msp430/4.6.3/mcpu-430x/mmpy-16/libcrt0.a(__init_stack.o)
                0x000000000000310c                __init_stack
 *(.init3)
 .init3         0x0000000000003110        0x0 /usr/lib/gcc/msp430/4.6.3/mcpu-430x/mmpy-16/libcrt0.a(__low_level_init.o)
                0x0000000000003110                __low_level_init
 *(.init4)
 .init4         0x0000000000003110       0x18 /usr/lib/gcc/msp430/4.6.3/mcpu-430x/mmpy-16/libcrt0.a(_copy_data.o)
                0x0000000000003110                __do_copy_data
 .init4         0x0000000000003128       0x16 /usr/lib/gcc/msp430/4.6.3/mcpu-430x/mmpy-16/libcrt0.a(_clear_bss.o)
                0x0000000000003128                __do_clear_bss
 *(.init5)
 *(.init6)
 *(.init7)
 *(.init8)
 *(.init9)
 .init9         0x000000000000313e      0x35c obj_z1/contiki-z1-main.o
                0x000000000000313e                main
 *(.fini9)
 .fini9         0x000000000000349a        0x0 /usr/lib/gcc/msp430/4.6.3/mcpu-430x/mmpy-16/libcrt0.a(__stop_progExec__.o)
                0x000000000000349a                __stop_progExec__
 *(.fini8)
 *(.fini7)
 *(.fini6)
 *(.fini5)
 *(.fini4)
 *(.fini3)
 *(.fini2)
 *(.fini1)
 *(.fini0)
 .fini0         0x000000000000349a        0x6 /usr/lib/gcc/msp430/4.6.3/mcpu-430x/mmpy-16/libcrt0.a(_endless_loop__.o)
                0x000000000000349a                _endless_loop__
 *(.fini .fini.*)
                0x00000000000034a0                . = ALIGN (0x2)
                0x00000000000034a0                __ctors_start = .
 *(.ctors)
                0x00000000000034a0                __ctors_end = .
                0x00000000000034a0                __dtors_start = .
 *(.dtors)
                0x00000000000034a0                __dtors_end = .
                0x00000000000034a0                . = ALIGN (0x2)
 *(.text .text.* .gnu.linkonce.t.*)
 .text          0x00000000000034a0        0x4 /usr/lib/gcc/msp430/4.6.3/mcpu-430x/mmpy-16/crt0ivtbl32.o
                0x00000000000034a0                __isr_14
                0x00000000000034a0                __isr_4
                0x00000000000034a0                __isr_29
                0x00000000000034a0                __isr_11
                0x00000000000034a0                __isr_5
                0x00000000000034a0                __isr_2
                0x00000000000034a0                __isr_10
                0x00000000000034a0                __isr_7
                0x00000000000034a0                __isr_0
                0x00000000000034a0                __isr_28
                0x00000000000034a0                __isr_8
                0x00000000000034a0                __isr_20
                0x00000000000034a0                __isr_3
                0x00000000000034a0                __isr_12
                0x00000000000034a0                __isr_13
                0x00000000000034a0                __isr_27
                0x00000000000034a0                __isr_9
                0x00000000000034a0                __isr_30
                0x00000000000034a0                __isr_6
                0x00000000000034a0                __isr_22
                0x00000000000034a0                __isr_1
                0x00000000000034a0                __isr_15
                0x00000000000034a0                __isr_21
 .text.crt0     0x00000000000034a4        0x0 /usr/lib/gcc/msp430/4.6.3/mcpu-430x/mmpy-16/crt0ivtbl32.o
 .text          0x00000000000034a4      0x202 udp-server.co
 .text          0x00000000000036a6        0x6 obj_z1/contiki-z1-main.o
                0x00000000000036a6                uip_log
 .text          0x00000000000036ac        0xc contiki-z1.a(contiki-z1-plat)
                0x00000000000036ac                init_platform
 .text          0x00000000000036b8       0xcc contiki-z1.a(msp430.o)
                0x00000000000036b8                msp430_init_dco
                0x00000000000036e0                splhigh_
                0x00000000000036e8                msp430_sync_dco
                0x000000000000375a                msp430_cpu_init
 .text          0x0000000000003784      0x146 contiki-z1.a(leds.o)
                0x0000000000003872                leds_init
                0x000000000000387c                leds_get
                0x0000000000003882                leds_set
                0x0000000000003888                leds_on
                0x0000000000003892                leds_off
                0x00000000000038a0                leds_toggle
                0x00000000000038aa                leds_blink
 .text          0x00000000000038ca       0x5c contiki-z1.a(watchdog.o)
                0x00000000000038ca                __isr_26
                0x00000000000038ca                watchdog_interrupt
                0x00000000000038d0                watchdog_start
                0x00000000000038e4                watchdog_periodic
                0x00000000000038f6                watchdog_stop
                0x000000000000390c                watchdog_init
                0x0000000000003920                watchdog_reboot
 .text          0x0000000000003926      0x350 contiki-z1.a(xmem.o)
                0x000000000000399e                xmem_init
                0x00000000000039bc                xmem_pread
                0x0000000000003a8c                xmem_pwrite
                0x0000000000003bc0                xmem_erase
 .text          0x0000000000003c76       0x38 contiki-z1.a(spi.o)
                0x0000000000003c76                spi_init
 .text          0x0000000000003cae      0xa12 contiki-z1.a(cc2420.o)
                0x000000000000403e                cc2420_on
                0x0000000000004060                cc2420_off
                0x0000000000004272                cc2420_get_channel
                0x0000000000004278                cc2420_set_channel
                0x00000000000042b2                cc2420_set_pan_addr
                0x00000000000042fe                cc2420_interrupt
                0x0000000000004316                cc2420_set_txpower
                0x0000000000004324                cc2420_get_txpower
                0x000000000000445a                cc2420_rssi
                0x0000000000004548                cc2420_set_cca_threshold
                0x00000000000045e2                cc2420_init
 .text          0x00000000000046c0       0x1a contiki-z1.a(cc2420-arch.o)
                0x00000000000046c0                cc2420_arch_init
 .text          0x00000000000046da       0x9a contiki-z1.a(node-id.o)
                0x00000000000046da                node_id_restore
                0x0000000000004726                node_id_burn
 .text          0x0000000000004774      0x158 contiki-z1.a(sensors.o)
                0x0000000000004832                sensors_first
                0x0000000000004838                sensors_next
                0x0000000000004864                sensors_changed
                0x000000000000488e                sensors_find
 .text          0x00000000000048cc      0x100 contiki-z1.a(button-sensor.o)
                0x0000000000004956                irq_p2
                0x0000000000004956                __isr_19
 .text          0x00000000000049cc       0xd8 contiki-z1.a(uart0.o)
                0x00000000000049cc                uart0_active
                0x00000000000049da                uart0_set_input
                0x00000000000049e0                uart0_writeb
                0x00000000000049f8                uart0_init
                0x0000000000004a3e                __isr_23
                0x0000000000004a3e                uart0_rx_interrupt
 .text          0x0000000000004aa4       0x10 contiki-z1.a(uart0-putchar.o)
                0x0000000000004aa4                putchar
 .text          0x0000000000004ab4      0x318 contiki-z1.a(adxl345.o)
                0x0000000000004ab4                accm_write_reg
                0x0000000000004ae2                accm_write_stream
                0x0000000000004b0c                accm_read_reg
                0x0000000000004bb6                accm_read_stream
                0x0000000000004c08                accm_read_axis
                0x0000000000004c2e                accm_set_grange
                0x0000000000004c52                accm_init
                0x0000000000004cdc                accm_set_irq
                0x0000000000004d08                port1_isr
                0x0000000000004d08                __isr_18
 .text          0x0000000000004dcc      0x1e8 contiki-z1.a(clock.o)
                0x0000000000004dcc                __isr_24
                0x0000000000004dcc                timera1
                0x0000000000004ed6                clock_time
                0x0000000000004ef0                clock_set
                0x0000000000004f06                clock_fine_max
                0x0000000000004f0c                clock_fine
                0x0000000000004f18                clock_init
                0x0000000000004f40                clock_delay
                0x0000000000004f4c                clock_wait
                0x0000000000004f74                clock_set_seconds
                0x0000000000004f8c                clock_seconds
                0x0000000000004fa6                clock_counter
 .text          0x0000000000004fb4       0x78 contiki-z1.a(leds-arch.o)
                0x0000000000004fb4                leds_arch_init
                0x0000000000004fc2                leds_arch_get
                0x0000000000004ff2                leds_arch_set
 .text          0x000000000000502c       0x7e contiki-z1.a(rtimer-arch.o)
                0x000000000000502c                rtimer_arch_init
                0x000000000000503a                rtimer_arch_now
                0x0000000000005048                __isr_25
                0x0000000000005048                timera0
                0x00000000000050a4                rtimer_arch_schedule
 .text          0x00000000000050aa       0x2a contiki-z1.a(autostart.o)
                0x00000000000050aa                autostart_start
                0x00000000000050c0                autostart_exit
 .text          0x00000000000050d4      0x1ae contiki-z1.a(ctimer.o)
                0x0000000000005170                ctimer_init
                0x0000000000005188                ctimer_set
                0x00000000000051d0                ctimer_reset
                0x00000000000051fc                ctimer_restart
                0x0000000000005228                ctimer_stop
                0x0000000000005250                ctimer_expired
 .text          0x0000000000005282       0xae contiki-z1.a(energest.o)
                0x0000000000005282                energest_init
                0x00000000000052aa                energest_type_time
                0x00000000000052e6                energest_leveldevice_leveltime
                0x00000000000052ec                energest_type_set
                0x00000000000052f8                energest_flush
 .text          0x0000000000005330      0x252 contiki-z1.a(etimer.o)
                0x00000000000053a0                etimer_request_poll
                0x00000000000054aa                etimer_set
                0x00000000000054bc                etimer_reset
                0x00000000000054ce                etimer_restart
                0x00000000000054e0                etimer_adjust
                0x00000000000054fa                etimer_expired
                0x0000000000005508                etimer_expiration_time
                0x000000000000551c                etimer_start_time
                0x0000000000005524                etimer_pending
                0x0000000000005530                etimer_next_expiration_time
                0x0000000000005546                etimer_stop
 .text          0x0000000000005582      0x2a0 contiki-z1.a(process.o)
                0x0000000000005682                process_alloc_event
                0x0000000000005690                process_exit
                0x000000000000569a                process_init
                0x00000000000056b6                process_run
                0x000000000000575a                process_nevents
                0x0000000000005768                process_post
                0x00000000000057b8                process_post_synch
                0x00000000000057ca                process_start
                0x00000000000057fc                process_poll
                0x0000000000005814                process_is_running
 .text          0x0000000000005822       0x50 contiki-z1.a(rtimer.o)
                0x0000000000005822                rtimer_init
                0x0000000000005828                rtimer_set
                0x000000000000584c                rtimer_run_next
 .text          0x0000000000005872       0x8c contiki-z1.a(timer.o)
                0x0000000000005872                timer_set
                0x000000000000588e                timer_reset
                0x000000000000589c                timer_restart
                0x00000000000058b0                timer_expired
                0x00000000000058da                timer_remaining
 .text          0x00000000000058fe       0xf6 contiki-z1.a(list.o)
                0x00000000000058fe                list_init
                0x0000000000005904                list_head
                0x0000000000005908                list_copy
                0x000000000000590e                list_tail
                0x0000000000005920                list_chop
                0x0000000000005944                list_pop
                0x0000000000005952                list_remove
                0x0000000000005986                list_push
                0x000000000000599c                list_add
                0x00000000000059c2                list_length
                0x00000000000059d2                list_insert
                0x00000000000059e8                list_item_next
 .text          0x00000000000059f4      0xefc contiki-z1.a(sicslowpan.o)
                0x000000000000619c                sicslowpan_init
                0x00000000000068de                rime_sniffer_add
                0x00000000000068e4                rime_sniffer_remove
                0x00000000000068ea                sicslowpan_get_last_rssi
 .text          0x00000000000068f0     0x1394 contiki-z1.a(uip6.o)
                0x0000000000006a44                uip_add32
                0x0000000000006aa8                uip_chksum
                0x0000000000006ac0                uip_icmp6chksum
                0x0000000000006aca                uip_tcpchksum
                0x0000000000006ad4                uip_udpchksum
                0x0000000000006ade                uip_init
                0x0000000000006b42                uip_connect
                0x0000000000006c62                remove_ext_hdr
                0x0000000000006cb8                uip_udp_new
                0x0000000000006d7c                uip_unlisten
                0x0000000000006da6                uip_listen
                0x0000000000006dd2                uip_process
                0x0000000000007be6                uip_htons
                0x0000000000007bf2                uip_htonl
                0x0000000000007c1c                uip_send
 .text.unlikely
                0x0000000000007c84       0x2e contiki-z1.a(uip6.o)
 .text          0x0000000000007cb2      0x68c contiki-z1.a(uip-ds6.o)
                0x0000000000007cb2                uip_ds6_list_loop
                0x0000000000007d18                uip_ds6_prefix_add
                0x0000000000007d88                uip_ds6_prefix_rm
                0x0000000000007d92                uip_ds6_prefix_lookup
                0x0000000000007dba                uip_ds6_is_addr_onlink
                0x0000000000007dfc                uip_ds6_addr_lookup
                0x0000000000007e26                uip_ds6_get_link_local
                0x0000000000007e64                uip_ds6_get_global
                0x0000000000007ea2                uip_ds6_maddr_add
                0x0000000000007eea                uip_ds6_addr_add
                0x0000000000007f9e                uip_ds6_maddr_rm
                0x0000000000007fa8                uip_ds6_maddr_lookup
                0x0000000000007fd2                uip_ds6_addr_rm
                0x0000000000008026                uip_ds6_periodic
                0x0000000000008070                uip_ds6_aaddr_add
                0x00000000000080b6                uip_ds6_aaddr_rm
                0x00000000000080c0                uip_ds6_aaddr_lookup
                0x00000000000080e8                uip_ds6_set_addr_iid
                0x00000000000080fc                get_match_length
                0x0000000000008136                uip_ds6_select_src
                0x00000000000081d0                uip_ds6_compute_reachable_time
                0x0000000000008206                uip_ds6_init
 .text          0x000000000000833e      0x29e contiki-z1.a(uip-ds6-nbr.o)
                0x000000000000833e                uip_ds6_nbr_rm
                0x0000000000008358                uip_ds6_neighbors_init
                0x0000000000008366                uip_ds6_nbr_add
                0x00000000000083ba                uip_ds6_nbr_get_ipaddr
                0x00000000000083bc                uip_ds6_nbr_get_ll
                0x00000000000083c8                uip_ds6_nbr_num
                0x00000000000083ec                uip_ds6_nbr_lookup
                0x000000000000842a                uip_ds6_nbr_ll_lookup
                0x0000000000008436                uip_ds6_nbr_ipaddr_from_lladdr
                0x000000000000843c                uip_ds6_nbr_lladdr_from_ipaddr
                0x000000000000844e                uip_ds6_link_neighbor_callback
                0x0000000000008474                uip_ds6_neighbor_periodic
                0x0000000000008590                uip_ds6_get_least_lifetime_neighbor
 .text          0x00000000000085dc      0x472 contiki-z1.a(uip-ds6-route.o)
                0x000000000000861c                uip_ds6_notification_add
                0x0000000000008634                uip_ds6_notification_rm
                0x0000000000008640                uip_ds6_route_init
                0x0000000000008676                uip_ds6_route_nexthop
                0x0000000000008690                uip_ds6_route_head
                0x000000000000869a                uip_ds6_route_next
                0x00000000000086a8                uip_ds6_route_num_routes
                0x00000000000086ae                uip_ds6_route_lookup
                0x000000000000871c                uip_ds6_route_rm
                0x00000000000087f6                uip_ds6_route_add
                0x00000000000088ee                uip_ds6_route_rm_by_nexthop
                0x0000000000008902                uip_ds6_defrt_rm
                0x0000000000008946                uip_ds6_defrt_lookup
                0x0000000000008978                uip_ds6_defrt_add
                0x00000000000089e0                uip_ds6_defrt_choose
                0x0000000000008a16                uip_ds6_defrt_periodic
 .text          0x0000000000008a4e      0x4a0 contiki-z1.a(uip-icmp6.o)
                0x0000000000008c80                uip_icmp6_input
                0x0000000000008cc0                uip_icmp6_register_input_handler
                0x0000000000008ccc                uip_icmp6_error_output
                0x0000000000008e32                uip_icmp6_send
                0x0000000000008eb8                uip_icmp6_echo_reply_callback_add
                0x0000000000008ed0                uip_icmp6_echo_reply_callback_rm
                0x0000000000008edc                uip_icmp6_init
 .text          0x0000000000008eee      0x556 contiki-z1.a(uip-nd6.o)
                0x00000000000092de                uip_nd6_ns_output
                0x0000000000009432                uip_nd6_init
 .text          0x0000000000009444      0x4cc contiki-z1.a(tcpip.o)
                0x000000000000945a                tcpip_output
                0x000000000000946a                tcpip_set_outputfunc
                0x0000000000009470                tcp_unlisten
                0x00000000000094a2                tcp_listen
                0x00000000000094d6                tcp_attach
                0x00000000000094e2                udp_attach
                0x00000000000094ee                udp_new
                0x0000000000009508                udp_broadcast_new
                0x000000000000954e                tcpip_input
                0x0000000000009564                tcpip_ipv6_output
                0x0000000000009860                tcpip_poll_udp
                0x000000000000986e                tcpip_poll_tcp
                0x000000000000987c                tcp_connect
                0x000000000000989e                tcpip_uipcall
 .text          0x0000000000009910       0xac contiki-z1.a(uip-debug.o)
                0x0000000000009910                uip_debug_ipaddr_print
                0x0000000000009980                uip_debug_lladdr_print
 .text          0x00000000000099bc      0x254 contiki-z1.a(rpl.o)
                0x00000000000099bc                rpl_get_mode
                0x00000000000099c2                rpl_set_mode
                0x00000000000099fe                rpl_purge_routes
                0x0000000000009a94                rpl_remove_routes
                0x0000000000009ab6                rpl_remove_routes_by_nexthop
                0x0000000000009af4                rpl_add_route
                0x0000000000009b34                rpl_link_neighbor_callback
                0x0000000000009ba8                rpl_ipv6_neighbor_callback
                0x0000000000009bc6                rpl_init
 .text          0x0000000000009c10      0xfc8 contiki-z1.a(rpl-dag.o)
                0x0000000000009d78                rpl_get_nbr
                0x0000000000009d96                rpl_print_neighbor_list
                0x0000000000009e7e                rpl_dag_init
                0x0000000000009e8c                rpl_get_parent
                0x0000000000009e98                rpl_get_parent_rank
                0x0000000000009eb0                rpl_get_parent_link_metric
                0x0000000000009ec8                rpl_get_parent_ipaddr
                0x0000000000009ed8                rpl_set_prefix
                0x0000000000009f4c                rpl_set_default_route
                0x0000000000009fa2                rpl_alloc_instance
                0x0000000000009fd6                rpl_set_default_instance
                0x0000000000009fdc                rpl_get_default_instance
                0x0000000000009fe2                rpl_add_parent
                0x000000000000a030                rpl_find_parent
                0x000000000000a04a                rpl_find_parent_any_dag
                0x000000000000a06c                rpl_select_parent
                0x000000000000a0e2                rpl_select_dag
                0x000000000000a254                rpl_nullify_parent
                0x000000000000a2a4                rpl_remove_parent
                0x000000000000a2ee                rpl_free_dag
                0x000000000000a324                rpl_free_instance
                0x000000000000a38c                rpl_move_parent
                0x000000000000a3de                rpl_get_any_dag
                0x000000000000a3f6                rpl_get_instance
                0x000000000000a410                rpl_alloc_dag
                0x000000000000a46c                rpl_repair_root
                0x000000000000a4bc                rpl_set_root
                0x000000000000a5d6                rpl_find_of
                0x000000000000a5e6                rpl_join_instance
                0x000000000000a70e                rpl_local_repair
                0x000000000000a772                rpl_process_parent_event
                0x000000000000a7b8                rpl_recalculate_ranks
                0x000000000000a800                rpl_add_dag
                0x000000000000a902                rpl_process_dio
                0x000000000000abcc                rpl_lock_parent
 .text          0x000000000000abd8      0x336 contiki-z1.a(rpl-ext-header.)
                0x000000000000abd8                rpl_verify_header
                0x000000000000ac8a                rpl_update_header_empty
                0x000000000000adac                rpl_update_header_final
                0x000000000000ae40                rpl_remove_header
                0x000000000000ae8a                rpl_invert_header
                0x000000000000aefc                rpl_insert_header
 .text          0x000000000000af0e      0xa06 contiki-z1.a(rpl-icmp6.o)
                0x000000000000b244                dis_output
                0x000000000000b294                dio_output
                0x000000000000b4fe                dao_output_target
                0x000000000000b5d0                dao_output
                0x000000000000b63a                dao_ack_output
                0x000000000000b8f2                rpl_icmp6_register_handlers
 .text          0x000000000000b914      0x170 contiki-z1.a(rpl-mrhof.o)
 .text          0x000000000000ba84      0x44c contiki-z1.a(rpl-timers.o)
                0x000000000000bcec                rpl_reset_periodic_timer
                0x000000000000bd48                rpl_reset_dio_timer
                0x000000000000bd60                rpl_schedule_dao
                0x000000000000bd6c                rpl_schedule_dao_immediately
                0x000000000000bd76                rpl_cancel_dao
                0x000000000000bd90                rpl_schedule_probing
 .text          0x000000000000bed0       0x26 contiki-z1.a(linkaddr.o)
                0x000000000000bed0                linkaddr_copy
                0x000000000000bed8                linkaddr_cmp
                0x000000000000beea                linkaddr_set_node_addr
 .text          0x000000000000bef6      0x464 contiki-z1.a(nbr-table.o)
                0x000000000000c07c                nbr_table_register
                0x000000000000c0a2                nbr_table_next
                0x000000000000c11a                nbr_table_head
                0x000000000000c14c                nbr_table_add_lladdr
                0x000000000000c278                nbr_table_get_from_lladdr
                0x000000000000c2bc                nbr_table_remove
                0x000000000000c2e6                nbr_table_lock
                0x000000000000c2f6                nbr_table_unlock
                0x000000000000c306                nbr_table_get_lladdr
 .text          0x000000000000c35a      0x1e2 contiki-z1.a(packetbuf.o)
                0x000000000000c35a                packetbuf_clear_hdr
                0x000000000000c362                packetbuf_compact
                0x000000000000c390                packetbuf_copyto_hdr
                0x000000000000c3ac                packetbuf_copyto
                0x000000000000c3f2                packetbuf_hdr_remove
                0x000000000000c3f8                packetbuf_hdrreduce
                0x000000000000c412                packetbuf_set_datalen
                0x000000000000c418                packetbuf_dataptr
                0x000000000000c426                packetbuf_hdrptr
                0x000000000000c430                packetbuf_datalen
                0x000000000000c436                packetbuf_hdrlen
                0x000000000000c446                packetbuf_totlen
                0x000000000000c452                packetbuf_hdralloc
                0x000000000000c47c                packetbuf_attr_clear
                0x000000000000c4a4                packetbuf_clear
                0x000000000000c4be                packetbuf_copyfrom
                0x000000000000c4e8                packetbuf_attr_copyto
                0x000000000000c50a                packetbuf_attr_copyfrom
                0x000000000000c52e                packetbuf_holds_broadcast
 .text          0x000000000000c53c      0x14e contiki-z1.a(queuebuf.o)
                0x000000000000c53c                queuebuf_init
                0x000000000000c54e                queuebuf_numfree
                0x000000000000c558                queuebuf_new_from_packetbuf
                0x000000000000c5b8                queuebuf_update_attr_from_packetbuf
                0x000000000000c5ca                queuebuf_update_from_packetbuf
                0x000000000000c5ec                queuebuf_free
                0x000000000000c616                queuebuf_to_packetbuf
                0x000000000000c648                queuebuf_dataptr
                0x000000000000c664                queuebuf_datalen
                0x000000000000c66c                queuebuf_addr
                0x000000000000c67a                queuebuf_attr
                0x000000000000c688                queuebuf_debug_print
 .text          0x000000000000c68a      0x376 contiki-z1.a(csma.o)
 .text          0x000000000000ca00      0x1b4 contiki-z1.a(framer-802154.o)
 .text          0x000000000000cbb4       0x20 contiki-z1.a(framer.o)
                0x000000000000cbb4                framer_canonical_create_and_secure
 .text          0x000000000000cbd4       0x14 contiki-z1.a(mac.o)
                0x000000000000cbd4                mac_call_sent_callback
 .text          0x000000000000cbe8      0x602 contiki-z1.a(contikimac.o)
                0x000000000000d1e6                contikimac_debug_print
 .text          0x000000000000d1ea       0x1c contiki-z1.a(nullsec.o)
 .text          0x000000000000d206      0x1b2 contiki-z1.a(i2cmaster.o)
                0x000000000000d206                i2c_setrate
                0x000000000000d20c                i2c_receiveinit
                0x000000000000d244                i2c_transmitinit
                0x000000000000d276                i2c_receive_n
                0x000000000000d2ba                i2c_busy
                0x000000000000d2c4                i2c_enable
                0x000000000000d2e8                i2c_disable
                0x000000000000d302                i2c_transmit_n
                0x000000000000d316                __isr_16
                0x000000000000d316                i2c_tx_interrupt
                0x000000000000d3a0                i2c_rx_interrupt
                0x000000000000d3a0                __isr_17
 .text          0x000000000000d3b8       0xa4 contiki-z1.a(stimer.o)
                0x000000000000d3b8                stimer_set
                0x000000000000d3d4                stimer_reset
                0x000000000000d3e2                stimer_restart
                0x000000000000d3f6                stimer_expired
                0x000000000000d426                stimer_remaining
                0x000000000000d44a                stimer_elapsed
 .text          0x000000000000d45c      0x102 contiki-z1.a(memb.o)
                0x000000000000d45c                memb_init
                0x000000000000d492                memb_alloc
                0x000000000000d4d0                memb_free
                0x000000000000d50a                memb_inmemb
                0x000000000000d538                memb_numfree
 .text          0x000000000000d55e        0xc contiki-z1.a(random.o)
                0x000000000000d55e                random_init
                0x000000000000d564                random_rand
 .text          0x000000000000d56a      0x35a contiki-z1.a(frame802154.o)
                0x000000000000d5fe                frame802154_hdrlen
                0x000000000000d62c                frame802154_create
                0x000000000000d73e                frame802154_parse
 .text          0x000000000000d8c4       0xa8 contiki-z1.a(mac-sequence.o)
                0x000000000000d8c4                mac_sequence_is_duplicate
                0x000000000000d900                mac_sequence_register_seqno
 .text          0x000000000000d96c        0x0 /usr/lib/gcc/msp430/4.6.3/mcpu-430x/mmpy-16/libgcc.a(_mulsi3.o)
 .text.libgcc   0x000000000000d96c       0x2a /usr/lib/gcc/msp430/4.6.3/mcpu-430x/mmpy-16/libgcc.a(_mulsi3.o)
                0x000000000000d96c                __mulsi3
 .text          0x000000000000d996        0x0 /usr/lib/gcc/msp430/4.6.3/mcpu-430x/mmpy-16/libgcc.a(_udivmod16.o)
 .text.libgcc   0x000000000000d996       0x22 /usr/lib/gcc/msp430/4.6.3/mcpu-430x/mmpy-16/libgcc.a(_udivmod16.o)
                0x000000000000d996                __udivhi3
                0x000000000000d996                __ext_udivmod16
                0x000000000000d9b0                __umodhi3
 .text          0x000000000000d9b8        0x0 /usr/lib/gcc/msp430/4.6.3/mcpu-430x/mmpy-16/libgcc.a(_divmod16.o)
 .text.libgcc   0x000000000000d9b8       0x3a /usr/lib/gcc/msp430/4.6.3/mcpu-430x/mmpy-16/libgcc.a(_divmod16.o)
                0x000000000000d9b8                __ext_divmod16
                0x000000000000d9b8                __divhi3
                0x000000000000d9ea                __modhi3
 .text          0x000000000000d9f2        0x0 /usr/lib/gcc/msp430/4.6.3/mcpu-430x/mmpy-16/libgcc.a(_udivmod32.o)
 .text.libgcc   0x000000000000d9f2       0x38 /usr/lib/gcc/msp430/4.6.3/mcpu-430x/mmpy-16/libgcc.a(_udivmod32.o)
                0x000000000000d9f2                __udivsi3
                0x000000000000d9f2                __ext_udivmod32
                0x000000000000da20                __umodsi3
 .text          0x000000000000da2a       0x28 /usr/lib/gcc/msp430/4.6.3/../../../../msp430/lib/mcpu-430x/mmpy-16/libc.a(strncmp.o)
                0x000000000000da2a                strncmp
 .text          0x000000000000da52       0x20 /usr/lib/gcc/msp430/4.6.3/../../../../msp430/lib/mcpu-430x/mmpy-16/libc.a(memcmp.o)
                0x000000000000da52                memcmp
 .text          0x000000000000da72       0xe4 /usr/lib/gcc/msp430/4.6.3/../../../../msp430/lib/mcpu-430x/mmpy-16/libc.a(memcpy.o)
                0x000000000000da72                memcpy
 .text          0x000000000000db56       0xe4 /usr/lib/gcc/msp430/4.6.3/../../../../msp430/lib/mcpu-430x/mmpy-16/libc.a(memmove.o)
                0x000000000000db56                memmove
 .text          0x000000000000dc3a       0x5c /usr/lib/gcc/msp430/4.6.3/../../../../msp430/lib/mcpu-430x/mmpy-16/libc.a(memset.o)
                0x000000000000dc3a                memset
 .text          0x000000000000dc96       0x1e /usr/lib/gcc/msp430/4.6.3/../../../../msp430/lib/mcpu-430x/mmpy-16/libc.a(printf.o)
                0x000000000000dc96                printf
                0x000000000000dca6                vprintf
 .text          0x000000000000dcb4      0x818 /usr/lib/gcc/msp430/4.6.3/../../../../msp430/lib/mcpu-430x/mmpy-16/libc.a(vuprintf.o)
                0x000000000000de30                vuprintf
 .text          0x000000000000e4cc       0x2c /usr/lib/gcc/msp430/4.6.3/../../../../msp430/lib/mcpu-430x/mmpy-16/libc.a(puts.o)
                0x000000000000e4cc                puts
 .text          0x000000000000e4f8       0x54 /usr/lib/gcc/msp430/4.6.3/../../../../msp430/lib/mcpu-430x/mmpy-16/libc.a(rand.o)
                0x000000000000e4f8                rand_r
                0x000000000000e51c                rand
                0x000000000000e542                srand
 .text          0x000000000000e54c        0x0 /usr/lib/gcc/msp430/4.6.3/mcpu-430x/mmpy-16/libgcc.a(_udivmod64.o)
 .text.libgcc   0x000000000000e54c       0xbc /usr/lib/gcc/msp430/4.6.3/mcpu-430x/mmpy-16/libgcc.a(_udivmod64.o)
                0x000000000000e54c                __xabi_udivmod64
                0x000000000000e59e                __udivdi3
                0x000000000000e5b8                __umoddi3
                0x000000000000e5da                __udivmoddi4
 .text          0x000000000000e608        0x0 /usr/lib/gcc/msp430/4.6.3/mcpu-430x/mmpy-16/libcrt0.a(_reset_vector__.o)
 .text          0x000000000000e608        0x0 /usr/lib/gcc/msp430/4.6.3/mcpu-430x/mmpy-16/libcrt0.a(__watchdog_support.o)
 .text          0x000000000000e608        0x0 /usr/lib/gcc/msp430/4.6.3/mcpu-430x/mmpy-16/libcrt0.a(__init_stack.o)
 .text          0x000000000000e608        0x0 /usr/lib/gcc/msp430/4.6.3/mcpu-430x/mmpy-16/libcrt0.a(__low_level_init.o)
 .text          0x000000000000e608        0x0 /usr/lib/gcc/msp430/4.6.3/mcpu-430x/mmpy-16/libcrt0.a(_copy_data.o)
 .text          0x000000000000e608        0x0 /usr/lib/gcc/msp430/4.6.3/mcpu-430x/mmpy-16/libcrt0.a(_clear_bss.o)
 .text          0x000000000000e608        0x0 /usr/lib/gcc/msp430/4.6.3/mcpu-430x/mmpy-16/libcrt0.a(__stop_progExec__.o)
 .text          0x000000000000e608        0x0 /usr/lib/gcc/msp430/4.6.3/mcpu-430x/mmpy-16/libcrt0.a(_endless_loop__.o)
 .text          0x000000000000e608        0x0 /usr/lib/gcc/msp430/4.6.3/mcpu-430x/mmpy-16/libcrt0.a(_unexpected_.o)
 .text.crt0     0x000000000000e608        0x2 /usr/lib/gcc/msp430/4.6.3/mcpu-430x/mmpy-16/libcrt0.a(_unexpected_.o)
                0x000000000000e608                _unexpected_
                0x000000000000e60a                . = ALIGN (0x2)

.rodata         0x000000000000e60a      0x4b0
                0x000000000000e60a                . = ALIGN (0x2)
 *(.rodata .rodata.* .gnu.linkonce.r.*)
 .rodata        0x000000000000e60a      0x126 udp-server.co
                0x000000000000e718                autostart_processes
 .rodata        0x000000000000e730      0x107 obj_z1/contiki-z1-main.o
 .rodata        0x000000000000e837       0x2c contiki-z1.a(xmem.o)
 *fill*         0x000000000000e863        0x1 00
 .rodata        0x000000000000e864       0x5a contiki-z1.a(cc2420.o)
                0x000000000000e880                cc2420_aes_128_driver
                0x000000000000e884                cc2420_driver
 .rodata        0x000000000000e8be        0x8 contiki-z1.a(sensors.o)
 .rodata        0x000000000000e8c6       0x10 contiki-z1.a(button-sensor.o)
                0x000000000000e8ce                button_sensor
 .rodata        0x000000000000e8d6       0x16 contiki-z1.a(adxl345.o)
 .rodata        0x000000000000e8ec        0xf contiki-z1.a(ctimer.o)
 .rodata        0x000000000000e8fb        0xc contiki-z1.a(etimer.o)
 *fill*         0x000000000000e907        0x1 00
 .rodata        0x000000000000e908       0x24 contiki-z1.a(sicslowpan.o)
                0x000000000000e914                sicslowpan_driver
                0x000000000000e91a                llprefix
                0x000000000000e91c                unc_mxconf
                0x000000000000e920                unc_ctxconf
                0x000000000000e924                unc_llconf
 .rodata        0x000000000000e92c       0x20 contiki-z1.a(uip6.o)
 .rodata        0x000000000000e94c        0xd contiki-z1.a(tcpip.o)
 .rodata        0x000000000000e959       0x29 contiki-z1.a(uip-debug.o)
 .rodata        0x000000000000e982       0x6a contiki-z1.a(rpl-dag.o)
 .rodata        0x000000000000e9ec        0x8 contiki-z1.a(linkaddr.o)
                0x000000000000e9ec                linkaddr_null
 .rodata        0x000000000000e9f4       0x70 contiki-z1.a(queuebuf.o)
 .rodata        0x000000000000ea64       0x14 contiki-z1.a(csma.o)
                0x000000000000ea6a                csma_driver
 .rodata        0x000000000000ea78        0x8 contiki-z1.a(framer-802154.o)
                0x000000000000ea78                framer_802154
 .rodata        0x000000000000ea80       0x1c contiki-z1.a(contikimac.o)
                0x000000000000ea8c                contikimac_driver
 .rodata        0x000000000000ea9c       0x14 contiki-z1.a(nullsec.o)
                0x000000000000eaa4                nullsec_driver
 .rodata        0x000000000000eab0        0x2 contiki-z1.a(frame802154.o)
 .rodata        0x000000000000eab2        0x7 /usr/lib/gcc/msp430/4.6.3/../../../../msp430/lib/mcpu-430x/mmpy-16/libc.a(vuprintf.o)
                0x000000000000eaba                . = ALIGN (0x2)
 *fill*         0x000000000000eab9        0x1 00
                0x000000000000eaba                _etext = .

.data           0x0000000000001100      0x10c load address 0x000000000000eaba
                0x0000000000001100                . = ALIGN (0x2)
                0x0000000000001100                PROVIDE (__data_start, .)
 *(.data .data.* .gnu.linkonce.d.*)
 .data          0x0000000000001100        0x0 /usr/lib/gcc/msp430/4.6.3/mcpu-430x/mmpy-16/crt0ivtbl32.o
 .data          0x0000000000001100        0xa udp-server.co
                0x0000000000001100                udp_server_process
 .data          0x000000000000110a        0x4 obj_z1/contiki-z1-main.o
                0x000000000000110a                sensors
 .data          0x000000000000110e        0x0 contiki-z1.a(contiki-z1-plat)
 .data          0x000000000000110e        0x2 contiki-z1.a(msp430.o)
 .data          0x0000000000001110        0x0 contiki-z1.a(leds.o)
 .data          0x0000000000001110        0x0 contiki-z1.a(watchdog.o)
 .data          0x0000000000001110        0x0 contiki-z1.a(xmem.o)
 .data          0x0000000000001110        0x0 contiki-z1.a(spi.o)
 .data          0x0000000000001110        0xa contiki-z1.a(cc2420.o)
                0x0000000000001110                cc2420_process
 .data          0x000000000000111a        0x0 contiki-z1.a(cc2420-arch.o)
 .data          0x000000000000111a        0x0 contiki-z1.a(node-id.o)
 .data          0x000000000000111a        0xa contiki-z1.a(sensors.o)
                0x000000000000111a                sensors_process
 .data          0x0000000000001124        0x0 contiki-z1.a(button-sensor.o)
 .data          0x0000000000001124        0x0 contiki-z1.a(uart0.o)
 .data          0x0000000000001124        0x0 contiki-z1.a(uart0-putchar.o)
 .data          0x0000000000001124       0x20 contiki-z1.a(adxl345.o)
                0x0000000000001124                accmeter_process
 .data          0x0000000000001144        0x0 contiki-z1.a(clock.o)
 .data          0x0000000000001144        0x0 contiki-z1.a(leds-arch.o)
 .data          0x0000000000001144        0x0 contiki-z1.a(rtimer-arch.o)
 .data          0x0000000000001144        0x0 contiki-z1.a(autostart.o)
 .data          0x0000000000001144        0xa contiki-z1.a(ctimer.o)
                0x0000000000001144                ctimer_process
 .data          0x000000000000114e        0x0 contiki-z1.a(energest.o)
 .data          0x000000000000114e        0xa contiki-z1.a(etimer.o)
                0x000000000000114e                etimer_process
 .data          0x0000000000001158        0x0 contiki-z1.a(process.o)
 .data          0x0000000000001158        0x0 contiki-z1.a(rtimer.o)
 .data          0x0000000000001158        0x0 contiki-z1.a(timer.o)
 .data          0x0000000000001158        0x0 contiki-z1.a(list.o)
 .data          0x0000000000001158        0x0 contiki-z1.a(sicslowpan.o)
 .data          0x0000000000001158        0x0 contiki-z1.a(uip6.o)
 .data          0x0000000000001158        0x0 contiki-z1.a(uip-ds6.o)
 .data          0x0000000000001158        0xa contiki-z1.a(uip-ds6-nbr.o)
                0x0000000000001158                ds6_neighbors
 .data          0x0000000000001162       0x20 contiki-z1.a(uip-ds6-route.o)
 .data          0x0000000000001182        0xc contiki-z1.a(uip-icmp6.o)
 .data          0x000000000000118e        0xc contiki-z1.a(uip-nd6.o)
 .data          0x000000000000119a        0xa contiki-z1.a(tcpip.o)
                0x000000000000119a                tcpip_process
 .data          0x00000000000011a4        0x0 contiki-z1.a(uip-debug.o)
 .data          0x00000000000011a4        0x0 contiki-z1.a(rpl.o)
 .data          0x00000000000011a4        0xa contiki-z1.a(rpl-dag.o)
                0x00000000000011a4                rpl_parents
 .data          0x00000000000011ae        0x0 contiki-z1.a(rpl-ext-header.)
 .data          0x00000000000011ae       0x1a contiki-z1.a(rpl-icmp6.o)
 .data          0x00000000000011c8        0xe contiki-z1.a(rpl-mrhof.o)
                0x00000000000011c8                rpl_mrhof
 .data          0x00000000000011d6        0x0 contiki-z1.a(rpl-timers.o)
 .data          0x00000000000011d6        0x0 contiki-z1.a(linkaddr.o)
 .data          0x00000000000011d6        0x8 contiki-z1.a(nbr-table.o)
 .data          0x00000000000011de        0x0 contiki-z1.a(packetbuf.o)
 .data          0x00000000000011de       0x10 contiki-z1.a(queuebuf.o)
 .data          0x00000000000011ee       0x18 contiki-z1.a(csma.o)
 .data          0x0000000000001206        0x0 contiki-z1.a(framer-802154.o)
 .data          0x0000000000001206        0x0 contiki-z1.a(framer.o)
 .data          0x0000000000001206        0x0 contiki-z1.a(mac.o)
 .data          0x0000000000001206        0x0 contiki-z1.a(contikimac.o)
 .data          0x0000000000001206        0x0 contiki-z1.a(nullsec.o)
 .data          0x0000000000001206        0x1 contiki-z1.a(i2cmaster.o)
                0x0000000000001206                prescale_lsb
 .data          0x0000000000001207        0x0 contiki-z1.a(stimer.o)
 .data          0x0000000000001207        0x0 contiki-z1.a(memb.o)
 .data          0x0000000000001207        0x0 contiki-z1.a(random.o)
 .data          0x0000000000001207        0x0 contiki-z1.a(frame802154.o)
 .data          0x0000000000001207        0x0 contiki-z1.a(mac-sequence.o)
 .data          0x0000000000001207        0x0 /usr/lib/gcc/msp430/4.6.3/mcpu-430x/mmpy-16/libgcc.a(_mulsi3.o)
 .data          0x0000000000001207        0x0 /usr/lib/gcc/msp430/4.6.3/mcpu-430x/mmpy-16/libgcc.a(_udivmod16.o)
 .data          0x0000000000001207        0x0 /usr/lib/gcc/msp430/4.6.3/mcpu-430x/mmpy-16/libgcc.a(_divmod16.o)
 .data          0x0000000000001207        0x0 /usr/lib/gcc/msp430/4.6.3/mcpu-430x/mmpy-16/libgcc.a(_udivmod32.o)
 .data          0x0000000000001207        0x0 /usr/lib/gcc/msp430/4.6.3/../../../../msp430/lib/mcpu-430x/mmpy-16/libc.a(strncmp.o)
 .data          0x0000000000001207        0x0 /usr/lib/gcc/msp430/4.6.3/../../../../msp430/lib/mcpu-430x/mmpy-16/libc.a(memcmp.o)
 .data          0x0000000000001207        0x0 /usr/lib/gcc/msp430/4.6.3/../../../../msp430/lib/mcpu-430x/mmpy-16/libc.a(memcpy.o)
 .data          0x0000000000001207        0x0 /usr/lib/gcc/msp430/4.6.3/../../../../msp430/lib/mcpu-430x/mmpy-16/libc.a(memmove.o)
 .data          0x0000000000001207        0x0 /usr/lib/gcc/msp430/4.6.3/../../../../msp430/lib/mcpu-430x/mmpy-16/libc.a(memset.o)
 .data          0x0000000000001207        0x0 /usr/lib/gcc/msp430/4.6.3/../../../../msp430/lib/mcpu-430x/mmpy-16/libc.a(printf.o)
 .data          0x0000000000001207        0x0 /usr/lib/gcc/msp430/4.6.3/../../../../msp430/lib/mcpu-430x/mmpy-16/libc.a(vuprintf.o)
 .data          0x0000000000001207        0x0 /usr/lib/gcc/msp430/4.6.3/../../../../msp430/lib/mcpu-430x/mmpy-16/libc.a(puts.o)
 *fill*         0x0000000000001207        0x1 00
 .data          0x0000000000001208        0x4 /usr/lib/gcc/msp430/4.6.3/../../../../msp430/lib/mcpu-430x/mmpy-16/libc.a(rand.o)
 .data          0x000000000000120c        0x0 /usr/lib/gcc/msp430/4.6.3/mcpu-430x/mmpy-16/libgcc.a(_udivmod64.o)
 .data          0x000000000000120c        0x0 /usr/lib/gcc/msp430/4.6.3/mcpu-430x/mmpy-16/libcrt0.a(_reset_vector__.o)
 .data          0x000000000000120c        0x0 /usr/lib/gcc/msp430/4.6.3/mcpu-430x/mmpy-16/libcrt0.a(__watchdog_support.o)
 .data          0x000000000000120c        0x0 /usr/lib/gcc/msp430/4.6.3/mcpu-430x/mmpy-16/libcrt0.a(__init_stack.o)
 .data          0x000000000000120c        0x0 /usr/lib/gcc/msp430/4.6.3/mcpu-430x/mmpy-16/libcrt0.a(__low_level_init.o)
 .data          0x000000000000120c        0x0 /usr/lib/gcc/msp430/4.6.3/mcpu-430x/mmpy-16/libcrt0.a(_copy_data.o)
 .data          0x000000000000120c        0x0 /usr/lib/gcc/msp430/4.6.3/mcpu-430x/mmpy-16/libcrt0.a(_clear_bss.o)
 .data          0x000000000000120c        0x0 /usr/lib/gcc/msp430/4.6.3/mcpu-430x/mmpy-16/libcrt0.a(__stop_progExec__.o)
 .data          0x000000000000120c        0x0 /usr/lib/gcc/msp430/4.6.3/mcpu-430x/mmpy-16/libcrt0.a(_endless_loop__.o)
 .data          0x000000000000120c        0x0 /usr/lib/gcc/msp430/4.6.3/mcpu-430x/mmpy-16/libcrt0.a(_unexpected_.o)
                0x000000000000120c                . = ALIGN (0x2)
                0x000000000000120c                _edata = .
                0x000000000000eaba                PROVIDE (__data_load_start, LOADADDR (.data))
                0x000000000000010c                PROVIDE (__data_size, SIZEOF (.data))

.bss            0x000000000000120c     0x1388 load address 0x000000000000ebc6
                0x000000000000120c                PROVIDE (__bss_start, .)
 *(.bss .bss.*)
 .bss           0x000000000000120c        0x0 /usr/lib/gcc/msp430/4.6.3/mcpu-430x/mmpy-16/crt0ivtbl32.o
 .bss           0x000000000000120c        0x2 udp-server.co
 .bss           0x000000000000120e        0x4 obj_z1/contiki-z1-main.o
 .bss           0x0000000000001212        0x0 contiki-z1.a(contiki-z1-plat)
 .bss           0x0000000000001212        0x0 contiki-z1.a(msp430.o)
 .bss           0x0000000000001212        0x1 contiki-z1.a(leds.o)
 *fill*         0x0000000000001213        0x1 00
 .bss           0x0000000000001214        0x2 contiki-z1.a(watchdog.o)
 .bss           0x0000000000001216        0x0 contiki-z1.a(xmem.o)
 .bss           0x0000000000001216        0x2 contiki-z1.a(spi.o)
                0x0000000000001216                spi_busy
 .bss           0x0000000000001218        0x8 contiki-z1.a(cc2420.o)
 .bss           0x0000000000001220        0x0 contiki-z1.a(cc2420-arch.o)
 .bss           0x0000000000001220        0x2 contiki-z1.a(node-id.o)
                0x0000000000001220                node_id
 .bss           0x0000000000001222        0x6 contiki-z1.a(sensors.o)
 .bss           0x0000000000001228        0x8 contiki-z1.a(button-sensor.o)
 .bss           0x0000000000001230        0x4 contiki-z1.a(uart0.o)
 .bss           0x0000000000001234        0x0 contiki-z1.a(uart0-putchar.o)
 .bss           0x0000000000001234       0x16 contiki-z1.a(adxl345.o)
 .bss           0x000000000000124a        0xa contiki-z1.a(clock.o)
 .bss           0x0000000000001254        0x0 contiki-z1.a(leds-arch.o)
 .bss           0x0000000000001254        0x0 contiki-z1.a(rtimer-arch.o)
 .bss           0x0000000000001254        0x0 contiki-z1.a(autostart.o)
 .bss           0x0000000000001254        0x4 contiki-z1.a(ctimer.o)
 .bss           0x0000000000001258        0x0 contiki-z1.a(energest.o)
 .bss           0x0000000000001258        0x6 contiki-z1.a(etimer.o)
 .bss           0x000000000000125e       0x42 contiki-z1.a(process.o)
                0x000000000000125e                process_current
                0x0000000000001260                process_list
 .bss           0x00000000000012a0        0x2 contiki-z1.a(rtimer.o)
 .bss           0x00000000000012a2        0x0 contiki-z1.a(timer.o)
 .bss           0x00000000000012a2        0x0 contiki-z1.a(list.o)
 .bss           0x00000000000012a2       0xe8 contiki-z1.a(sicslowpan.o)
 .bss           0x000000000000138a       0x16 contiki-z1.a(uip6.o)
                0x000000000000138a                uip_ext_opt_offset
                0x000000000000138c                uip_ext_len
                0x000000000000138e                uip_ext_bitmap
 .bss           0x00000000000013a0       0x18 contiki-z1.a(uip-ds6.o)
 .bss           0x00000000000013b8      0x23a contiki-z1.a(uip-ds6-nbr.o)
 .bss           0x00000000000015f2      0x29c contiki-z1.a(uip-ds6-route.o)
 .bss           0x000000000000188e       0x14 contiki-z1.a(uip-icmp6.o)
 .bss           0x00000000000018a2        0xa contiki-z1.a(uip-nd6.o)
 .bss           0x00000000000018ac       0x36 contiki-z1.a(tcpip.o)
 .bss           0x00000000000018e2        0x0 contiki-z1.a(uip-debug.o)
 .bss           0x00000000000018e2        0x2 contiki-z1.a(rpl.o)
 .bss           0x00000000000018e4       0xb4 contiki-z1.a(rpl-dag.o)
 .bss           0x0000000000001998        0x0 contiki-z1.a(rpl-ext-header.)
 .bss           0x0000000000001998        0x0 contiki-z1.a(rpl-icmp6.o)
 .bss           0x0000000000001998        0x0 contiki-z1.a(rpl-mrhof.o)
 .bss           0x0000000000001998       0x18 contiki-z1.a(rpl-timers.o)
 .bss           0x00000000000019b0        0x0 contiki-z1.a(linkaddr.o)
 .bss           0x00000000000019b0       0xda contiki-z1.a(nbr-table.o)
 .bss           0x0000000000001a8a       0xb8 contiki-z1.a(packetbuf.o)
 .bss           0x0000000000001b42      0x2d0 contiki-z1.a(queuebuf.o)
 .bss           0x0000000000001e12       0x8c contiki-z1.a(csma.o)
 .bss           0x0000000000001e9e        0x2 contiki-z1.a(framer-802154.o)
 .bss           0x0000000000001ea0        0x0 contiki-z1.a(framer.o)
 .bss           0x0000000000001ea0        0x0 contiki-z1.a(mac.o)
 .bss           0x0000000000001ea0       0x2a contiki-z1.a(contikimac.o)
 .bss           0x0000000000001eca        0x0 contiki-z1.a(nullsec.o)
 .bss           0x0000000000001eca        0x4 contiki-z1.a(i2cmaster.o)
                0x0000000000001eca                prescale_msb
 .bss           0x0000000000001ece        0x0 contiki-z1.a(stimer.o)
 .bss           0x0000000000001ece        0x0 contiki-z1.a(memb.o)
 .bss           0x0000000000001ece        0x0 contiki-z1.a(random.o)
 .bss           0x0000000000001ece        0x0 contiki-z1.a(frame802154.o)
 .bss           0x0000000000001ece       0xa0 contiki-z1.a(mac-sequence.o)
 .bss           0x0000000000001f6e        0x0 /usr/lib/gcc/msp430/4.6.3/mcpu-430x/mmpy-16/libgcc.a(_mulsi3.o)
 .bss           0x0000000000001f6e        0x0 /usr/lib/gcc/msp430/4.6.3/mcpu-430x/mmpy-16/libgcc.a(_udivmod16.o)
 .bss           0x0000000000001f6e        0x0 /usr/lib/gcc/msp430/4.6.3/mcpu-430x/mmpy-16/libgcc.a(_divmod16.o)
 .bss           0x0000000000001f6e        0x0 /usr/lib/gcc/msp430/4.6.3/mcpu-430x/mmpy-16/libgcc.a(_udivmod32.o)
 .bss           0x0000000000001f6e        0x0 /usr/lib/gcc/msp430/4.6.3/../../../../msp430/lib/mcpu-430x/mmpy-16/libc.a(strncmp.o)
 .bss           0x0000000000001f6e        0x0 /usr/lib/gcc/msp430/4.6.3/../../../../msp430/lib/mcpu-430x/mmpy-16/libc.a(memcmp.o)
 .bss           0x0000000000001f6e        0x0 /usr/lib/gcc/msp430/4.6.3/../../../../msp430/lib/mcpu-430x/mmpy-16/libc.a(memcpy.o)
 .bss           0x0000000000001f6e        0x0 /usr/lib/gcc/msp430/4.6.3/../../../../msp430/lib/mcpu-430x/mmpy-16/libc.a(memmove.o)
 .bss           0x0000000000001f6e        0x0 /usr/lib/gcc/msp430/4.6.3/../../../../msp430/lib/mcpu-430x/mmpy-16/libc.a(memset.o)
 .bss           0x0000000000001f6e        0x0 /usr/lib/gcc/msp430/4.6.3/../../../../msp430/lib/mcpu-430x/mmpy-16/libc.a(printf.o)
 .bss           0x0000000000001f6e        0x0 /usr/lib/gcc/msp430/4.6.3/../../../../msp430/lib/mcpu-430x/mmpy-16/libc.a(vuprintf.o)
 .bss           0x0000000000001f6e        0x0 /usr/lib/gcc/msp430/4.6.3/../../../../msp430/lib/mcpu-430x/mmpy-16/libc.a(puts.o)
 .bss           0x0000000000001f6e        0x0 /usr/lib/gcc/msp430/4.6.3/../../../../msp430/lib/mcpu-430x/mmpy-16/libc.a(rand.o)
 .bss           0x0000000000001f6e        0x0 /usr/lib/gcc/msp430/4.6.3/mcpu-430x/mmpy-16/libgcc.a(_udivmod64.o)
 .bss           0x0000000000001f6e        0x0 /usr/lib/gcc/msp430/4.6.3/mcpu-430x/mmpy-16/libcrt0.a(_reset_vector__.o)
 .bss           0x0000000000001f6e        0x0 /usr/lib/gcc/msp430/4.6.3/mcpu-430x/mmpy-16/libcrt0.a(__watchdog_support.o)
 .bss           0x0000000000001f6e        0x0 /usr/lib/gcc/msp430/4.6.3/mcpu-430x/mmpy-16/libcrt0.a(__init_stack.o)
 .bss           0x0000000000001f6e        0x0 /usr/lib/gcc/msp430/4.6.3/mcpu-430x/mmpy-16/libcrt0.a(__low_level_init.o)
 .bss           0x0000000000001f6e        0x0 /usr/lib/gcc/msp430/4.6.3/mcpu-430x/mmpy-16/libcrt0.a(_copy_data.o)
 .bss           0x0000000000001f6e        0x0 /usr/lib/gcc/msp430/4.6.3/mcpu-430x/mmpy-16/libcrt0.a(_clear_bss.o)
 .bss           0x0000000000001f6e        0x0 /usr/lib/gcc/msp430/4.6.3/mcpu-430x/mmpy-16/libcrt0.a(__stop_progExec__.o)
 .bss           0x0000000000001f6e        0x0 /usr/lib/gcc/msp430/4.6.3/mcpu-430x/mmpy-16/libcrt0.a(_endless_loop__.o)
 .bss           0x0000000000001f6e        0x0 /usr/lib/gcc/msp430/4.6.3/mcpu-430x/mmpy-16/libcrt0.a(_unexpected_.o)
 *(COMMON)
 COMMON         0x0000000000001f6e        0x2 obj_z1/contiki-z1-main.o
                0x0000000000001f6e                sensors_flags
 COMMON         0x0000000000001f70       0x10 contiki-z1.a(cc2420.o)
                0x0000000000001f70                cc2420_last_rssi
                0x0000000000001f72                cc2420_sfd_start_time
                0x0000000000001f74                cc2420_time_of_departure
                0x0000000000001f76                cc2420_time_of_arrival
                0x0000000000001f78                cc2420_last_correlation
                0x0000000000001f7a                cc2420_authority_level_of_sender
                0x0000000000001f7c                cc2420_sfd_counter
                0x0000000000001f7e                cc2420_sfd_end_time
 COMMON         0x0000000000001f80        0x8 contiki-z1.a(node-id.o)
                0x0000000000001f80                node_mac
 COMMON         0x0000000000001f88        0x1 contiki-z1.a(sensors.o)
                0x0000000000001f88                sensors_event
 *fill*         0x0000000000001f89        0x1 00
 COMMON         0x0000000000001f8a        0x7 contiki-z1.a(adxl345.o)
                0x0000000000001f8a                accm_int2_cb
                0x0000000000001f8c                int2_event
                0x0000000000001f8e                accm_int1_cb
                0x0000000000001f90                int1_event
 *fill*         0x0000000000001f91        0x1 00
 COMMON         0x0000000000001f92       0x56 contiki-z1.a(energest.o)
                0x0000000000001f92                energest_total_time
                0x0000000000001fc2                energest_total_count
                0x0000000000001fc4                energest_current_mode
                0x0000000000001fd0                energest_current_time
 COMMON         0x0000000000001fe8        0x1 contiki-z1.a(process.o)
                0x0000000000001fe8                process_maxevents
 *fill*         0x0000000000001fe9        0x1 00
 COMMON         0x0000000000001fea        0x8 contiki-z1.a(sicslowpan.o)
                0x0000000000001fea                frag_sender
 COMMON         0x0000000000001ff2      0x320 contiki-z1.a(uip6.o)
                0x0000000000001ff2                uip_len
                0x0000000000001ff4                uip_sappdata
                0x0000000000001ff6                uip_acc32
                0x0000000000001ffa                uip_lladdr
                0x0000000000002002                uip_aligned_buf
                0x00000000000020b6                uip_flags
                0x00000000000020b8                uip_next_hdr
                0x00000000000020ba                uip_udp_conn
                0x00000000000020bc                uip_appdata
                0x00000000000020be                uip_conn
                0x00000000000020c0                uip_conns
                0x00000000000021c8                uip_listenports
                0x00000000000021d8                uip_slen
                0x00000000000021da                uip_udp_conns
 COMMON         0x0000000000002312      0x15c contiki-z1.a(uip-ds6.o)
                0x0000000000002312                uip_ds6_timer_ra
                0x000000000000231a                uip_ds6_if
                0x0000000000002406                uip_ds6_netif_addr_list_offset
                0x0000000000002407                uip_ds6_addr_size
                0x0000000000002408                uip_ds6_prefix_list
                0x0000000000002462                uip_ds6_timer_periodic
 COMMON         0x000000000000246e        0x1 contiki-z1.a(tcpip.o)
                0x000000000000246e                tcpip_event
 *fill*         0x000000000000246f        0x1 00
 COMMON         0x0000000000002470       0xde contiki-z1.a(rpl-dag.o)
                0x0000000000002470                default_instance
                0x0000000000002472                instance_table
 COMMON         0x000000000000254e        0x8 contiki-z1.a(linkaddr.o)
                0x000000000000254e                linkaddr_node_addr
 COMMON         0x0000000000002556       0x2e contiki-z1.a(packetbuf.o)
                0x0000000000002556                packetbuf_addrs
                0x0000000000002566                packetbuf_attrs
 COMMON         0x0000000000002584       0x10 contiki-z1.a(i2cmaster.o)
                0x0000000000002584                transmit_data1
                0x0000000000002585                rx_byte_ctr
                0x0000000000002586                tx_buf_ptr
                0x0000000000002588                tx_byte_ctr
                0x000000000000258a                i
                0x000000000000258c                receive_data
                0x000000000000258e                rx_buf
                0x0000000000002590                transmit_data2
                0x0000000000002592                rx_buf_ptr
                0x0000000000002594                . = ALIGN (0x2)
                0x0000000000002594                PROVIDE (__bss_end, .)
                0x0000000000001388                PROVIDE (__bss_size, SIZEOF (.bss))

.noinit         0x0000000000002594        0x2 load address 0x000000000000ebc6
                0x0000000000002594                PROVIDE (__noinit_start, .)
 *(.noinit .noinit.*)
 .noinit.crt0   0x0000000000002594        0x2 /usr/lib/gcc/msp430/4.6.3/mcpu-430x/mmpy-16/libcrt0.a(__watchdog_support.o)
                0x0000000000002594                __wdt_clear_value
                0x0000000000002596                . = ALIGN (0x2)
                0x0000000000002596                PROVIDE (__noinit_end, .)
                0x0000000000002596                . = ALIGN (0x2)
                0x0000000000002596                _end = .

.infomem        0x0000000000001000        0x0
 *(.infomem)
                0x0000000000001000                . = ALIGN (0x2)
 *(.infomem.*)

.infomemnobits  0x0000000000001000        0x0
 *(.infomemnobits)
                0x0000000000001000                . = ALIGN (0x2)
 *(.infomemnobits.*)

.infoa
 *(.infoa .infoa.*)

.infob
 *(.infob .infob.*)

.infoc
 *(.infoc .infoc.*)

.infod
 *(.infod .infod.*)

.vectors        0x000000000000ffc0       0x40
                0x000000000000ffc0                PROVIDE (__vectors_start, .)
 *(.vectors*)
 .vectors       0x000000000000ffc0       0x40 /usr/lib/gcc/msp430/4.6.3/mcpu-430x/mmpy-16/crt0ivtbl32.o
                0x000000000000ffc0                __ivtbl_32
                0x0000000000010000                _vectors_end = .

.fartext        0x0000000000010000        0x0
                0x0000000000010000                . = ALIGN (0x2)
 *(.fartext)
                0x0000000000010000                . = ALIGN (0x2)
 *(.fartext.*)
                0x0000000000010000                _efartext = .

.profiler
 *(.profiler)

.stab           0x0000000000000000    0x28998
 *(.stab)
 .stab          0x0000000000000000     0x1a58 udp-server.co
 .stab          0x0000000000001a58     0x12c0 obj_z1/contiki-z1-main.o
                                       0x1b24 (size before relaxing)
 .stab          0x0000000000002d18      0x240 contiki-z1.a(contiki-z1-plat)
                                        0x5a0 (size before relaxing)
 .stab          0x0000000000002f58      0x4a4 contiki-z1.a(msp430.o)
                                        0x7f8 (size before relaxing)
 .stab          0x00000000000033fc      0x5dc contiki-z1.a(leds.o)
                                        0x828 (size before relaxing)
 .stab          0x00000000000039d8      0x3fc contiki-z1.a(watchdog.o)
                                        0x750 (size before relaxing)
 .stab          0x0000000000003dd4      0x9fc contiki-z1.a(xmem.o)
                                        0xf3c (size before relaxing)
 .stab          0x00000000000047d0      0x288 contiki-z1.a(spi.o)
                                        0x5dc (size before relaxing)
 .stab          0x0000000000004a58     0x25e0 contiki-z1.a(cc2420.o)
                                       0x2cac (size before relaxing)
 .stab          0x0000000000007038      0x72c contiki-z1.a(cc2420-arch.o)
                                       0x16a4 (size before relaxing)
 .stab          0x0000000000007764      0x300 contiki-z1.a(node-id.o)
                                        0x6d8 (size before relaxing)
 .stab          0x0000000000007a64      0x654 contiki-z1.a(sensors.o)
                                        0xb70 (size before relaxing)
 .stab          0x00000000000080b8      0x468 contiki-z1.a(button-sensor.o)
                                        0x7d4 (size before relaxing)
 .stab          0x0000000000008520      0x4f8 contiki-z1.a(uart0.o)
                                        0xa2c (size before relaxing)
 .stab          0x0000000000008a18      0x264 contiki-z1.a(uart0-putchar.o)
                                        0x78c (size before relaxing)
 .stab          0x0000000000008c7c      0xb10 contiki-z1.a(adxl345.o)
                                       0x1128 (size before relaxing)
 .stab          0x000000000000978c      0x948 contiki-z1.a(clock.o)
                                        0xc9c (size before relaxing)
 .stab          0x000000000000a0d4      0x3a8 contiki-z1.a(leds-arch.o)
                                        0x6fc (size before relaxing)
 .stab          0x000000000000a47c      0x3cc contiki-z1.a(rtimer-arch.o)
                                        0x720 (size before relaxing)
 .stab          0x000000000000a848      0x294 contiki-z1.a(autostart.o)
                                        0x534 (size before relaxing)
 .stab          0x000000000000aadc      0x7a4 contiki-z1.a(ctimer.o)
                                        0xb10 (size before relaxing)
 .stab          0x000000000000b280      0x474 contiki-z1.a(energest.o)
                                        0x6fc (size before relaxing)
 .stab          0x000000000000b6f4      0xa38 contiki-z1.a(etimer.o)
                                        0xd08 (size before relaxing)
 .stab          0x000000000000c12c      0xb7c contiki-z1.a(process.o)
                                       0x1014 (size before relaxing)
 .stab          0x000000000000cca8      0x3d8 contiki-z1.a(rtimer.o)
                                        0x6c0 (size before relaxing)
 .stab          0x000000000000d080      0x354 contiki-z1.a(timer.o)
                                        0x594 (size before relaxing)
 .stab          0x000000000000d3d4      0x7f8 contiki-z1.a(list.o)
                                        0x804 (size before relaxing)
 .stab          0x000000000000dbcc     0x1fb0 contiki-z1.a(sicslowpan.o)
                                       0x2ef8 (size before relaxing)
 .stab          0x000000000000fb7c     0x2bf8 contiki-z1.a(uip6.o)
                                       0x37b0 (size before relaxing)
 .stab          0x0000000000012774     0x13d4 contiki-z1.a(uip-ds6.o)
                                       0x1f74 (size before relaxing)
 .stab          0x0000000000013b48      0xde0 contiki-z1.a(uip-ds6-nbr.o)
                                       0x1818 (size before relaxing)
 .stab          0x0000000000014928     0x1260 contiki-z1.a(uip-ds6-route.o)
                                       0x1de8 (size before relaxing)
 .stab          0x0000000000015b88      0xcf0 contiki-z1.a(uip-icmp6.o)
                                       0x1968 (size before relaxing)
 .stab          0x0000000000016878      0xd20 contiki-z1.a(uip-nd6.o)
                                       0x18fc (size before relaxing)
 .stab          0x0000000000017598     0x14ac contiki-z1.a(tcpip.o)
                                       0x26f4 (size before relaxing)
 .stab          0x0000000000018a44      0x444 contiki-z1.a(uip-debug.o)
                                        0xbd0 (size before relaxing)
 .stab          0x0000000000018e88      0xa8c contiki-z1.a(rpl.o)
                                       0x17b8 (size before relaxing)
 .stab          0x0000000000019914     0x2f10 contiki-z1.a(rpl-dag.o)
                                       0x3c18 (size before relaxing)
 .stab          0x000000000001c824      0xa50 contiki-z1.a(rpl-ext-header.)
                                       0x180c (size before relaxing)
 .stab          0x000000000001d274     0x17ac contiki-z1.a(rpl-icmp6.o)
                                       0x25b0 (size before relaxing)
 .stab          0x000000000001ea20      0x8ac contiki-z1.a(rpl-mrhof.o)
                                       0x159c (size before relaxing)
 .stab          0x000000000001f2cc      0xbdc contiki-z1.a(rpl-timers.o)
                                       0x18cc (size before relaxing)
 .stab          0x000000000001fea8      0x2c4 contiki-z1.a(linkaddr.o)
                                        0x6c0 (size before relaxing)
 .stab          0x000000000002016c      0xd80 contiki-z1.a(nbr-table.o)
                                       0x1428 (size before relaxing)
 .stab          0x0000000000020eec      0xdb0 contiki-z1.a(packetbuf.o)
                                       0x1ed8 (size before relaxing)
 .stab          0x0000000000021c9c      0xad4 contiki-z1.a(queuebuf.o)
                                       0x1c14 (size before relaxing)
 .stab          0x0000000000022770     0x1050 contiki-z1.a(csma.o)
                                       0x1590 (size before relaxing)
 .stab          0x00000000000237c0      0x930 contiki-z1.a(framer-802154.o)
                                        0xf54 (size before relaxing)
 .stab          0x00000000000240f0      0x3fc contiki-z1.a(framer.o)
                                        0xc54 (size before relaxing)
 .stab          0x00000000000244ec      0x1f8 contiki-z1.a(mac.o)
                                        0x4ec (size before relaxing)
 .stab          0x00000000000246e4     0x1794 contiki-z1.a(contikimac.o)
                                       0x2208 (size before relaxing)
 .stab          0x0000000000025e78      0x75c contiki-z1.a(nullsec.o)
                                        0xda4 (size before relaxing)
 .stab          0x00000000000265d4      0x894 contiki-z1.a(i2cmaster.o)
                                        0xbe8 (size before relaxing)
 .stab          0x0000000000026e68      0x3c0 contiki-z1.a(stimer.o)
                                        0x600 (size before relaxing)
 .stab          0x0000000000027228      0x5c4 contiki-z1.a(memb.o)
                                        0xaf8 (size before relaxing)
 .stab          0x00000000000277ec      0x228 contiki-z1.a(random.o)
                                        0x624 (size before relaxing)
 .stab          0x0000000000027a14      0x924 contiki-z1.a(frame802154.o)
                                       0x10f8 (size before relaxing)
 .stab          0x0000000000028338      0x660 contiki-z1.a(mac-sequence.o)
                                       0x1788 (size before relaxing)

.stabstr        0x0000000000000000    0x1bd3f
 *(.stabstr)
 .stabstr       0x0000000000000000    0x1bd3f udp-server.co

.stab.excl
 *(.stab.excl)

.stab.exclstr
 *(.stab.exclstr)

.stab.index
 *(.stab.index)

.stab.indexstr
 *(.stab.indexstr)

.comment
 *(.comment)

.debug
 *(.debug)

.line
 *(.line)

.debug_srcinfo
 *(.debug_srcinfo)

.debug_sfnames
 *(.debug_sfnames)

.debug_aranges  0x0000000000000000      0x190
 *(.debug_aranges)
 .debug_aranges
                0x0000000000000000       0x14 /usr/lib/gcc/msp430/4.6.3/mcpu-430x/mmpy-16/libgcc.a(_mulsi3.o)
 .debug_aranges
                0x0000000000000014       0x14 /usr/lib/gcc/msp430/4.6.3/mcpu-430x/mmpy-16/libgcc.a(_udivmod16.o)
 .debug_aranges
                0x0000000000000028       0x14 /usr/lib/gcc/msp430/4.6.3/mcpu-430x/mmpy-16/libgcc.a(_divmod16.o)
 .debug_aranges
                0x000000000000003c       0x14 /usr/lib/gcc/msp430/4.6.3/mcpu-430x/mmpy-16/libgcc.a(_udivmod32.o)
 .debug_aranges
                0x0000000000000050       0x14 /usr/lib/gcc/msp430/4.6.3/../../../../msp430/lib/mcpu-430x/mmpy-16/libc.a(strncmp.o)
 .debug_aranges
                0x0000000000000064       0x14 /usr/lib/gcc/msp430/4.6.3/../../../../msp430/lib/mcpu-430x/mmpy-16/libc.a(memcmp.o)
 .debug_aranges
                0x0000000000000078       0x14 /usr/lib/gcc/msp430/4.6.3/../../../../msp430/lib/mcpu-430x/mmpy-16/libc.a(memcpy.o)
 .debug_aranges
                0x000000000000008c       0x14 /usr/lib/gcc/msp430/4.6.3/../../../../msp430/lib/mcpu-430x/mmpy-16/libc.a(memmove.o)
 .debug_aranges
                0x00000000000000a0       0x14 /usr/lib/gcc/msp430/4.6.3/../../../../msp430/lib/mcpu-430x/mmpy-16/libc.a(memset.o)
 .debug_aranges
                0x00000000000000b4       0x14 /usr/lib/gcc/msp430/4.6.3/../../../../msp430/lib/mcpu-430x/mmpy-16/libc.a(printf.o)
 .debug_aranges
                0x00000000000000c8       0x14 /usr/lib/gcc/msp430/4.6.3/../../../../msp430/lib/mcpu-430x/mmpy-16/libc.a(vuprintf.o)
 .debug_aranges
                0x00000000000000dc       0x14 /usr/lib/gcc/msp430/4.6.3/../../../../msp430/lib/mcpu-430x/mmpy-16/libc.a(puts.o)
 .debug_aranges
                0x00000000000000f0       0x14 /usr/lib/gcc/msp430/4.6.3/../../../../msp430/lib/mcpu-430x/mmpy-16/libc.a(rand.o)
 .debug_aranges
                0x0000000000000104       0x14 /usr/lib/gcc/msp430/4.6.3/mcpu-430x/mmpy-16/libgcc.a(_udivmod64.o)
 .debug_aranges
                0x0000000000000118       0x14 /usr/lib/gcc/msp430/4.6.3/mcpu-430x/mmpy-16/libcrt0.a(__watchdog_support.o)
 .debug_aranges
                0x000000000000012c       0x14 /usr/lib/gcc/msp430/4.6.3/mcpu-430x/mmpy-16/libcrt0.a(__init_stack.o)
 .debug_aranges
                0x0000000000000140       0x14 /usr/lib/gcc/msp430/4.6.3/mcpu-430x/mmpy-16/libcrt0.a(_copy_data.o)
 .debug_aranges
                0x0000000000000154       0x14 /usr/lib/gcc/msp430/4.6.3/mcpu-430x/mmpy-16/libcrt0.a(_clear_bss.o)
 .debug_aranges
                0x0000000000000168       0x14 /usr/lib/gcc/msp430/4.6.3/mcpu-430x/mmpy-16/libcrt0.a(_endless_loop__.o)
 .debug_aranges
                0x000000000000017c       0x14 /usr/lib/gcc/msp430/4.6.3/mcpu-430x/mmpy-16/libcrt0.a(_unexpected_.o)

.debug_pubnames
 *(.debug_pubnames)

.debug_info     0x0000000000000000     0x16a4
 *(.debug_info)
 .debug_info    0x0000000000000000       0xf6 /usr/lib/gcc/msp430/4.6.3/mcpu-430x/mmpy-16/libgcc.a(_mulsi3.o)
 .debug_info    0x00000000000000f6       0xf6 /usr/lib/gcc/msp430/4.6.3/mcpu-430x/mmpy-16/libgcc.a(_udivmod16.o)
 .debug_info    0x00000000000001ec       0xf6 /usr/lib/gcc/msp430/4.6.3/mcpu-430x/mmpy-16/libgcc.a(_divmod16.o)
 .debug_info    0x00000000000002e2       0xf6 /usr/lib/gcc/msp430/4.6.3/mcpu-430x/mmpy-16/libgcc.a(_udivmod32.o)
 .debug_info    0x00000000000003d8       0xbb /usr/lib/gcc/msp430/4.6.3/../../../../msp430/lib/mcpu-430x/mmpy-16/libc.a(strncmp.o)
 .debug_info    0x0000000000000493       0xe8 /usr/lib/gcc/msp430/4.6.3/../../../../msp430/lib/mcpu-430x/mmpy-16/libc.a(memcmp.o)
 .debug_info    0x000000000000057b      0x111 /usr/lib/gcc/msp430/4.6.3/../../../../msp430/lib/mcpu-430x/mmpy-16/libc.a(memcpy.o)
 .debug_info    0x000000000000068c      0x111 /usr/lib/gcc/msp430/4.6.3/../../../../msp430/lib/mcpu-430x/mmpy-16/libc.a(memmove.o)
 .debug_info    0x000000000000079d       0xfe /usr/lib/gcc/msp430/4.6.3/../../../../msp430/lib/mcpu-430x/mmpy-16/libc.a(memset.o)
 .debug_info    0x000000000000089b      0x105 /usr/lib/gcc/msp430/4.6.3/../../../../msp430/lib/mcpu-430x/mmpy-16/libc.a(printf.o)
 .debug_info    0x00000000000009a0      0x565 /usr/lib/gcc/msp430/4.6.3/../../../../msp430/lib/mcpu-430x/mmpy-16/libc.a(vuprintf.o)
 .debug_info    0x0000000000000f05       0x96 /usr/lib/gcc/msp430/4.6.3/../../../../msp430/lib/mcpu-430x/mmpy-16/libc.a(puts.o)
 .debug_info    0x0000000000000f9b      0x13f /usr/lib/gcc/msp430/4.6.3/../../../../msp430/lib/mcpu-430x/mmpy-16/libc.a(rand.o)
 .debug_info    0x00000000000010da       0xf6 /usr/lib/gcc/msp430/4.6.3/mcpu-430x/mmpy-16/libgcc.a(_udivmod64.o)
 .debug_info    0x00000000000011d0       0xce /usr/lib/gcc/msp430/4.6.3/mcpu-430x/mmpy-16/libcrt0.a(__watchdog_support.o)
 .debug_info    0x000000000000129e       0xce /usr/lib/gcc/msp430/4.6.3/mcpu-430x/mmpy-16/libcrt0.a(__init_stack.o)