Archive member included because of file (symbol)

contiki-z1.a(er-coap.o)       obj_z1/res-b1-sep-b2.o (coap_serialize_message)
contiki-z1.a(er-coap-engine.)
                              obj_z1/res-radio.o (coap_rest_implementation)
contiki-z1.a(er-coap-transac)
                              contiki-z1.a(er-coap-engine.) (coap_register_as_transaction_handler)
contiki-z1.a(er-coap-observe)
                              contiki-z1.a(er-coap-transac) (coap_remove_observer_by_client)
contiki-z1.a(er-coap-separat)
                              obj_z1/res-separate.o (coap_separate_reject)
contiki-z1.a(er-coap-res-wel)
                              contiki-z1.a(er-coap-engine.) (res_well_known_core)
contiki-z1.a(er-coap-block1.)
                              obj_z1/res-b1-sep-b2.o (coap_block1_handler)
contiki-z1.a(er-coap-observe)
                              contiki-z1.a(er-coap-engine.) (coap_handle_notification)
contiki-z1.a(rest-engine.o)   er-example-server.co (rest_init_engine)
contiki-z1.a(contiki-z1-plat)
                              obj_z1/contiki-z1-main.o (init_platform)
contiki-z1.a(msp430.o)        obj_z1/contiki-z1-main.o (splhigh_)
contiki-z1.a(leds.o)          obj_z1/contiki-z1-main.o (leds_init)
contiki-z1.a(watchdog.o)      obj_z1/contiki-z1-main.o (watchdog_start)
contiki-z1.a(xmem.o)          obj_z1/contiki-z1-main.o (xmem_init)
contiki-z1.a(spi.o)           contiki-z1.a(xmem.o) (spi_init)
contiki-z1.a(cc2420.o)        obj_z1/contiki-z1-main.o (cc2420_set_pan_addr)
contiki-z1.a(cc2420-arch.o)   contiki-z1.a(cc2420.o) (cc2420_arch_init)
contiki-z1.a(node-id.o)       obj_z1/contiki-z1-main.o (node_id_restore)
contiki-z1.a(sensors.o)       er-example-server.co (sensors_event)
contiki-z1.a(button-sensor.o)
                              er-example-server.co (button_sensor)
contiki-z1.a(radio-sensor.o)  obj_z1/res-radio.o (radio_sensor)
contiki-z1.a(uart0.o)         obj_z1/contiki-z1-main.o (uart0_active)
contiki-z1.a(uart0-putchar.o)
                              obj_z1/res-b1-sep-b2.o (putchar)
contiki-z1.a(battery-sensor.)
                              obj_z1/res-battery.o (battery_sensor)
contiki-z1.a(sky-sensors.o)   contiki-z1.a(battery-sensor.) (sky_sensors_status)
contiki-z1.a(adxl345.o)       obj_z1/contiki-z1-main.o (accm_init)
contiki-z1.a(clock.o)         obj_z1/contiki-z1-main.o (clock_init)
contiki-z1.a(leds-arch.o)     contiki-z1.a(leds.o) (leds_arch_init)
contiki-z1.a(rtimer-arch.o)   obj_z1/contiki-z1-main.o (rtimer_arch_now)
contiki-z1.a(autostart.o)     obj_z1/contiki-z1-main.o (autostart_start)
contiki-z1.a(ctimer.o)        obj_z1/contiki-z1-main.o (ctimer_init)
contiki-z1.a(energest.o)      obj_z1/contiki-z1-main.o (energest_init)
contiki-z1.a(etimer.o)        contiki-z1.a(clock.o) (etimer_request_poll)
contiki-z1.a(process.o)       er-example-server.co (process_current)
contiki-z1.a(rtimer.o)        obj_z1/contiki-z1-main.o (rtimer_init)
contiki-z1.a(timer.o)         contiki-z1.a(button-sensor.o) (timer_set)
contiki-z1.a(list.o)          contiki-z1.a(rest-engine.o) (list_init)
contiki-z1.a(memb.o)          contiki-z1.a(er-coap-transac) (memb_alloc)
contiki-z1.a(random.o)        contiki-z1.a(er-coap.o) (random_rand)
contiki-z1.a(sicslowpan.o)    obj_z1/contiki-z1-main.o (sicslowpan_driver)
contiki-z1.a(uip6.o)          contiki-z1.a(er-coap-engine.) (uip_aligned_buf)
contiki-z1.a(uip-ds6.o)       contiki-z1.a(uip6.o) (uip_ds6_is_addr_onlink)
contiki-z1.a(uip-ds6-nbr.o)   contiki-z1.a(uip-ds6.o) (uip_ds6_neighbors_init)
contiki-z1.a(uip-ds6-route.o)
                              contiki-z1.a(uip-ds6.o) (uip_ds6_route_init)
contiki-z1.a(uip-icmp6.o)     contiki-z1.a(uip6.o) (uip_icmp6_input)
contiki-z1.a(uip-nd6.o)       contiki-z1.a(uip-ds6-nbr.o) (uip_nd6_ns_output)
contiki-z1.a(tcpip.o)         contiki-z1.a(sicslowpan.o) (tcpip_set_outputfunc)
contiki-z1.a(uip-debug.o)     contiki-z1.a(uip-ds6-route.o) (uip_debug_ipaddr_print)
contiki-z1.a(uip-udp-packet.)
                              contiki-z1.a(er-coap.o) (uip_udp_packet_send)
contiki-z1.a(rpl.o)           contiki-z1.a(uip-ds6-nbr.o) (rpl_link_neighbor_callback)
contiki-z1.a(rpl-dag.o)       contiki-z1.a(rpl.o) (default_instance)
contiki-z1.a(rpl-ext-header.)
                              contiki-z1.a(uip6.o) (rpl_verify_header)
contiki-z1.a(rpl-icmp6.o)     contiki-z1.a(rpl.o) (dao_output_target)
contiki-z1.a(rpl-mrhof.o)     contiki-z1.a(rpl.o) (rpl_mrhof)
contiki-z1.a(rpl-timers.o)    contiki-z1.a(rpl.o) (rpl_reset_periodic_timer)
contiki-z1.a(linkaddr.o)      obj_z1/contiki-z1-main.o (linkaddr_copy)
contiki-z1.a(nbr-table.o)     contiki-z1.a(uip-ds6-nbr.o) (nbr_table_register)
contiki-z1.a(packetbuf.o)     contiki-z1.a(cc2420.o) (packetbuf_set_datalen)
contiki-z1.a(queuebuf.o)      obj_z1/contiki-z1-main.o (queuebuf_init)
contiki-z1.a(framer-802154.o)
                              contiki-z1.a(sicslowpan.o) (framer_802154)
[...]
Memory Configuration

Name             Origin             Length             Attributes
sfr              0x0000000000000000 0x0000000000000010
peripheral_8bit  0x0000000000000010 0x00000000000000f0
peripheral_16bit 0x0000000000000100 0x0000000000000100
ram_mirror       0x0000000000000200 0x0000000000000800 xw
infomem          0x0000000000001000 0x0000000000000100
infod            0x0000000000001000 0x0000000000000040
infoc            0x0000000000001040 0x0000000000000040
infob            0x0000000000001080 0x0000000000000040
infoa            0x00000000000010c0 0x0000000000000040
ram              0x0000000000001100 0x0000000000002000 xw
rom              0x0000000000003100 0x000000000000cebe xr
vectors          0x000000000000ffc0 0x0000000000000040
far_rom          0x0000000000010000 0x000000000000a000
bsl              0x0000000000000000 0x0000000000000000
ram2             0x0000000000000000 0x0000000000000000 xw
usbram           0x0000000000000000 0x0000000000000000 xw
*default*        0x0000000000000000 0xffffffffffffffff

Linker script and memory map

LOAD /usr/lib/gcc/msp430/4.6.3/mcpu-430x/mmpy-16/crt0ivtbl32.o
                0x0000000000000041                __P1SEL2 = 0x41
                0x0000000000000045                __P5SEL2 = 0x45
LOAD er-example-server.co
LOAD obj_z1/res-sht11.o
LOAD obj_z1/res-radio.o
LOAD obj_z1/res-sub.o
LOAD obj_z1/res-push_copy.o
LOAD obj_z1/res-toggle.o
LOAD obj_z1/res-leds.o
LOAD obj_z1/res-b1-sep-b2.o
LOAD obj_z1/res-hello.o
LOAD obj_z1/res-chunks.o
LOAD obj_z1/res-push.o
LOAD obj_z1/res-event.o
LOAD obj_z1/res-battery.o
LOAD obj_z1/res-separate.o
LOAD obj_z1/res-light.o
LOAD obj_z1/res-push_blockwise.o
LOAD obj_z1/res-observe.o
LOAD obj_z1/res-mirror.o
LOAD obj_z1/contiki-z1-main.o
LOAD contiki-z1.a
LOAD /usr/lib/gcc/msp430/4.6.3/mcpu-430x/mmpy-16/libgcc.a
LOAD /usr/lib/gcc/msp430/4.6.3/../../../../msp430/lib/mcpu-430x/mmpy-16/libc.a
LOAD /usr/lib/gcc/msp430/4.6.3/mcpu-430x/mmpy-16/libgcc.a
LOAD /usr/lib/gcc/msp430/4.6.3/mcpu-430x/mmpy-16/libcrt0.a
                0x0000000000000040                PROVIDE (__info_segment_size, 0x40)
                0x0000000000001000                PROVIDE (__infod, 0x1000)
                0x0000000000001040                PROVIDE (__infoc, 0x1040)
                0x0000000000001080                PROVIDE (__infob, 0x1080)
                0x00000000000010c0                PROVIDE (__infoa, 0x10c0)
                0x0000000000000000                __IE1 = 0x0
                0x0000000000000002                __IFG1 = 0x2
                0x0000000000000001                __IE2 = 0x1
                0x0000000000000003                __IFG2 = 0x3
                0x0000000000000006                __UC1IE = 0x6
                0x0000000000000007                __UC1IFG = 0x7
                0x00000000000001a0                __ADC12CTL0 = 0x1a0
                0x00000000000001a2                __ADC12CTL1 = 0x1a2
                0x00000000000001a4                __ADC12IFG = 0x1a4
                0x00000000000001a6                __ADC12IE = 0x1a6
                0x00000000000001a8                __ADC12IV = 0x1a8
                0x0000000000000140                __ADC12MEM0 = 0x140
                0x0000000000000142                __ADC12MEM1 = 0x142
                0x0000000000000144                __ADC12MEM2 = 0x144
                0x0000000000000146                __ADC12MEM3 = 0x146
                0x0000000000000148                __ADC12MEM4 = 0x148
                0x000000000000014a                __ADC12MEM5 = 0x14a
                0x000000000000014c                __ADC12MEM6 = 0x14c
                0x000000000000014e                __ADC12MEM7 = 0x14e
                0x0000000000000150                __ADC12MEM8 = 0x150
                0x0000000000000152                __ADC12MEM9 = 0x152
                0x0000000000000154                __ADC12MEM10 = 0x154
                0x0000000000000156                __ADC12MEM11 = 0x156
                0x0000000000000158                __ADC12MEM12 = 0x158
                0x000000000000015a                __ADC12MEM13 = 0x15a
                0x000000000000015c                __ADC12MEM14 = 0x15c
                0x000000000000015e                __ADC12MEM15 = 0x15e
                0x0000000000000080                __ADC12MCTL0 = 0x80
                0x0000000000000081                __ADC12MCTL1 = 0x81
                0x0000000000000082                __ADC12MCTL2 = 0x82
                0x0000000000000083                __ADC12MCTL3 = 0x83
                0x0000000000000084                __ADC12MCTL4 = 0x84
                0x0000000000000085                __ADC12MCTL5 = 0x85
                0x0000000000000086                __ADC12MCTL6 = 0x86
                0x0000000000000087                __ADC12MCTL7 = 0x87
                0x0000000000000088                __ADC12MCTL8 = 0x88
                0x0000000000000089                __ADC12MCTL9 = 0x89
                0x000000000000008a                __ADC12MCTL10 = 0x8a
                0x000000000000008b                __ADC12MCTL11 = 0x8b
                0x000000000000008c                __ADC12MCTL12 = 0x8c
                0x000000000000008d                __ADC12MCTL13 = 0x8d
                0x000000000000008e                __ADC12MCTL14 = 0x8e
                0x000000000000008f                __ADC12MCTL15 = 0x8f
                0x0000000000000056                __DCOCTL = 0x56
                0x0000000000000057                __BCSCTL1 = 0x57
                0x0000000000000058                __BCSCTL2 = 0x58
                0x0000000000000053                __BCSCTL3 = 0x53
                0x0000000000000059                __CACTL1 = 0x59
                0x000000000000005a                __CACTL2 = 0x5a
                0x000000000000005b                __CAPD = 0x5b
                0x00000000000001c0                __DAC12_0CTL = 0x1c0
                0x00000000000001c2                __DAC12_1CTL = 0x1c2
                0x00000000000001c8                __DAC12_0DAT = 0x1c8
                0x00000000000001ca                __DAC12_1DAT = 0x1ca
                0x0000000000000122                __DMACTL0 = 0x122
                0x0000000000000124                __DMACTL1 = 0x124
                0x0000000000000126                __DMAIV = 0x126
                0x00000000000001d0                __DMA0CTL = 0x1d0
                0x00000000000001dc                __DMA1CTL = 0x1dc
                0x00000000000001e8                __DMA2CTL = 0x1e8
                0x00000000000001d2                __DMA0SA = 0x1d2
                0x00000000000001d2                __DMA0SAL = 0x1d2
                0x00000000000001d6                __DMA0DA = 0x1d6
                0x00000000000001d6                __DMA0DAL = 0x1d6
                0x00000000000001da                __DMA0SZ = 0x1da
                0x00000000000001de                __DMA1SA = 0x1de
                0x00000000000001de                __DMA1SAL = 0x1de
                0x00000000000001e2                __DMA1DA = 0x1e2
                0x00000000000001e2                __DMA1DAL = 0x1e2
                0x00000000000001e6                __DMA1SZ = 0x1e6
                0x00000000000001ea                __DMA2SA = 0x1ea
                0x00000000000001ea                __DMA2SAL = 0x1ea
                0x00000000000001ee                __DMA2DA = 0x1ee
                0x00000000000001ee                __DMA2DAL = 0x1ee
                0x00000000000001f2                __DMA2SZ = 0x1f2
                0x0000000000000128                __FCTL1 = 0x128
                0x000000000000012a                __FCTL2 = 0x12a
                0x000000000000012c                __FCTL3 = 0x12c
                0x00000000000001be                __FCTL4 = 0x1be
                0x0000000000000130                __MPY = 0x130
                0x0000000000000132                __MPYS = 0x132
                0x0000000000000134                __MAC = 0x134
                0x0000000000000136                __MACS = 0x136
                0x0000000000000138                __OP2 = 0x138
                0x000000000000013a                __RESLO = 0x13a
                0x000000000000013c                __RESHI = 0x13c
                0x000000000000013e                __SUMEXT = 0x13e
                0x0000000000000020                __P1IN = 0x20
                0x0000000000000021                __P1OUT = 0x21
                0x0000000000000022                __P1DIR = 0x22
                0x0000000000000023                __P1IFG = 0x23
                0x0000000000000024                __P1IES = 0x24
                0x0000000000000025                __P1IE = 0x25
                0x0000000000000026                __P1SEL = 0x26
                0x0000000000000027                __P1REN = 0x27
                0x0000000000000028                __P2IN = 0x28
                0x0000000000000029                __P2OUT = 0x29
                0x000000000000002a                __P2DIR = 0x2a
                0x000000000000002b                __P2IFG = 0x2b
                0x000000000000002c                __P2IES = 0x2c
                0x000000000000002d                __P2IE = 0x2d
                0x000000000000002e                __P2SEL = 0x2e
                0x000000000000002f                __P2REN = 0x2f
                0x0000000000000018                __P3IN = 0x18
                0x0000000000000019                __P3OUT = 0x19
                0x000000000000001a                __P3DIR = 0x1a
                0x000000000000001b                __P3SEL = 0x1b
                0x0000000000000010                __P3REN = 0x10
                0x000000000000001c                __P4IN = 0x1c
                0x000000000000001d                __P4OUT = 0x1d
                0x000000000000001e                __P4DIR = 0x1e
                0x000000000000001f                __P4SEL = 0x1f
                0x0000000000000011                __P4REN = 0x11
                0x0000000000000030                __P5IN = 0x30
                0x0000000000000031                __P5OUT = 0x31
                0x0000000000000032                __P5DIR = 0x32
                0x0000000000000033                __P5SEL = 0x33
                0x0000000000000012                __P5REN = 0x12
                0x0000000000000034                __P6IN = 0x34
                0x0000000000000035                __P6OUT = 0x35
                0x0000000000000036                __P6DIR = 0x36
                0x0000000000000037                __P6SEL = 0x37
                0x0000000000000013                __P6REN = 0x13
                0x0000000000000038                __P7IN = 0x38
                0x000000000000003a                __P7OUT = 0x3a
                0x000000000000003c                __P7DIR = 0x3c
                0x000000000000003e                __P7SEL = 0x3e
                0x0000000000000014                __P7REN = 0x14
                0x0000000000000039                __P8IN = 0x39
                0x000000000000003b                __P8OUT = 0x3b
                0x000000000000003d                __P8DIR = 0x3d
                0x000000000000003f                __P8SEL = 0x3f
                0x0000000000000015                __P8REN = 0x15
                0x0000000000000038                __PAIN = 0x38
                0x000000000000003a                __PAOUT = 0x3a
                0x000000000000003c                __PADIR = 0x3c
                0x000000000000003e                __PASEL = 0x3e
                0x0000000000000014                __PAREN = 0x14
                0x0000000000000055                __SVSCTL = 0x55
                0x000000000000012e                __TAIV = 0x12e
                0x0000000000000160                __TACTL = 0x160
                0x0000000000000162                __TACCTL0 = 0x162
                0x0000000000000164                __TACCTL1 = 0x164
                0x0000000000000166                __TACCTL2 = 0x166
                0x0000000000000170                __TAR = 0x170
                0x0000000000000172                __TACCR0 = 0x172
                0x0000000000000174                __TACCR1 = 0x174
                0x0000000000000176                __TACCR2 = 0x176
                0x000000000000011e                __TBIV = 0x11e
                0x0000000000000180                __TBCTL = 0x180
                0x0000000000000182                __TBCCTL0 = 0x182
                0x0000000000000184                __TBCCTL1 = 0x184
                0x0000000000000186                __TBCCTL2 = 0x186
                0x0000000000000188                __TBCCTL3 = 0x188
                0x000000000000018a                __TBCCTL4 = 0x18a
                0x000000000000018c                __TBCCTL5 = 0x18c
                0x000000000000018e                __TBCCTL6 = 0x18e
                0x0000000000000190                __TBR = 0x190
                0x0000000000000192                __TBCCR0 = 0x192
                0x0000000000000194                __TBCCR1 = 0x194
                0x0000000000000196                __TBCCR2 = 0x196
                0x0000000000000198                __TBCCR3 = 0x198
                0x000000000000019a                __TBCCR4 = 0x19a
                0x000000000000019c                __TBCCR5 = 0x19c
                0x000000000000019e                __TBCCR6 = 0x19e
                0x0000000000000060                __UCA0CTL0 = 0x60
                0x0000000000000061                __UCA0CTL1 = 0x61
                0x0000000000000062                __UCA0BR0 = 0x62
                0x0000000000000063                __UCA0BR1 = 0x63
                0x0000000000000064                __UCA0MCTL = 0x64
                0x0000000000000065                __UCA0STAT = 0x65
                0x0000000000000066                __UCA0RXBUF = 0x66
                0x0000000000000067                __UCA0TXBUF = 0x67
                0x000000000000005d                __UCA0ABCTL = 0x5d
                0x000000000000005e                __UCA0IRTCTL = 0x5e
                0x000000000000005f                __UCA0IRRCTL = 0x5f
                0x0000000000000068                __UCB0CTL0 = 0x68
                0x0000000000000069                __UCB0CTL1 = 0x69
                0x000000000000006a                __UCB0BR0 = 0x6a
                0x000000000000006b                __UCB0BR1 = 0x6b
                0x000000000000006c                __UCB0I2CIE = 0x6c
                0x000000000000006d                __UCB0STAT = 0x6d
                0x000000000000006e                __UCB0RXBUF = 0x6e
                0x000000000000006f                __UCB0TXBUF = 0x6f
                0x0000000000000118                __UCB0I2COA = 0x118
                0x000000000000011a                __UCB0I2CSA = 0x11a
                0x00000000000000d0                __UCA1CTL0 = 0xd0
                0x00000000000000d1                __UCA1CTL1 = 0xd1
                0x00000000000000d2                __UCA1BR0 = 0xd2
                0x00000000000000d3                __UCA1BR1 = 0xd3
                0x00000000000000d4                __UCA1MCTL = 0xd4
                0x00000000000000d5                __UCA1STAT = 0xd5
                0x00000000000000d6                __UCA1RXBUF = 0xd6
                0x00000000000000d7                __UCA1TXBUF = 0xd7
                0x00000000000000cd                __UCA1ABCTL = 0xcd
                0x00000000000000ce                __UCA1IRTCTL = 0xce
                0x00000000000000cf                __UCA1IRRCTL = 0xcf
                0x00000000000000d8                __UCB1CTL0 = 0xd8
                0x00000000000000d9                __UCB1CTL1 = 0xd9
                0x00000000000000da                __UCB1BR0 = 0xda
                0x00000000000000db                __UCB1BR1 = 0xdb
                0x00000000000000dc                __UCB1I2CIE = 0xdc
                0x00000000000000dd                __UCB1STAT = 0xdd
                0x00000000000000de                __UCB1RXBUF = 0xde
                0x00000000000000df                __UCB1TXBUF = 0xdf
                0x000000000000017c                __UCB1I2COA = 0x17c
                0x000000000000017e                __UCB1I2CSA = 0x17e
                0x0000000000000120                __WDTCTL = 0x120
                0x00000000000010c0                __TLV_CHECKSUM = 0x10c0
                0x00000000000010f6                __TLV_DCO_30_TAG = 0x10f6
                0x00000000000010f7                __TLV_DCO_30_LEN = 0x10f7
                0x00000000000010da                __TLV_ADC12_1_TAG = 0x10da
                0x00000000000010db                __TLV_ADC12_1_LEN = 0x10db
                0x00000000000010f8                __CALDCO_16MHZ = 0x10f8
                0x00000000000010f9                __CALBC1_16MHZ = 0x10f9
                0x00000000000010fa                __CALDCO_12MHZ = 0x10fa
                0x00000000000010fb                __CALBC1_12MHZ = 0x10fb
                0x00000000000010fc                __CALDCO_8MHZ = 0x10fc
                0x00000000000010fd                __CALBC1_8MHZ = 0x10fd
                0x00000000000010fe                __CALDCO_1MHZ = 0x10fe
                0x00000000000010ff                __CALBC1_1MHZ = 0x10ff

.hash
 *(.hash)

.dynsym
 *(.dynsym)

.dynstr
 *(.dynstr)

.gnu.version
 *(.gnu.version)

.gnu.version_d
 *(.gnu.version_d)

.gnu.version_r
 *(.gnu.version_r)

.rel.init
 *(.rel.init)

.rela.init
 *(.rela.init)

.rel.fini
 *(.rel.fini)

.rela.fini
 *(.rela.fini)

.rel.text
 *(.rel.text .rel.text.* .rel.gnu.linkonce.t.*)

.rela.text
 *(.rela.text .rela.text.* .rela.gnu.linkonce.t.*)

.rel.rodata
 *(.rel.rodata .rel.rodata.* .rel.gnu.linkonce.r.*)

.rela.rodata
 *(.rela.rodata .rela.rodata.* .rela.gnu.linkonce.r.*)

.rel.data
 *(.rel.data .rel.data.* .rel.gnu.linkonce.d.*)

.rela.data
 *(.rela.data .rela.data.* .rela.gnu.linkonce.d.*)

.rel.bss
 *(.rel.bss .rel.bss.* .rel.gnu.linkonce.b.*)

.rela.bss
 *(.rela.bss .rela.bss.* .rela.gnu.linkonce.b.*)

.rel.ctors
 *(.rel.ctors)

.rela.ctors
 *(.rela.ctors)

.rel.dtors
 *(.rel.dtors)

.rela.dtors
 *(.rela.dtors)

.rel.got
 *(.rel.got)

.rela.got
 *(.rela.got)

.rel.plt
 *(.rel.plt)

.rela.plt
 *(.rela.plt)

.text           0x0000000000003100     0xb916
                0x0000000000003100                . = ALIGN (0x2)
 *(.init .init.*)
 *(.init0)
 .init0         0x0000000000003100        0x0 /usr/lib/gcc/msp430/4.6.3/mcpu-430x/mmpy-16/libcrt0.a(_reset_vector__.o)
                0x0000000000003100                _reset_vector__
 *(.init1)
 .init1         0x0000000000003100        0xc /usr/lib/gcc/msp430/4.6.3/mcpu-430x/mmpy-16/libcrt0.a(__watchdog_support.o)
                0x0000000000003100                __watchdog_support
 *(.init2)
 .init2         0x000000000000310c        0x4 /usr/lib/gcc/msp430/4.6.3/mcpu-430x/mmpy-16/libcrt0.a(__init_stack.o)
                0x000000000000310c                __init_stack
 *(.init3)
 .init3         0x0000000000003110        0x0 /usr/lib/gcc/msp430/4.6.3/mcpu-430x/mmpy-16/libcrt0.a(__low_level_init.o)
                0x0000000000003110                __low_level_init
 *(.init4)
 .init4         0x0000000000003110       0x18 /usr/lib/gcc/msp430/4.6.3/mcpu-430x/mmpy-16/libcrt0.a(_copy_data.o)
                0x0000000000003110                __do_copy_data
 .init4         0x0000000000003128       0x16 /usr/lib/gcc/msp430/4.6.3/mcpu-430x/mmpy-16/libcrt0.a(_clear_bss.o)
                0x0000000000003128                __do_clear_bss
 *(.init5)
 *(.init6)
 *(.init7)
 *(.init8)
 *(.init9)
 .init9         0x000000000000313e      0x35c obj_z1/contiki-z1-main.o
                0x000000000000313e                main
 *(.fini9)
 .fini9         0x000000000000349a        0x0 /usr/lib/gcc/msp430/4.6.3/mcpu-430x/mmpy-16/libcrt0.a(__stop_progExec__.o)
                0x000000000000349a                __stop_progExec__
 *(.fini8)
 *(.fini7)
 *(.fini6)
 *(.fini5)
 *(.fini4)
 *(.fini3)
 *(.fini2)
 *(.fini1)
 *(.fini0)
 .fini0         0x000000000000349a        0x6 /usr/lib/gcc/msp430/4.6.3/mcpu-430x/mmpy-16/libcrt0.a(_endless_loop__.o)
                0x000000000000349a                _endless_loop__
 *(.fini .fini.*)
                0x00000000000034a0                . = ALIGN (0x2)
                0x00000000000034a0                __ctors_start = .
 *(.ctors)
                0x00000000000034a0                __ctors_end = .
                0x00000000000034a0                __dtors_start = .
 *(.dtors)
                0x00000000000034a0                __dtors_end = .
                0x00000000000034a0                . = ALIGN (0x2)
 *(.text .text.* .gnu.linkonce.t.*)
 .text          0x00000000000034a0        0x4 /usr/lib/gcc/msp430/4.6.3/mcpu-430x/mmpy-16/crt0ivtbl32.o
                0x00000000000034a0                __isr_14
                0x00000000000034a0                __isr_4
                0x00000000000034a0                __isr_29
                0x00000000000034a0                __isr_11
                0x00000000000034a0                __isr_5
                0x00000000000034a0                __isr_2
                0x00000000000034a0                __isr_10
                0x00000000000034a0                __isr_7
                0x00000000000034a0                __isr_0
                0x00000000000034a0                __isr_28
                0x00000000000034a0                __isr_8
                0x00000000000034a0                __isr_20
                0x00000000000034a0                __isr_3
                0x00000000000034a0                __isr_12
                0x00000000000034a0                __isr_13
                0x00000000000034a0                __isr_27
                0x00000000000034a0                __isr_9
                0x00000000000034a0                __isr_30
                0x00000000000034a0                __isr_6
                0x00000000000034a0                __isr_22
                0x00000000000034a0                __isr_1
                0x00000000000034a0                __isr_15
                0x00000000000034a0                __isr_21
 .text.process_thread_er_example_server
                0x00000000000034a4       0x92 er-example-server.co
 .text.res_get_handler
                0x0000000000003536       0x64 obj_z1/res-push.o
 .text.res_periodic_handler
                0x000000000000359a       0x72 obj_z1/res-push.o
 .text.res_event_handler
                0x000000000000360c       0x12 obj_z1/res-event.o
 .text.res_get_handler
                0x000000000000361e       0x3c obj_z1/res-event.o
 .text.res_resume_handler
                0x000000000000365a       0x84 obj_z1/res-separate.o
 .text.res_get_handler
                0x00000000000036de       0x32 obj_z1/res-separate.o
 .text.res_get_handler
                0x0000000000003710       0x6a obj_z1/res-observe.o
 .text.res_periodic_handler
                0x000000000000377a       0x72 obj_z1/res-observe.o
 .text.coap_parse_int_option
                0x00000000000037ec       0x36 contiki-z1.a(er-coap.o)
 .text.coap_set_option_header
                0x0000000000003822       0xa6 contiki-z1.a(er-coap.o)
 .text.coap_serialize_int_option
                0x00000000000038c8       0xbe contiki-z1.a(er-coap.o)
 .text.coap_get_variable
                0x0000000000003986       0xa2 contiki-z1.a(er-coap.o)
 .text.coap_serialize_array_option
                0x0000000000003a28       0xd4 contiki-z1.a(er-coap.o)
 .text.coap_merge_multi_option.part.1
                0x0000000000003afc       0x2c contiki-z1.a(er-coap.o)
 .text.coap_init_connection
                0x0000000000003b28       0x22 contiki-z1.a(er-coap.o)
                0x0000000000003b28                coap_init_connection
 .text.coap_get_mid
                0x0000000000003b4a        0xc contiki-z1.a(er-coap.o)
                0x0000000000003b4a                coap_get_mid
 .text.coap_init_message
                0x0000000000003b56       0x24 contiki-z1.a(er-coap.o)
                0x0000000000003b56                coap_init_message
 .text.coap_serialize_message
                0x0000000000003b7a      0x426 contiki-z1.a(er-coap.o)
                0x0000000000003b7a                coap_serialize_message
 .text.coap_send_message
                0x0000000000003fa0       0x3e contiki-z1.a(er-coap.o)
                0x0000000000003fa0                coap_send_message
 .text.coap_parse_message
                0x0000000000003fde      0x55a contiki-z1.a(er-coap.o)
                0x0000000000003fde                coap_parse_message
 .text.coap_get_query_variable
                0x0000000000004538       0x1c contiki-z1.a(er-coap.o)
                0x0000000000004538                coap_get_query_variable
 .text.coap_get_post_variable
                0x0000000000004554       0x20 contiki-z1.a(er-coap.o)
                0x0000000000004554                coap_get_post_variable
 .text.coap_set_status_code
                0x0000000000004574       0x12 contiki-z1.a(er-coap.o)
                0x0000000000004574                coap_set_status_code
 .text.coap_set_token
                0x0000000000004586       0x24 contiki-z1.a(er-coap.o)
                0x0000000000004586                coap_set_token
 .text.coap_get_header_content_format
                0x00000000000045aa       0x18 contiki-z1.a(er-coap.o)
                0x00000000000045aa                coap_get_header_content_format
 .text.coap_set_header_content_format
                0x00000000000045c2        0xe contiki-z1.a(er-coap.o)
                0x00000000000045c2                coap_set_header_content_format
 .text.coap_get_header_accept
                0x00000000000045d0       0x16 contiki-z1.a(er-coap.o)
                0x00000000000045d0                coap_get_header_accept
 .text.coap_get_header_max_age
                0x00000000000045e6       0x26 contiki-z1.a(er-coap.o)
                0x00000000000045e6                coap_get_header_max_age
 .text.coap_set_header_max_age
                0x000000000000460c       0x12 contiki-z1.a(er-coap.o)
                0x000000000000460c                coap_set_header_max_age
 .text.coap_set_header_etag
                0x000000000000461e       0x2a contiki-z1.a(er-coap.o)
                0x000000000000461e                coap_set_header_etag
 .text.coap_get_header_if_match
                0x0000000000004648       0x1c contiki-z1.a(er-coap.o)
                0x0000000000004648                coap_get_header_if_match
 .text.coap_get_header_if_none_match
                0x0000000000004664       0x10 contiki-z1.a(er-coap.o)
                0x0000000000004664                coap_get_header_if_none_match
 .text.coap_get_header_uri_host
                0x0000000000004674       0x18 contiki-z1.a(er-coap.o)
                0x0000000000004674                coap_get_header_uri_host
 .text.coap_get_header_uri_path
                0x000000000000468c       0x18 contiki-z1.a(er-coap.o)
                0x000000000000468c                coap_get_header_uri_path
 .text.coap_set_header_uri_path
                0x00000000000046a4       0x2a contiki-z1.a(er-coap.o)
                0x00000000000046a4                coap_set_header_uri_path
 .text.coap_get_header_uri_query
                0x00000000000046ce       0x16 contiki-z1.a(er-coap.o)
                0x00000000000046ce                coap_get_header_uri_query
 .text.coap_set_header_location_query
                0x00000000000046e4       0x2c contiki-z1.a(er-coap.o)
                0x00000000000046e4                coap_set_header_location_query
 .text.coap_set_header_location_path
                0x0000000000004710       0x78 contiki-z1.a(er-coap.o)
                0x0000000000004710                coap_set_header_location_path
 .text.coap_get_header_observe
                0x0000000000004788       0x1e contiki-z1.a(er-coap.o)
                0x0000000000004788                coap_get_header_observe
 .text.coap_set_header_observe
                0x00000000000047a6       0x12 contiki-z1.a(er-coap.o)
                0x00000000000047a6                coap_set_header_observe
 .text.coap_get_header_block2
                0x00000000000047b8       0x4c contiki-z1.a(er-coap.o)
                0x00000000000047b8                coap_get_header_block2
 .text.coap_set_header_block2
                0x0000000000004804       0x40 contiki-z1.a(er-coap.o)
                0x0000000000004804                coap_set_header_block2
 .text.coap_set_header_block1
                0x0000000000004844       0x36 contiki-z1.a(er-coap.o)
                0x0000000000004844                coap_set_header_block1
 .text.coap_get_header_size2
                0x000000000000487a       0x1e contiki-z1.a(er-coap.o)
                0x000000000000487a                coap_get_header_size2
 .text.coap_set_header_size2
                0x0000000000004898       0x12 contiki-z1.a(er-coap.o)
                0x0000000000004898                coap_set_header_size2
 .text.coap_get_payload
                0x00000000000048aa       0x1a contiki-z1.a(er-coap.o)
                0x00000000000048aa                coap_get_payload
 .text.coap_set_payload
                0x00000000000048c4       0x16 contiki-z1.a(er-coap.o)
                0x00000000000048c4                coap_set_payload
 .text.coap_set_service_callback
                0x00000000000048da        0x6 contiki-z1.a(er-coap-engine.)
                0x00000000000048da                coap_set_service_callback
 .text.coap_get_rest_method
                0x00000000000048e0       0x1a contiki-z1.a(er-coap-engine.)
                0x00000000000048e0                coap_get_rest_method
 .text.process_thread_coap_engine
                0x00000000000048fa      0x5f2 contiki-z1.a(er-coap-engine.)
 .text.coap_init_engine
                0x0000000000004eec        0xc contiki-z1.a(er-coap-engine.)
                0x0000000000004eec                coap_init_engine
 .text.coap_register_as_transaction_handler
                0x0000000000004ef8        0x8 contiki-z1.a(er-coap-transac)
                0x0000000000004ef8                coap_register_as_transaction_handler
 .text.coap_new_transaction
                0x0000000000004f00       0x46 contiki-z1.a(er-coap-transac)
                0x0000000000004f00                coap_new_transaction
 .text.coap_clear_transaction
                0x0000000000004f46       0x3a contiki-z1.a(er-coap-transac)
                0x0000000000004f46                coap_clear_transaction
 .text.coap_send_transaction
                0x0000000000004f80      0x19e contiki-z1.a(er-coap-transac)
                0x0000000000004f80                coap_send_transaction
 .text.coap_get_transaction_by_mid
                0x000000000000511e       0x34 contiki-z1.a(er-coap-transac)
                0x000000000000511e                coap_get_transaction_by_mid
 .text.coap_check_transactions
                0x0000000000005152       0xda contiki-z1.a(er-coap-transac)
                0x0000000000005152                coap_check_transactions
 .text.coap_remove_observer
                0x000000000000522c       0x1c contiki-z1.a(er-coap-observe)
                0x000000000000522c                coap_remove_observer
 .text.coap_remove_observer_by_client
                0x0000000000005248       0x42 contiki-z1.a(er-coap-observe)
                0x0000000000005248                coap_remove_observer_by_client
 .text.coap_remove_observer_by_token
                0x000000000000528a       0x60 contiki-z1.a(er-coap-observe)
                0x000000000000528a                coap_remove_observer_by_token
 .text.coap_remove_observer_by_uri
                0x00000000000052ea       0x6c contiki-z1.a(er-coap-observe)
                0x00000000000052ea                coap_remove_observer_by_uri
 .text.coap_remove_observer_by_mid
                0x0000000000005356       0x4a contiki-z1.a(er-coap-observe)
                0x0000000000005356                coap_remove_observer_by_mid
 .text.coap_notify_observers_sub
                0x00000000000053a0      0x194 contiki-z1.a(er-coap-observe)
                0x00000000000053a0                coap_notify_observers_sub
 .text.coap_notify_observers
                0x0000000000005534        0x8 contiki-z1.a(er-coap-observe)
                0x0000000000005534                coap_notify_observers
 .text.coap_observe_handler
                0x000000000000553c      0x118 contiki-z1.a(er-coap-observe)
                0x000000000000553c                coap_observe_handler
 .text.coap_separate_reject
                0x0000000000005654        0xe contiki-z1.a(er-coap-separat)
                0x0000000000005654                coap_separate_reject
 .text.coap_separate_accept
                0x0000000000005662       0xe0 contiki-z1.a(er-coap-separat)
                0x0000000000005662                coap_separate_accept
 .text.coap_separate_resume
                0x0000000000005742       0x48 contiki-z1.a(er-coap-separat)
                0x0000000000005742                coap_separate_resume
 .text.well_known_core_get_handler
                0x000000000000578a      0x27e contiki-z1.a(er-coap-res-wel)
                0x000000000000578a                well_known_core_get_handler
 .text.simple_reply
                0x0000000000005a08       0x34 contiki-z1.a(er-coap-observe)
 .text.coap_get_obs_subject_by_token
                0x0000000000005a3c       0x38 contiki-z1.a(er-coap-observe)
                0x0000000000005a3c                coap_get_obs_subject_by_token
 .text.coap_handle_notification
                0x0000000000005a74       0xa2 contiki-z1.a(er-coap-observe)
                0x0000000000005a74                coap_handle_notification
 .text.process_thread_rest_engine_process
                0x0000000000005b16       0xb8 contiki-z1.a(rest-engine.o)
 .text.rest_invoke_restful_service
                0x0000000000005bce      0x10e contiki-z1.a(rest-engine.o)
                0x0000000000005bce                rest_invoke_restful_service
 .text.rest_init_engine
                0x0000000000005cdc       0x26 contiki-z1.a(rest-engine.o)
                0x0000000000005cdc                rest_init_engine
 .text.rest_activate_resource
                0x0000000000005d02       0x3c contiki-z1.a(rest-engine.o)
                0x0000000000005d02                rest_activate_resource
 .text.rest_get_resources
                0x0000000000005d3e        0x6 contiki-z1.a(rest-engine.o)
                0x0000000000005d3e                rest_get_resources
 .text.init_platform
                0x0000000000005d44        0xc contiki-z1.a(contiki-z1-plat)
                0x0000000000005d44                init_platform
 .text.msp430_init_dco
                0x0000000000005d50       0x28 contiki-z1.a(msp430.o)
                0x0000000000005d50                msp430_init_dco
 .text.splhigh_
                0x0000000000005d78        0x8 contiki-z1.a(msp430.o)
                0x0000000000005d78                splhigh_
 .text.msp430_sync_dco
                0x0000000000005d80       0x72 contiki-z1.a(msp430.o)
                0x0000000000005d80                msp430_sync_dco
 .text.msp430_cpu_init
                0x0000000000005df2       0x2a contiki-z1.a(msp430.o)
                0x0000000000005df2                msp430_cpu_init
 .text.show_leds
                0x0000000000005e1c       0xee contiki-z1.a(leds.o)
 .text.leds_init
                0x0000000000005f0a        0xa contiki-z1.a(leds.o)
                0x0000000000005f0a                leds_init
 .text.leds_on  0x0000000000005f14        0xa contiki-z1.a(leds.o)
                0x0000000000005f14                leds_on
 .text.leds_off
                0x0000000000005f1e        0xe contiki-z1.a(leds.o)
                0x0000000000005f1e                leds_off
 .text.watchdog_interrupt
                0x0000000000005f2c        0x6 contiki-z1.a(watchdog.o)
                0x0000000000005f2c                __isr_26
                0x0000000000005f2c                watchdog_interrupt
 .text.watchdog_start
                0x0000000000005f32       0x14 contiki-z1.a(watchdog.o)
                0x0000000000005f32                watchdog_start
 .text.watchdog_periodic
                0x0000000000005f46       0x12 contiki-z1.a(watchdog.o)
                0x0000000000005f46                watchdog_periodic
 .text.watchdog_stop
                0x0000000000005f58       0x16 contiki-z1.a(watchdog.o)
                0x0000000000005f58                watchdog_stop
 .text.watchdog_init
                0x0000000000005f6e       0x14 contiki-z1.a(watchdog.o)
                0x0000000000005f6e                watchdog_init
 .text.wait_ready
                0x0000000000005f82       0x4e contiki-z1.a(xmem.o)
 .text.xmem_init
                0x0000000000005fd0       0x1e contiki-z1.a(xmem.o)
                0x0000000000005fd0                xmem_init
 .text.xmem_pread
                0x0000000000005fee       0xd0 contiki-z1.a(xmem.o)
                0x0000000000005fee                xmem_pread
 .text.spi_init
                0x00000000000060be       0x38 contiki-z1.a(spi.o)
                0x00000000000060be                spi_init
 .text.get_object
                0x00000000000060f6        0x4 contiki-z1.a(cc2420.o)
 .text.set_object
                0x00000000000060fa        0x4 contiki-z1.a(cc2420.o)
 .text.strobe   0x00000000000060fe       0x20 contiki-z1.a(cc2420.o)
 .text.getreg   0x000000000000611e       0x50 contiki-z1.a(cc2420.o)
 .text.setreg   0x000000000000616e       0x52 contiki-z1.a(cc2420.o)
 .text.write_ram
                0x00000000000061c0       0x7e contiki-z1.a(cc2420.o)
 .text.write_fifo_buf
                0x000000000000623e       0x40 contiki-z1.a(cc2420.o)
 .text.get_status
                0x000000000000627e       0x24 contiki-z1.a(cc2420.o)
 .text.set_txpower
                0x00000000000062a2       0x26 contiki-z1.a(cc2420.o)
 .text.cc2420_receiving_packet
                0x00000000000062c8        0xe contiki-z1.a(cc2420.o)
 .text.pending_packet
                0x00000000000062d6        0xe contiki-z1.a(cc2420.o)
 .text.on       0x00000000000062e4       0x1e contiki-z1.a(cc2420.o)
 .text.wait_for_transmission
                0x0000000000006302       0x22 contiki-z1.a(cc2420.o)
 .text.wait_for_status
                0x0000000000006324       0x26 contiki-z1.a(cc2420.o)
 .text.getrxdata
                0x000000000000634a       0x54 contiki-z1.a(cc2420.o)
 .text.flushrx  0x000000000000639e       0x1a contiki-z1.a(cc2420.o)
 .text.off      0x00000000000063b8       0x56 contiki-z1.a(cc2420.o)
 .text.RELEASE_LOCK
                0x000000000000640e       0x28 contiki-z1.a(cc2420.o)
 .text.set_key  0x0000000000006436       0x18 contiki-z1.a(cc2420.o)
 .text.cc2420_prepare
                0x000000000000644e       0x38 contiki-z1.a(cc2420.o)
 .text.cc2420_on
                0x0000000000006486       0x22 contiki-z1.a(cc2420.o)
                0x0000000000006486                cc2420_on
 .text.cc2420_off
                0x00000000000064a8       0x30 contiki-z1.a(cc2420.o)
                0x00000000000064a8                cc2420_off
 .text.cc2420_cca
                0x00000000000064d8       0x5a contiki-z1.a(cc2420.o)
 .text.cc2420_read
                0x0000000000006532       0xac contiki-z1.a(cc2420.o)
 .text.process_thread_cc2420_process
                0x00000000000065de       0x50 contiki-z1.a(cc2420.o)
 .text.encrypt  0x000000000000662e       0x8c contiki-z1.a(cc2420.o)
 .text.cc2420_set_channel
                0x00000000000066ba       0x3a contiki-z1.a(cc2420.o)
                0x00000000000066ba                cc2420_set_channel
 .text.cc2420_set_pan_addr
                0x00000000000066f4       0x4c contiki-z1.a(cc2420.o)
                0x00000000000066f4                cc2420_set_pan_addr
 .text.cc2420_interrupt
                0x0000000000006740       0x18 contiki-z1.a(cc2420.o)
                0x0000000000006740                cc2420_interrupt
 .text.cc2420_set_txpower
                0x0000000000006758        0xe contiki-z1.a(cc2420.o)
                0x0000000000006758                cc2420_set_txpower
 .text.cc2420_get_txpower
                0x0000000000006766       0x1e contiki-z1.a(cc2420.o)
                0x0000000000006766                cc2420_get_txpower
 .text.cc2420_transmit
                0x0000000000006784      0x106 contiki-z1.a(cc2420.o)
 .text.cc2420_send
                0x000000000000688a       0x12 contiki-z1.a(cc2420.o)
 .text.cc2420_rssi
                0x000000000000689c       0x48 contiki-z1.a(cc2420.o)
                0x000000000000689c                cc2420_rssi
 .text.get_value
                0x00000000000068e4       0xa6 contiki-z1.a(cc2420.o)
 .text.cc2420_set_cca_threshold
                0x000000000000698a       0x16 contiki-z1.a(cc2420.o)
                0x000000000000698a                cc2420_set_cca_threshold
 .text.set_value
                0x00000000000069a0       0x84 contiki-z1.a(cc2420.o)
 .text.cc2420_init
                0x0000000000006a24       0xde contiki-z1.a(cc2420.o)
                0x0000000000006a24                cc2420_init
 .text.cc2420_arch_init
                0x0000000000006b02       0x1a contiki-z1.a(cc2420-arch.o)
                0x0000000000006b02                cc2420_arch_init
 .text.node_id_restore
                0x0000000000006b1c       0x4c contiki-z1.a(node-id.o)
                0x0000000000006b1c                node_id_restore
 .text.process_thread_sensors_process
                0x0000000000006b68       0xbe contiki-z1.a(sensors.o)
 .text.sensors_changed
                0x0000000000006c26       0x2a contiki-z1.a(sensors.o)
                0x0000000000006c26                sensors_changed
 .text.status   0x0000000000006c50       0x16 contiki-z1.a(button-sensor.o)
 .text.configure
                0x0000000000006c66       0x52 contiki-z1.a(button-sensor.o)
 .text.value    0x0000000000006cb8       0x22 contiki-z1.a(button-sensor.o)
 .text.irq_p2   0x0000000000006cda       0x76 contiki-z1.a(button-sensor.o)
                0x0000000000006cda                irq_p2
                0x0000000000006cda                __isr_19
 .text.uart0_active
                0x0000000000006d50        0xe contiki-z1.a(uart0.o)
                0x0000000000006d50                uart0_active
 .text.uart0_writeb
                0x0000000000006d5e       0x18 contiki-z1.a(uart0.o)
                0x0000000000006d5e                uart0_writeb
 .text.uart0_init
                0x0000000000006d76       0x46 contiki-z1.a(uart0.o)
                0x0000000000006d76                uart0_init
 .text.uart0_rx_interrupt
                0x0000000000006dbc       0x66 contiki-z1.a(uart0.o)
                0x0000000000006dbc                __isr_23
                0x0000000000006dbc                uart0_rx_interrupt
 .text.putchar  0x0000000000006e22       0x10 contiki-z1.a(uart0-putchar.o)
                0x0000000000006e22                putchar
 .text.accm_write_reg
                0x0000000000006e32       0x2e contiki-z1.a(adxl345.o)
                0x0000000000006e32                accm_write_reg
 .text.accm_write_stream
                0x0000000000006e60       0x2a contiki-z1.a(adxl345.o)
                0x0000000000006e60                accm_write_stream
 .text.accm_read_reg
                0x0000000000006e8a       0x54 contiki-z1.a(adxl345.o)
                0x0000000000006e8a                accm_read_reg
 .text.process_thread_accmeter_process
                0x0000000000006ede       0x56 contiki-z1.a(adxl345.o)
 .text.accm_init
                0x0000000000006f34       0x8a contiki-z1.a(adxl345.o)
                0x0000000000006f34                accm_init
 .text.port1_isr
                0x0000000000006fbe       0xc4 contiki-z1.a(adxl345.o)
                0x0000000000006fbe                port1_isr
                0x0000000000006fbe                __isr_18
 .text.timera1  0x0000000000007082      0x10a contiki-z1.a(clock.o)
                0x0000000000007082                __isr_24
                0x0000000000007082                timera1
 .text.clock_time
                0x000000000000718c       0x1a contiki-z1.a(clock.o)
                0x000000000000718c                clock_time
 .text.clock_init
                0x00000000000071a6       0x28 contiki-z1.a(clock.o)
                0x00000000000071a6                clock_init
 .text.clock_delay
                0x00000000000071ce        0xc contiki-z1.a(clock.o)
                0x00000000000071ce                clock_delay
 .text.clock_wait
                0x00000000000071da       0x28 contiki-z1.a(clock.o)
                0x00000000000071da                clock_wait
 .text.clock_seconds
                0x0000000000007202       0x1a contiki-z1.a(clock.o)
                0x0000000000007202                clock_seconds
 .text.leds_arch_init
                0x000000000000721c        0xe contiki-z1.a(leds-arch.o)
                0x000000000000721c                leds_arch_init
 .text.leds_arch_set
                0x000000000000722a       0x3a contiki-z1.a(leds-arch.o)
                0x000000000000722a                leds_arch_set
 .text.rtimer_arch_init
                0x0000000000007264        0xe contiki-z1.a(rtimer-arch.o)
                0x0000000000007264                rtimer_arch_init
 .text.rtimer_arch_now
                0x0000000000007272        0xe contiki-z1.a(rtimer-arch.o)
                0x0000000000007272                rtimer_arch_now
 .text.timera0  0x0000000000007280       0x5c contiki-z1.a(rtimer-arch.o)
                0x0000000000007280                __isr_25
                0x0000000000007280                timera0
 .text.rtimer_arch_schedule
                0x00000000000072dc        0x6 contiki-z1.a(rtimer-arch.o)
                0x00000000000072dc                rtimer_arch_schedule
 .text.autostart_start
                0x00000000000072e2       0x16 contiki-z1.a(autostart.o)
                0x00000000000072e2                autostart_start
 .text.process_thread_ctimer_process
                0x00000000000072f8       0x9c contiki-z1.a(ctimer.o)
 .text.ctimer_init
                0x0000000000007394       0x18 contiki-z1.a(ctimer.o)
                0x0000000000007394                ctimer_init
 .text.ctimer_set
                0x00000000000073ac       0x48 contiki-z1.a(ctimer.o)
                0x00000000000073ac                ctimer_set
 .text.ctimer_reset
                0x00000000000073f4       0x2c contiki-z1.a(ctimer.o)
                0x00000000000073f4                ctimer_reset
 .text.ctimer_stop
                0x0000000000007420       0x28 contiki-z1.a(ctimer.o)
                0x0000000000007420                ctimer_stop
 .text.energest_init
                0x0000000000007448       0x28 contiki-z1.a(energest.o)
                0x0000000000007448                energest_init
 .text.energest_type_time
                0x0000000000007470       0x3c contiki-z1.a(energest.o)
                0x0000000000007470                energest_type_time
 .text.energest_type_set
                0x00000000000074ac        0xc contiki-z1.a(energest.o)
                0x00000000000074ac                energest_type_set
 .text.energest_flush
                0x00000000000074b8       0x38 contiki-z1.a(energest.o)
                0x00000000000074b8                energest_flush
 .text.update_time
                0x00000000000074f0       0x70 contiki-z1.a(etimer.o)
 .text.etimer_request_poll
                0x0000000000007560        0xa contiki-z1.a(etimer.o)
                0x0000000000007560                etimer_request_poll
 .text.process_thread_etimer_process
                0x000000000000756a       0xc0 contiki-z1.a(etimer.o)
 .text.add_timer
                0x000000000000762a       0x40 contiki-z1.a(etimer.o)
 .text.etimer_set
                0x000000000000766a       0x12 contiki-z1.a(etimer.o)
                0x000000000000766a                etimer_set
 .text.etimer_reset
                0x000000000000767c       0x12 contiki-z1.a(etimer.o)
                0x000000000000767c                etimer_reset
 .text.etimer_restart
                0x000000000000768e       0x12 contiki-z1.a(etimer.o)
                0x000000000000768e                etimer_restart
 .text.etimer_expired
                0x00000000000076a0        0xe contiki-z1.a(etimer.o)
                0x00000000000076a0                etimer_expired
 .text.etimer_expiration_time
                0x00000000000076ae       0x14 contiki-z1.a(etimer.o)
                0x00000000000076ae                etimer_expiration_time
 .text.etimer_pending
                0x00000000000076c2        0xc contiki-z1.a(etimer.o)
                0x00000000000076c2                etimer_pending
 .text.etimer_next_expiration_time
                0x00000000000076ce       0x16 contiki-z1.a(etimer.o)
                0x00000000000076ce                etimer_next_expiration_time
 .text.etimer_stop
                0x00000000000076e4       0x3c contiki-z1.a(etimer.o)
                0x00000000000076e4                etimer_stop
 .text.call_process
                0x0000000000007720       0x46 contiki-z1.a(process.o)
 .text.exit_process
                0x0000000000007766       0x8a contiki-z1.a(process.o)
 .text.do_poll  0x00000000000077f0       0x30 contiki-z1.a(process.o)
 .text.process_alloc_event
                0x0000000000007820        0xe contiki-z1.a(process.o)
                0x0000000000007820                process_alloc_event
 .text.process_init
                0x000000000000782e       0x1c contiki-z1.a(process.o)
                0x000000000000782e                process_init
 .text.process_run
                0x000000000000784a       0xa4 contiki-z1.a(process.o)
                0x000000000000784a                process_run
 .text.process_nevents
                0x00000000000078ee        0xe contiki-z1.a(process.o)
                0x00000000000078ee                process_nevents
 .text.process_post
                0x00000000000078fc       0x50 contiki-z1.a(process.o)
                0x00000000000078fc                process_post
 .text.process_post_synch
                0x000000000000794c       0x12 contiki-z1.a(process.o)
                0x000000000000794c                process_post_synch
 .text.process_start
                0x000000000000795e       0x32 contiki-z1.a(process.o)
                0x000000000000795e                process_start
 .text.process_poll
                0x0000000000007990       0x18 contiki-z1.a(process.o)
                0x0000000000007990                process_poll
 .text.rtimer_init
                0x00000000000079a8        0x6 contiki-z1.a(rtimer.o)
                0x00000000000079a8                rtimer_init
 .text.rtimer_run_next
                0x00000000000079ae       0x26 contiki-z1.a(rtimer.o)
                0x00000000000079ae                rtimer_run_next
 .text.timer_set
                0x00000000000079d4       0x1c contiki-z1.a(timer.o)
                0x00000000000079d4                timer_set
 .text.timer_reset
                0x00000000000079f0        0xe contiki-z1.a(timer.o)
                0x00000000000079f0                timer_reset
 .text.timer_restart
                0x00000000000079fe       0x14 contiki-z1.a(timer.o)
                0x00000000000079fe                timer_restart
 .text.timer_expired
                0x0000000000007a12       0x2a contiki-z1.a(timer.o)
                0x0000000000007a12                timer_expired
 .text.list_init
                0x0000000000007a3c        0x6 contiki-z1.a(list.o)
                0x0000000000007a3c                list_init
 .text.list_head
                0x0000000000007a42        0x4 contiki-z1.a(list.o)
                0x0000000000007a42                list_head
 .text.list_tail
                0x0000000000007a46       0x12 contiki-z1.a(list.o)
                0x0000000000007a46                list_tail
 .text.list_remove
                0x0000000000007a58       0x34 contiki-z1.a(list.o)
                0x0000000000007a58                list_remove
 .text.list_push
                0x0000000000007a8c       0x16 contiki-z1.a(list.o)
                0x0000000000007a8c                list_push
 .text.list_add
                0x0000000000007aa2       0x26 contiki-z1.a(list.o)
                0x0000000000007aa2                list_add
 .text.list_length
                0x0000000000007ac8       0x10 contiki-z1.a(list.o)
                0x0000000000007ac8                list_length
 .text.list_item_next
                0x0000000000007ad8        0xc contiki-z1.a(list.o)
                0x0000000000007ad8                list_item_next
 .text.memb_init
                0x0000000000007ae4       0x36 contiki-z1.a(memb.o)
                0x0000000000007ae4                memb_init
 .text.memb_alloc
                0x0000000000007b1a       0x3e contiki-z1.a(memb.o)
                0x0000000000007b1a                memb_alloc
 .text.memb_free
                0x0000000000007b58       0x3a contiki-z1.a(memb.o)
                0x0000000000007b58                memb_free
 .text.memb_inmemb
                0x0000000000007b92       0x2e contiki-z1.a(memb.o)
                0x0000000000007b92                memb_inmemb
 .text.memb_numfree
                0x0000000000007bc0       0x26 contiki-z1.a(memb.o)
                0x0000000000007bc0                memb_numfree
 .text.random_rand
                0x0000000000007be6        0x6 contiki-z1.a(random.o)
                0x0000000000007be6                random_rand
 .text.set_packet_attrs
                0x0000000000007bec       0x44 contiki-z1.a(sicslowpan.o)
 .text.addr_context_lookup_by_number
                0x0000000000007c30       0x34 contiki-z1.a(sicslowpan.o)
 .text.compress_addr_64
                0x0000000000007c64       0xaa contiki-z1.a(sicslowpan.o)
 .text.uncompress_addr
                0x0000000000007d0e       0x96 contiki-z1.a(sicslowpan.o)
 .text.input    0x0000000000007da4      0x5f0 contiki-z1.a(sicslowpan.o)
 .text.sicslowpan_init
                0x0000000000008394       0x26 contiki-z1.a(sicslowpan.o)
                0x0000000000008394                sicslowpan_init
 .text.addr_context_lookup_by_prefix
                0x00000000000083ba       0x4a contiki-z1.a(sicslowpan.o)
 .text.send_packet
                0x0000000000008404       0x1a contiki-z1.a(sicslowpan.o)
 .text.output   0x000000000000841e      0x696 contiki-z1.a(sicslowpan.o)
 .text.packet_sent
                0x0000000000008ab4       0x22 contiki-z1.a(sicslowpan.o)
 .text.chksum   0x0000000000008ad6       0x32 contiki-z1.a(uip6.o)
 .text.upper_layer_chksum
                0x0000000000008b08       0x56 contiki-z1.a(uip6.o)
 .text.ext_hdr_options_process
                0x0000000000008b5e       0xcc contiki-z1.a(uip6.o)
 .text.uip_icmp6chksum
                0x0000000000008c2a        0xa contiki-z1.a(uip6.o)
                0x0000000000008c2a                uip_icmp6chksum
 .text.uip_udpchksum
                0x0000000000008c34        0xa contiki-z1.a(uip6.o)
                0x0000000000008c34                uip_udpchksum
 .text.uip_init
                0x0000000000008c3e       0x36 contiki-z1.a(uip6.o)
                0x0000000000008c3e                uip_init
 .text.remove_ext_hdr
                0x0000000000008c74       0x56 contiki-z1.a(uip6.o)
                0x0000000000008c74                remove_ext_hdr
 .text.uip_udp_new
                0x0000000000008cca       0xc4 contiki-z1.a(uip6.o)
                0x0000000000008cca                uip_udp_new
 .text.uip_process
                0x0000000000008d8e      0x4a2 contiki-z1.a(uip6.o)
                0x0000000000008d8e                uip_process
 .text.uip_htonl
                0x0000000000009230       0x2a contiki-z1.a(uip6.o)
                0x0000000000009230                uip_htonl
 .text.uip_ds6_list_loop
                0x000000000000925a       0x66 contiki-z1.a(uip-ds6.o)
                0x000000000000925a                uip_ds6_list_loop
 .text.uip_ds6_prefix_add
                0x00000000000092c0       0x70 contiki-z1.a(uip-ds6.o)
                0x00000000000092c0                uip_ds6_prefix_add
 .text.uip_ds6_is_addr_onlink
                0x0000000000009330       0x42 contiki-z1.a(uip-ds6.o)
                0x0000000000009330                uip_ds6_is_addr_onlink
 .text.uip_ds6_addr_lookup
                0x0000000000009372       0x2a contiki-z1.a(uip-ds6.o)
                0x0000000000009372                uip_ds6_addr_lookup
 .text.uip_ds6_get_link_local
                0x000000000000939c       0x3e contiki-z1.a(uip-ds6.o)
                0x000000000000939c                uip_ds6_get_link_local
 .text.uip_ds6_maddr_add
                0x00000000000093da       0x48 contiki-z1.a(uip-ds6.o)
                0x00000000000093da                uip_ds6_maddr_add
 .text.uip_ds6_addr_add
                0x0000000000009422       0xb4 contiki-z1.a(uip-ds6.o)
                0x0000000000009422                uip_ds6_addr_add
 .text.uip_ds6_maddr_lookup
                0x00000000000094d6       0x2a contiki-z1.a(uip-ds6.o)
                0x00000000000094d6                uip_ds6_maddr_lookup
 .text.uip_ds6_addr_rm
                0x0000000000009500       0x54 contiki-z1.a(uip-ds6.o)
                0x0000000000009500                uip_ds6_addr_rm
 .text.uip_ds6_periodic
                0x0000000000009554       0x4a contiki-z1.a(uip-ds6.o)
                0x0000000000009554                uip_ds6_periodic
 .text.uip_ds6_set_addr_iid
                0x000000000000959e       0x14 contiki-z1.a(uip-ds6.o)
                0x000000000000959e                uip_ds6_set_addr_iid
 .text.get_match_length
                0x00000000000095b2       0x3a contiki-z1.a(uip-ds6.o)
                0x00000000000095b2                get_match_length
 .text.uip_ds6_select_src
                0x00000000000095ec       0x9a contiki-z1.a(uip-ds6.o)
                0x00000000000095ec                uip_ds6_select_src
 .text.uip_ds6_compute_reachable_time
                0x0000000000009686       0x36 contiki-z1.a(uip-ds6.o)
                0x0000000000009686                uip_ds6_compute_reachable_time
 .text.uip_ds6_init
                0x00000000000096bc      0x138 contiki-z1.a(uip-ds6.o)
                0x00000000000096bc                uip_ds6_init
 .text.uip_ds6_nbr_rm
                0x00000000000097f4       0x1a contiki-z1.a(uip-ds6-nbr.o)
                0x00000000000097f4                uip_ds6_nbr_rm
 .text.uip_ds6_neighbors_init
                0x000000000000980e        0xe contiki-z1.a(uip-ds6-nbr.o)
                0x000000000000980e                uip_ds6_neighbors_init
 .text.uip_ds6_nbr_add
                0x000000000000981c       0x54 contiki-z1.a(uip-ds6-nbr.o)
                0x000000000000981c                uip_ds6_nbr_add
 .text.uip_ds6_nbr_get_ll
                0x0000000000009870        0xc contiki-z1.a(uip-ds6-nbr.o)
                0x0000000000009870                uip_ds6_nbr_get_ll
 .text.uip_ds6_nbr_lookup
                0x000000000000987c       0x3e contiki-z1.a(uip-ds6-nbr.o)
                0x000000000000987c                uip_ds6_nbr_lookup
 .text.uip_ds6_nbr_ll_lookup
                0x00000000000098ba        0xc contiki-z1.a(uip-ds6-nbr.o)
                0x00000000000098ba                uip_ds6_nbr_ll_lookup
 .text.uip_ds6_nbr_ipaddr_from_lladdr
                0x00000000000098c6        0x6 contiki-z1.a(uip-ds6-nbr.o)
                0x00000000000098c6                uip_ds6_nbr_ipaddr_from_lladdr
 .text.uip_ds6_nbr_lladdr_from_ipaddr
                0x00000000000098cc       0x12 contiki-z1.a(uip-ds6-nbr.o)
                0x00000000000098cc                uip_ds6_nbr_lladdr_from_ipaddr
 .text.uip_ds6_link_neighbor_callback
                0x00000000000098de       0x26 contiki-z1.a(uip-ds6-nbr.o)
                0x00000000000098de                uip_ds6_link_neighbor_callback
 .text.uip_ds6_neighbor_periodic
                0x0000000000009904      0x11c contiki-z1.a(uip-ds6-nbr.o)
                0x0000000000009904                uip_ds6_neighbor_periodic
 .text.call_route_callback
                0x0000000000009a20       0x40 contiki-z1.a(uip-ds6-route.o)
 .text.uip_ds6_route_init
                0x0000000000009a60       0x36 contiki-z1.a(uip-ds6-route.o)
                0x0000000000009a60                uip_ds6_route_init
 .text.uip_ds6_route_nexthop
                0x0000000000009a96       0x1a contiki-z1.a(uip-ds6-route.o)
                0x0000000000009a96                uip_ds6_route_nexthop
 .text.uip_ds6_route_head
                0x0000000000009ab0        0xa contiki-z1.a(uip-ds6-route.o)
                0x0000000000009ab0                uip_ds6_route_head
 .text.uip_ds6_route_next
                0x0000000000009aba        0xe contiki-z1.a(uip-ds6-route.o)
                0x0000000000009aba                uip_ds6_route_next
 .text.uip_ds6_route_lookup
                0x0000000000009ac8       0x6e contiki-z1.a(uip-ds6-route.o)
                0x0000000000009ac8                uip_ds6_route_lookup
 .text.uip_ds6_route_rm
                0x0000000000009b36       0xa0 contiki-z1.a(uip-ds6-route.o)
                0x0000000000009b36                uip_ds6_route_rm
 .text.rm_routelist
                0x0000000000009bd6       0x34 contiki-z1.a(uip-ds6-route.o)
 .text.rm_routelist_callback
                0x0000000000009c0a        0x6 contiki-z1.a(uip-ds6-route.o)
 .text.uip_ds6_route_add
                0x0000000000009c10       0xf8 contiki-z1.a(uip-ds6-route.o)
                0x0000000000009c10                uip_ds6_route_add
 .text.uip_ds6_defrt_rm
                0x0000000000009d08       0x44 contiki-z1.a(uip-ds6-route.o)
                0x0000000000009d08                uip_ds6_defrt_rm
 .text.uip_ds6_defrt_lookup
                0x0000000000009d4c       0x32 contiki-z1.a(uip-ds6-route.o)
                0x0000000000009d4c                uip_ds6_defrt_lookup
 .text.uip_ds6_defrt_add
                0x0000000000009d7e       0x68 contiki-z1.a(uip-ds6-route.o)
                0x0000000000009d7e                uip_ds6_defrt_add
 .text.uip_ds6_defrt_choose
                0x0000000000009de6       0x36 contiki-z1.a(uip-ds6-route.o)
                0x0000000000009de6                uip_ds6_defrt_choose
 .text.uip_ds6_defrt_periodic
                0x0000000000009e1c       0x38 contiki-z1.a(uip-ds6-route.o)
                0x0000000000009e1c                uip_ds6_defrt_periodic
 .text.echo_reply_input
                0x0000000000009e54      0x10a contiki-z1.a(uip-icmp6.o)
 .text.echo_request_input
                0x0000000000009f5e      0x128 contiki-z1.a(uip-icmp6.o)
 .text.uip_icmp6_input
                0x000000000000a086       0x40 contiki-z1.a(uip-icmp6.o)
                0x000000000000a086                uip_icmp6_input
 .text.uip_icmp6_register_input_handler
                0x000000000000a0c6        0xc contiki-z1.a(uip-icmp6.o)
                0x000000000000a0c6                uip_icmp6_register_input_handler
 .text.uip_icmp6_error_output
                0x000000000000a0d2      0x166 contiki-z1.a(uip-icmp6.o)
                0x000000000000a0d2                uip_icmp6_error_output
 .text.uip_icmp6_send
                0x000000000000a238       0x86 contiki-z1.a(uip-icmp6.o)
                0x000000000000a238                uip_icmp6_send
 .text.uip_icmp6_init
                0x000000000000a2be       0x12 contiki-z1.a(uip-icmp6.o)
                0x000000000000a2be                uip_icmp6_init
 .text.na_input
                0x000000000000a2d0      0x19c contiki-z1.a(uip-nd6.o)
 .text.create_llao
                0x000000000000a46c       0x2c contiki-z1.a(uip-nd6.o)
 .text.ns_input
                0x000000000000a498      0x228 contiki-z1.a(uip-nd6.o)
 .text.uip_nd6_ns_output
                0x000000000000a6c0      0x154 contiki-z1.a(uip-nd6.o)
                0x000000000000a6c0                uip_nd6_ns_output
 .text.uip_nd6_init
                0x000000000000a814       0x12 contiki-z1.a(uip-nd6.o)
                0x000000000000a814                uip_nd6_init
 .text.tcpip_output
                0x000000000000a826       0x10 contiki-z1.a(tcpip.o)
                0x000000000000a826                tcpip_output
 .text.tcpip_set_outputfunc
                0x000000000000a836        0x6 contiki-z1.a(tcpip.o)
                0x000000000000a836                tcpip_set_outputfunc
 .text.udp_new  0x000000000000a83c       0x1a contiki-z1.a(tcpip.o)
                0x000000000000a83c                udp_new
 .text.tcpip_input
                0x000000000000a856       0x16 contiki-z1.a(tcpip.o)
                0x000000000000a856                tcpip_input
 .text.tcpip_ipv6_output
                0x000000000000a86c      0x144 contiki-z1.a(tcpip.o)
                0x000000000000a86c                tcpip_ipv6_output
 .text.process_thread_tcpip_process
                0x000000000000a9b0       0xcc contiki-z1.a(tcpip.o)
 .text.tcpip_uipcall
                0x000000000000aa7c       0x2a contiki-z1.a(tcpip.o)
                0x000000000000aa7c                tcpip_uipcall
 .text.uip_debug_ipaddr_print
                0x000000000000aaa6       0x70 contiki-z1.a(uip-debug.o)
                0x000000000000aaa6                uip_debug_ipaddr_print
 .text.uip_udp_packet_send
                0x000000000000ab16       0x2e contiki-z1.a(uip-udp-packet.)
                0x000000000000ab16                uip_udp_packet_send
 .text.rpl_get_mode
                0x000000000000ab44        0x6 contiki-z1.a(rpl.o)
                0x000000000000ab44                rpl_get_mode
 .text.rpl_purge_routes
                0x000000000000ab4a       0x96 contiki-z1.a(rpl.o)
                0x000000000000ab4a                rpl_purge_routes
 .text.rpl_remove_routes
                0x000000000000abe0       0x22 contiki-z1.a(rpl.o)
                0x000000000000abe0                rpl_remove_routes
 .text.rpl_remove_routes_by_nexthop
                0x000000000000ac02       0x3e contiki-z1.a(rpl.o)
                0x000000000000ac02                rpl_remove_routes_by_nexthop
 .text.rpl_add_route
                0x000000000000ac40       0x40 contiki-z1.a(rpl.o)
                0x000000000000ac40                rpl_add_route
 .text.rpl_link_neighbor_callback
                0x000000000000ac80       0x74 contiki-z1.a(rpl.o)
                0x000000000000ac80                rpl_link_neighbor_callback
 .text.rpl_ipv6_neighbor_callback
                0x000000000000acf4       0x1e contiki-z1.a(rpl.o)
                0x000000000000acf4                rpl_ipv6_neighbor_callback
 .text.rpl_init
                0x000000000000ad12       0x4a contiki-z1.a(rpl.o)
                0x000000000000ad12                rpl_init
 .text.lollipop_greater_than
                0x000000000000ad5c       0x44 contiki-z1.a(rpl-dag.o)
 .text.acceptable_rank
                0x000000000000ada0       0x44 contiki-z1.a(rpl-dag.o)
 .text.find_parent_any_dag_any_instance
                0x000000000000ade4       0x14 contiki-z1.a(rpl-dag.o)
 .text.rpl_set_preferred_parent
                0x000000000000adf8       0x2c contiki-z1.a(rpl-dag.o)
 .text.set_ip_from_prefix
                0x000000000000ae24       0x30 contiki-z1.a(rpl-dag.o)
 .text.check_prefix
                0x000000000000ae54       0x70 contiki-z1.a(rpl-dag.o)
 .text.rpl_get_nbr
                0x000000000000aec4       0x1e contiki-z1.a(rpl-dag.o)
                0x000000000000aec4                rpl_get_nbr
 .text.rpl_dag_init
                0x000000000000aee2        0xe contiki-z1.a(rpl-dag.o)
                0x000000000000aee2                rpl_dag_init
 .text.rpl_get_parent
                0x000000000000aef0        0xc contiki-z1.a(rpl-dag.o)
                0x000000000000aef0                rpl_get_parent
 .text.rpl_get_parent_ipaddr
                0x000000000000aefc       0x10 contiki-z1.a(rpl-dag.o)
                0x000000000000aefc                rpl_get_parent_ipaddr
 .text.rpl_set_prefix
                0x000000000000af0c       0x74 contiki-z1.a(rpl-dag.o)
                0x000000000000af0c                rpl_set_prefix
 .text.rpl_set_default_route
                0x000000000000af80       0x56 contiki-z1.a(rpl-dag.o)
                0x000000000000af80                rpl_set_default_route
 .text.rpl_alloc_instance
                0x000000000000afd6       0x34 contiki-z1.a(rpl-dag.o)
                0x000000000000afd6                rpl_alloc_instance
 .text.rpl_add_parent
                0x000000000000b00a       0x4e contiki-z1.a(rpl-dag.o)
                0x000000000000b00a                rpl_add_parent
 .text.rpl_find_parent
                0x000000000000b058       0x1a contiki-z1.a(rpl-dag.o)
                0x000000000000b058                rpl_find_parent
 .text.rpl_find_parent_any_dag
                0x000000000000b072       0x22 contiki-z1.a(rpl-dag.o)
                0x000000000000b072                rpl_find_parent_any_dag
 .text.rpl_select_parent
                0x000000000000b094       0x76 contiki-z1.a(rpl-dag.o)
                0x000000000000b094                rpl_select_parent
 .text.rpl_select_dag
                0x000000000000b10a      0x172 contiki-z1.a(rpl-dag.o)
                0x000000000000b10a                rpl_select_dag
 .text.rpl_nullify_parent
                0x000000000000b27c       0x50 contiki-z1.a(rpl-dag.o)
                0x000000000000b27c                rpl_nullify_parent
 .text.rpl_remove_parent
                0x000000000000b2cc       0x16 contiki-z1.a(rpl-dag.o)
                0x000000000000b2cc                rpl_remove_parent
 .text.nbr_callback
                0x000000000000b2e2        0x6 contiki-z1.a(rpl-dag.o)
 .text.remove_parents.constprop.2
                0x000000000000b2e8       0x2e contiki-z1.a(rpl-dag.o)
 .text.rpl_move_parent
                0x000000000000b316       0x52 contiki-z1.a(rpl-dag.o)
                0x000000000000b316                rpl_move_parent
 .text.rpl_get_any_dag
                0x000000000000b368       0x18 contiki-z1.a(rpl-dag.o)
                0x000000000000b368                rpl_get_any_dag
 .text.rpl_get_instance
                0x000000000000b380       0x1a contiki-z1.a(rpl-dag.o)
                0x000000000000b380                rpl_get_instance
 .text.rpl_alloc_dag
                0x000000000000b39a       0x5c contiki-z1.a(rpl-dag.o)
                0x000000000000b39a                rpl_alloc_dag
 .text.rpl_repair_root
                0x000000000000b3f6       0x50 contiki-z1.a(rpl-dag.o)
                0x000000000000b3f6                rpl_repair_root
 .text.rpl_find_of
                0x000000000000b446       0x10 contiki-z1.a(rpl-dag.o)
                0x000000000000b446                rpl_find_of
 .text.rpl_join_instance
                0x000000000000b456      0x128 contiki-z1.a(rpl-dag.o)
                0x000000000000b456                rpl_join_instance
 .text.rpl_local_repair
                0x000000000000b57e       0x64 contiki-z1.a(rpl-dag.o)
                0x000000000000b57e                rpl_local_repair
 .text.rpl_process_parent_event
                0x000000000000b5e2       0x46 contiki-z1.a(rpl-dag.o)
                0x000000000000b5e2                rpl_process_parent_event
 .text.rpl_recalculate_ranks
                0x000000000000b628       0x48 contiki-z1.a(rpl-dag.o)
                0x000000000000b628                rpl_recalculate_ranks
 .text.rpl_add_dag
                0x000000000000b670      0x102 contiki-z1.a(rpl-dag.o)
                0x000000000000b670                rpl_add_dag
 .text.rpl_process_dio
                0x000000000000b772      0x2ca contiki-z1.a(rpl-dag.o)
                0x000000000000b772                rpl_process_dio
 .text.rpl_lock_parent
                0x000000000000ba3c        0xc contiki-z1.a(rpl-dag.o)
                0x000000000000ba3c                rpl_lock_parent
 .text.rpl_verify_header
                0x000000000000ba48       0xb2 contiki-z1.a(rpl-ext-header.)
                0x000000000000ba48                rpl_verify_header
 .text.rpl_update_header_empty
                0x000000000000bafa      0x122 contiki-z1.a(rpl-ext-header.)
                0x000000000000bafa                rpl_update_header_empty
 .text.rpl_update_header_final
                0x000000000000bc1c       0x94 contiki-z1.a(rpl-ext-header.)
                0x000000000000bc1c                rpl_update_header_final
 .text.rpl_invert_header
                0x000000000000bcb0       0x72 contiki-z1.a(rpl-ext-header.)
                0x000000000000bcb0                rpl_invert_header
 .text.rpl_insert_header
                0x000000000000bd22       0x12 contiki-z1.a(rpl-ext-header.)
                0x000000000000bd22                rpl_insert_header
 .text.get32    0x000000000000bd34       0x3e contiki-z1.a(rpl-icmp6.o)
 .text.set32    0x000000000000bd72       0x2a contiki-z1.a(rpl-icmp6.o)
 .text.get16    0x000000000000bd9c        0xe contiki-z1.a(rpl-icmp6.o)
 .text.set16    0x000000000000bdaa       0x10 contiki-z1.a(rpl-icmp6.o)
 .text.dao_ack_input
                0x000000000000bdba        0x6 contiki-z1.a(rpl-icmp6.o)
 .text.dio_input
                0x000000000000bdc0      0x2aa contiki-z1.a(rpl-icmp6.o)
 .text.dis_output
                0x000000000000c06a       0x50 contiki-z1.a(rpl-icmp6.o)
                0x000000000000c06a                dis_output
 .text.dio_output
                0x000000000000c0ba      0x242 contiki-z1.a(rpl-icmp6.o)
                0x000000000000c0ba                dio_output
 .text.dis_input
                0x000000000000c2fc       0x28 contiki-z1.a(rpl-icmp6.o)
 .text.dao_output_target
                0x000000000000c324       0xd2 contiki-z1.a(rpl-icmp6.o)
                0x000000000000c324                dao_output_target
 .text.dao_output
                0x000000000000c3f6       0x6a contiki-z1.a(rpl-icmp6.o)
                0x000000000000c3f6                dao_output
 .text.dao_ack_output
                0x000000000000c460       0x32 contiki-z1.a(rpl-icmp6.o)
                0x000000000000c460                dao_ack_output
 .text.dao_input
                0x000000000000c492      0x286 contiki-z1.a(rpl-icmp6.o)
 .text.rpl_icmp6_register_handlers
                0x000000000000c718       0x22 contiki-z1.a(rpl-icmp6.o)
                0x000000000000c718                rpl_icmp6_register_handlers
 .text.reset    0x000000000000c73a        0x2 contiki-z1.a(rpl-mrhof.o)
 .text.update_metric_container
                0x000000000000c73c        0x6 contiki-z1.a(rpl-mrhof.o)
 .text.calculate_rank
                0x000000000000c742       0x3a contiki-z1.a(rpl-mrhof.o)
 .text.best_parent
                0x000000000000c77c       0x68 contiki-z1.a(rpl-mrhof.o)
 .text.neighbor_link_callback
                0x000000000000c7e4       0x92 contiki-z1.a(rpl-mrhof.o)
 .text.best_dag
                0x000000000000c876       0x34 contiki-z1.a(rpl-mrhof.o)
 .text.new_dio_interval
                0x000000000000c8aa       0x8a contiki-z1.a(rpl-timers.o)
 .text.handle_periodic_timer
                0x000000000000c934       0x2e contiki-z1.a(rpl-timers.o)
 .text.set_dao_lifetime_timer
                0x000000000000c962       0x52 contiki-z1.a(rpl-timers.o)
 .text.schedule_dao
                0x000000000000c9b4       0x72 contiki-z1.a(rpl-timers.o)
 .text.handle_dio_timer
                0x000000000000ca26       0x88 contiki-z1.a(rpl-timers.o)
 .text.handle_dao_timer
                0x000000000000caae       0x64 contiki-z1.a(rpl-timers.o)
 .text.rpl_reset_periodic_timer
                0x000000000000cb12       0x5c contiki-z1.a(rpl-timers.o)
                0x000000000000cb12                rpl_reset_periodic_timer
 .text.rpl_reset_dio_timer
                0x000000000000cb6e       0x18 contiki-z1.a(rpl-timers.o)
                0x000000000000cb6e                rpl_reset_dio_timer
 .text.rpl_schedule_dao
                0x000000000000cb86        0xc contiki-z1.a(rpl-timers.o)
                0x000000000000cb86                rpl_schedule_dao
 .text.rpl_schedule_probing
                0x000000000000cb92       0x34 contiki-z1.a(rpl-timers.o)
                0x000000000000cb92                rpl_schedule_probing
 .text.handle_probing_timer
                0x000000000000cbc6      0x10c contiki-z1.a(rpl-timers.o)
 .text.linkaddr_copy
                0x000000000000ccd2        0x8 contiki-z1.a(linkaddr.o)
                0x000000000000ccd2                linkaddr_copy
 .text.linkaddr_cmp
                0x000000000000ccda       0x12 contiki-z1.a(linkaddr.o)
                0x000000000000ccda                linkaddr_cmp
 .text.linkaddr_set_node_addr
                0x000000000000ccec        0xc contiki-z1.a(linkaddr.o)
                0x000000000000ccec                linkaddr_set_node_addr
 .text.index_from_key
                0x000000000000ccf8       0x44 contiki-z1.a(nbr-table.o)
 .text.item_from_key
                0x000000000000cd3c       0x34 contiki-z1.a(nbr-table.o)
 .text.nbr_set_bit
                0x000000000000cd70       0x76 contiki-z1.a(nbr-table.o)
 .text.index_from_lladdr
                0x000000000000cde6       0x3e contiki-z1.a(nbr-table.o)
 .text.nbr_get_bit.constprop.0
                0x000000000000ce24       0x5a contiki-z1.a(nbr-table.o)
 .text.nbr_table_register
                0x000000000000ce7e       0x26 contiki-z1.a(nbr-table.o)
                0x000000000000ce7e                nbr_table_register
 .text.nbr_table_next
                0x000000000000cea4       0x78 contiki-z1.a(nbr-table.o)
                0x000000000000cea4                nbr_table_next
 .text.nbr_table_head
                0x000000000000cf1c       0x32 contiki-z1.a(nbr-table.o)
                0x000000000000cf1c                nbr_table_head
 .text.nbr_table_add_lladdr
                0x000000000000cf4e      0x12c contiki-z1.a(nbr-table.o)
                0x000000000000cf4e                nbr_table_add_lladdr
 .text.nbr_table_get_from_lladdr
                0x000000000000d07a       0x44 contiki-z1.a(nbr-table.o)
                0x000000000000d07a                nbr_table_get_from_lladdr
 .text.nbr_table_remove
                0x000000000000d0be       0x2a contiki-z1.a(nbr-table.o)
                0x000000000000d0be                nbr_table_remove
 .text.nbr_table_lock
                0x000000000000d0e8       0x10 contiki-z1.a(nbr-table.o)
                0x000000000000d0e8                nbr_table_lock
 .text.nbr_table_unlock
                0x000000000000d0f8       0x10 contiki-z1.a(nbr-table.o)
                0x000000000000d0f8                nbr_table_unlock
 .text.nbr_table_get_lladdr
                0x000000000000d108       0x54 contiki-z1.a(nbr-table.o)
                0x000000000000d108                nbr_table_get_lladdr
 .text.packetbuf_compact
                0x000000000000d15c       0x2e contiki-z1.a(packetbuf.o)
                0x000000000000d15c                packetbuf_compact
 .text.packetbuf_copyto
                0x000000000000d18a       0x46 contiki-z1.a(packetbuf.o)
                0x000000000000d18a                packetbuf_copyto
 .text.packetbuf_hdrreduce
                0x000000000000d1d0       0x1a contiki-z1.a(packetbuf.o)
                0x000000000000d1d0                packetbuf_hdrreduce
 .text.packetbuf_set_datalen
                0x000000000000d1ea        0x6 contiki-z1.a(packetbuf.o)
                0x000000000000d1ea                packetbuf_set_datalen
 .text.packetbuf_dataptr
                0x000000000000d1f0        0xe contiki-z1.a(packetbuf.o)
                0x000000000000d1f0                packetbuf_dataptr
 .text.packetbuf_hdrptr
                0x000000000000d1fe        0xa contiki-z1.a(packetbuf.o)
                0x000000000000d1fe                packetbuf_hdrptr
 .text.packetbuf_datalen
                0x000000000000d208        0x6 contiki-z1.a(packetbuf.o)
                0x000000000000d208                packetbuf_datalen
 .text.packetbuf_hdrlen
                0x000000000000d20e       0x10 contiki-z1.a(packetbuf.o)
                0x000000000000d20e                packetbuf_hdrlen
 .text.packetbuf_totlen
                0x000000000000d21e        0xc contiki-z1.a(packetbuf.o)
                0x000000000000d21e                packetbuf_totlen
 .text.packetbuf_hdralloc
                0x000000000000d22a       0x2a contiki-z1.a(packetbuf.o)
                0x000000000000d22a                packetbuf_hdralloc
 .text.packetbuf_attr_clear
                0x000000000000d254       0x28 contiki-z1.a(packetbuf.o)
                0x000000000000d254                packetbuf_attr_clear
 .text.packetbuf_clear
                0x000000000000d27c       0x1a contiki-z1.a(packetbuf.o)
                0x000000000000d27c                packetbuf_clear
 .text.packetbuf_copyfrom
                0x000000000000d296       0x2a contiki-z1.a(packetbuf.o)
                0x000000000000d296                packetbuf_copyfrom
 .text.packetbuf_attr_copyto
                0x000000000000d2c0       0x22 contiki-z1.a(packetbuf.o)
                0x000000000000d2c0                packetbuf_attr_copyto
 .text.packetbuf_attr_copyfrom
                0x000000000000d2e2       0x24 contiki-z1.a(packetbuf.o)
                0x000000000000d2e2                packetbuf_attr_copyfrom
 .text.packetbuf_holds_broadcast
                0x000000000000d306        0xe contiki-z1.a(packetbuf.o)
                0x000000000000d306                packetbuf_holds_broadcast
 .text.queuebuf_init
                0x000000000000d314       0x12 contiki-z1.a(queuebuf.o)
                0x000000000000d314                queuebuf_init
 .text.queuebuf_numfree
                0x000000000000d326        0xa contiki-z1.a(queuebuf.o)
                0x000000000000d326                queuebuf_numfree
 .text.queuebuf_new_from_packetbuf
                0x000000000000d330       0x60 contiki-z1.a(queuebuf.o)
                0x000000000000d330                queuebuf_new_from_packetbuf
 .text.queuebuf_free
                0x000000000000d390       0x2a contiki-z1.a(queuebuf.o)
                0x000000000000d390                queuebuf_free
 .text.queuebuf_to_packetbuf
                0x000000000000d3ba       0x32 contiki-z1.a(queuebuf.o)
                0x000000000000d3ba                queuebuf_to_packetbuf
 .text.parse    0x000000000000d3ec       0xa0 contiki-z1.a(framer-802154.o)
 .text.create_frame.isra.0
                0x000000000000d48c      0x104 contiki-z1.a(framer-802154.o)
 .text.create   0x000000000000d590        0x8 contiki-z1.a(framer-802154.o)
 .text.hdr_length
                0x000000000000d598        0x8 contiki-z1.a(framer-802154.o)
 .text.framer_canonical_create_and_secure
                0x000000000000d5a0       0x20 contiki-z1.a(framer.o)
                0x000000000000d5a0                framer_canonical_create_and_secure
 .text.send_packet
                0x000000000000d5c0        0x6 contiki-z1.a(nullmac.o)
 .text.packet_input
                0x000000000000d5c6        0x6 contiki-z1.a(nullmac.o)
 .text.on       0x000000000000d5cc        0x6 contiki-z1.a(nullmac.o)
 .text.off      0x000000000000d5d2        0x6 contiki-z1.a(nullmac.o)
 .text.channel_check_interval
                0x000000000000d5d8        0x4 contiki-z1.a(nullmac.o)
 .text.init     0x000000000000d5dc        0x2 contiki-z1.a(nullmac.o)
 .text.on       0x000000000000d5de        0x6 contiki-z1.a(nullrdc.o)
 .text.channel_check_interval
                0x000000000000d5e4        0x4 contiki-z1.a(nullrdc.o)
 .text.init     0x000000000000d5e8        0x6 contiki-z1.a(nullrdc.o)
 .text.send_one_packet
                0x000000000000d5ee       0x62 contiki-z1.a(nullrdc.o)
 .text.send_list
                0x000000000000d650       0x28 contiki-z1.a(nullrdc.o)
 .text.send_packet
                0x000000000000d678        0x6 contiki-z1.a(nullrdc.o)
 .text.off      0x000000000000d67e       0x10 contiki-z1.a(nullrdc.o)
 .text.packet_input
                0x000000000000d68e       0x26 contiki-z1.a(nullrdc.o)
 .text.bootstrap
                0x000000000000d6b4        0x4 contiki-z1.a(nullsec.o)
 .text.send     0x000000000000d6b8        0xa contiki-z1.a(nullsec.o)
 .text.on_frame_created
                0x000000000000d6c2        0x4 contiki-z1.a(nullsec.o)
 .text.input    0x000000000000d6c6        0x6 contiki-z1.a(nullsec.o)
 .text.get_overhead
                0x000000000000d6cc        0x4 contiki-z1.a(nullsec.o)
 .text.i2c_receiveinit
                0x000000000000d6d0       0x38 contiki-z1.a(i2cmaster.o)
                0x000000000000d6d0                i2c_receiveinit
 .text.i2c_transmitinit
                0x000000000000d708       0x32 contiki-z1.a(i2cmaster.o)
                0x000000000000d708                i2c_transmitinit
 .text.i2c_receive_n
                0x000000000000d73a       0x44 contiki-z1.a(i2cmaster.o)
                0x000000000000d73a                i2c_receive_n
 .text.i2c_busy
                0x000000000000d77e        0xa contiki-z1.a(i2cmaster.o)
                0x000000000000d77e                i2c_busy
 .text.i2c_enable
                0x000000000000d788       0x24 contiki-z1.a(i2cmaster.o)
                0x000000000000d788                i2c_enable
 .text.i2c_transmit_n
                0x000000000000d7ac       0x14 contiki-z1.a(i2cmaster.o)
                0x000000000000d7ac                i2c_transmit_n
 .text.i2c_tx_interrupt
                0x000000000000d7c0       0x8a contiki-z1.a(i2cmaster.o)
                0x000000000000d7c0                __isr_16
                0x000000000000d7c0                i2c_tx_interrupt
 .text.i2c_rx_interrupt
                0x000000000000d84a       0x18 contiki-z1.a(i2cmaster.o)
                0x000000000000d84a                i2c_rx_interrupt
                0x000000000000d84a                __isr_17
 .text.stimer_set
                0x000000000000d862       0x1c contiki-z1.a(stimer.o)
                0x000000000000d862                stimer_set
 .text.stimer_expired
                0x000000000000d87e       0x30 contiki-z1.a(stimer.o)
                0x000000000000d87e                stimer_expired
 .text.field_len
                0x000000000000d8ae       0x94 contiki-z1.a(frame802154.o)
 .text.frame802154_hdrlen
                0x000000000000d942       0x2e contiki-z1.a(frame802154.o)
                0x000000000000d942                frame802154_hdrlen
 .text.frame802154_create
                0x000000000000d970      0x112 contiki-z1.a(frame802154.o)
                0x000000000000d970                frame802154_create
 .text.frame802154_parse
                0x000000000000da82      0x186 contiki-z1.a(frame802154.o)
                0x000000000000da82                frame802154_parse
 .text.mac_call_sent_callback
                0x000000000000dc08       0x14 contiki-z1.a(mac.o)
                0x000000000000dc08                mac_call_sent_callback
 .text.libgcc   0x000000000000dc1c       0x2a /usr/lib/gcc/msp430/4.6.3/mcpu-430x/mmpy-16/libgcc.a(_mulsi3.o)
                0x000000000000dc1c                __mulsi3
 .text.libgcc   0x000000000000dc46       0x22 /usr/lib/gcc/msp430/4.6.3/mcpu-430x/mmpy-16/libgcc.a(_udivmod16.o)
                0x000000000000dc46                __udivhi3
                0x000000000000dc46                __ext_udivmod16
                0x000000000000dc60                __umodhi3
 .text.libgcc   0x000000000000dc68       0x3a /usr/lib/gcc/msp430/4.6.3/mcpu-430x/mmpy-16/libgcc.a(_divmod16.o)
                0x000000000000dc68                __ext_divmod16
                0x000000000000dc68                __divhi3
                0x000000000000dc9a                __modhi3
 .text.libgcc   0x000000000000dca2       0x38 /usr/lib/gcc/msp430/4.6.3/mcpu-430x/mmpy-16/libgcc.a(_udivmod32.o)
                0x000000000000dca2                __udivsi3
                0x000000000000dca2                __ext_udivmod32
                0x000000000000dcd0                __umodsi3
 .text.libgcc   0x000000000000dcda       0x4c /usr/lib/gcc/msp430/4.6.3/mcpu-430x/mmpy-16/libgcc.a(_divmod32.o)
                0x000000000000dcda                __ext_divmod32
                0x000000000000dcda                __divsi3
                0x000000000000dd1c                __modsi3
 .text          0x000000000000dd26       0x12 /usr/lib/gcc/msp430/4.6.3/../../../../msp430/lib/mcpu-430x/mmpy-16/libc.a(strchr.o)
                0x000000000000dd26                strchr
 .text          0x000000000000dd38       0x1c /usr/lib/gcc/msp430/4.6.3/../../../../msp430/lib/mcpu-430x/mmpy-16/libc.a(memchr.o)
                0x000000000000dd38                memchr
 .text          0x000000000000dd54       0x28 /usr/lib/gcc/msp430/4.6.3/../../../../msp430/lib/mcpu-430x/mmpy-16/libc.a(strncmp.o)
                0x000000000000dd54                strncmp
 .text          0x000000000000dd7c       0x20 /usr/lib/gcc/msp430/4.6.3/../../../../msp430/lib/mcpu-430x/mmpy-16/libc.a(memcmp.o)
                0x000000000000dd7c                memcmp
 .text          0x000000000000dd9c       0x2a /usr/lib/gcc/msp430/4.6.3/../../../../msp430/lib/mcpu-430x/mmpy-16/libc.a(strncpy.o)
                0x000000000000dd9c                strncpy
 .text          0x000000000000ddc6       0xe4 /usr/lib/gcc/msp430/4.6.3/../../../../msp430/lib/mcpu-430x/mmpy-16/libc.a(memcpy.o)
                0x000000000000ddc6                memcpy
 .text          0x000000000000deaa       0xe4 /usr/lib/gcc/msp430/4.6.3/../../../../msp430/lib/mcpu-430x/mmpy-16/libc.a(memmove.o)
                0x000000000000deaa                memmove
 .text          0x000000000000df8e       0x5c /usr/lib/gcc/msp430/4.6.3/../../../../msp430/lib/mcpu-430x/mmpy-16/libc.a(memset.o)
                0x000000000000df8e                memset
 .text          0x000000000000dfea       0x1e /usr/lib/gcc/msp430/4.6.3/../../../../msp430/lib/mcpu-430x/mmpy-16/libc.a(printf.o)
                0x000000000000dfea                printf
                0x000000000000dffa                vprintf
 .text          0x000000000000e008       0xb8 /usr/lib/gcc/msp430/4.6.3/../../../../msp430/lib/mcpu-430x/mmpy-16/libc.a(sprintf.o)
                0x000000000000e062                sprintf
                0x000000000000e07e                snprintf
                0x000000000000e098                vsprintf
                0x000000000000e0ae                vsnprintf
 .text          0x000000000000e0c0      0x818 /usr/lib/gcc/msp430/4.6.3/../../../../msp430/lib/mcpu-430x/mmpy-16/libc.a(vuprintf.o)
                0x000000000000e23c                vuprintf
 .text          0x000000000000e8d8       0x2c /usr/lib/gcc/msp430/4.6.3/../../../../msp430/lib/mcpu-430x/mmpy-16/libc.a(puts.o)
                0x000000000000e8d8                puts
 .text          0x000000000000e904       0x54 /usr/lib/gcc/msp430/4.6.3/../../../../msp430/lib/mcpu-430x/mmpy-16/libc.a(rand.o)
                0x000000000000e904                rand_r
                0x000000000000e928                rand
                0x000000000000e94e                srand
 .text.libgcc   0x000000000000e958       0xbc /usr/lib/gcc/msp430/4.6.3/mcpu-430x/mmpy-16/libgcc.a(_udivmod64.o)
                0x000000000000e958                __xabi_udivmod64
                0x000000000000e9aa                __udivdi3
                0x000000000000e9c4                __umoddi3
                0x000000000000e9e6                __udivmoddi4
 .text.crt0     0x000000000000ea14        0x2 /usr/lib/gcc/msp430/4.6.3/mcpu-430x/mmpy-16/libcrt0.a(_unexpected_.o)
                0x000000000000ea14                _unexpected_
                0x000000000000ea16                . = ALIGN (0x2)

.rodata         0x000000000000ea16      0xa18
                0x000000000000ea16                . = ALIGN (0x2)
 *(.rodata .rodata.* .gnu.linkonce.r.*)
 .rodata        0x000000000000ea16       0x56 er-example-server.co
                0x000000000000ea52                autostart_processes
 .rodata        0x000000000000ea6c       0x26 obj_z1/res-push.o
 .rodata        0x000000000000ea92       0x21 obj_z1/res-event.o
 .rodata        0x000000000000eab3       0x21 obj_z1/res-separate.o
 .rodata        0x000000000000ead4       0x2a obj_z1/res-observe.o
 .rodata        0x000000000000eafe      0x107 obj_z1/contiki-z1-main.o
 .rodata        0x000000000000ec05       0xaf contiki-z1.a(er-coap.o)
 .rodata        0x000000000000ecb4      0x424 contiki-z1.a(er-coap-engine.)
                0x000000000000f046                coap_rest_implementation
 .rodata        0x000000000000f0d8      0x149 contiki-z1.a(er-coap-transac)
 .rodata        0x000000000000f221       0x11 contiki-z1.a(er-coap-observe)
 .rodata        0x000000000000f232        0xd contiki-z1.a(er-coap-separat)
 .rodata        0x000000000000f23f       0x19 contiki-z1.a(er-coap-res-wel)
 .rodata        0x000000000000f258        0xc contiki-z1.a(rest-engine.o)
 .rodata        0x000000000000f264       0x5a contiki-z1.a(cc2420.o)
                0x000000000000f280                cc2420_aes_128_driver
                0x000000000000f284                cc2420_driver
 .rodata        0x000000000000f2be        0x8 contiki-z1.a(sensors.o)
 .rodata        0x000000000000f2c6       0x10 contiki-z1.a(button-sensor.o)
                0x000000000000f2ce                button_sensor
 .rodata        0x000000000000f2d6       0x16 contiki-z1.a(adxl345.o)
 .rodata        0x000000000000f2ec        0xf contiki-z1.a(ctimer.o)
 .rodata        0x000000000000f2fb        0xc contiki-z1.a(etimer.o)
 *fill*         0x000000000000f307        0x1 00
 .rodata        0x000000000000f308       0x24 contiki-z1.a(sicslowpan.o)
                0x000000000000f314                sicslowpan_driver
                0x000000000000f31a                llprefix
                0x000000000000f31c                unc_mxconf
                0x000000000000f320                unc_ctxconf
                0x000000000000f324                unc_llconf
 .rodata        0x000000000000f32c        0xd contiki-z1.a(tcpip.o)
 .rodata        0x000000000000f339       0x29 contiki-z1.a(uip-debug.o)
 .rodata        0x000000000000f362        0x8 contiki-z1.a(linkaddr.o)
                0x000000000000f362                linkaddr_null
 .rodata        0x000000000000f36a       0x70 contiki-z1.a(queuebuf.o)
 .rodata        0x000000000000f3da        0x8 contiki-z1.a(framer-802154.o)
                0x000000000000f3da                framer_802154
 .rodata        0x000000000000f3e2       0x16 contiki-z1.a(nullmac.o)
                0x000000000000f3ea                nullmac_driver
 .rodata        0x000000000000f3f8       0x18 contiki-z1.a(nullrdc.o)
                0x000000000000f400                nullrdc_driver
 .rodata        0x000000000000f410       0x14 contiki-z1.a(nullsec.o)
                0x000000000000f418                nullsec_driver
 .rodata        0x000000000000f424        0x2 contiki-z1.a(frame802154.o)
 .rodata        0x000000000000f426        0x7 /usr/lib/gcc/msp430/4.6.3/../../../../msp430/lib/mcpu-430x/mmpy-16/libc.a(vuprintf.o)