Archive member included because of file (symbol)

contiki-z1.a(er-coap.o)       obj_z1/res-b1-sep-b2.o (coap_serialize_message)
contiki-z1.a(er-coap-engine.)
                              obj_z1/res-radio.o (coap_rest_implementation)
contiki-z1.a(er-coap-transac)
                              contiki-z1.a(er-coap-engine.) (coap_register_as_transaction_handler)
contiki-z1.a(er-coap-observe)
                              contiki-z1.a(er-coap-transac) (coap_remove_observer_by_client)
contiki-z1.a(er-coap-separat)
                              obj_z1/res-separate.o (coap_separate_reject)
contiki-z1.a(er-coap-res-wel)
                              contiki-z1.a(er-coap-engine.) (res_well_known_core)
contiki-z1.a(er-coap-block1.)
                              obj_z1/res-b1-sep-b2.o (coap_block1_handler)
contiki-z1.a(er-coap-observe)
                              contiki-z1.a(er-coap-engine.) (coap_handle_notification)
contiki-z1.a(rest-engine.o)   er-example-server.co (rest_init_engine)
contiki-z1.a(contiki-z1-plat)
                              obj_z1/contiki-z1-main.o (init_platform)
contiki-z1.a(msp430.o)        obj_z1/contiki-z1-main.o (splhigh_)
contiki-z1.a(leds.o)          obj_z1/contiki-z1-main.o (leds_init)
contiki-z1.a(watchdog.o)      obj_z1/contiki-z1-main.o (watchdog_start)
contiki-z1.a(xmem.o)          obj_z1/contiki-z1-main.o (xmem_init)
contiki-z1.a(spi.o)           contiki-z1.a(xmem.o) (spi_init)
contiki-z1.a(cc2420.o)        obj_z1/contiki-z1-main.o (cc2420_set_pan_addr)
contiki-z1.a(cc2420-arch.o)   contiki-z1.a(cc2420.o) (cc2420_arch_init)
contiki-z1.a(node-id.o)       obj_z1/contiki-z1-main.o (node_id_restore)
contiki-z1.a(sensors.o)       er-example-server.co (sensors_event)
contiki-z1.a(button-sensor.o)
                              er-example-server.co (button_sensor)
contiki-z1.a(radio-sensor.o)  obj_z1/res-radio.o (radio_sensor)
contiki-z1.a(uart0.o)         obj_z1/contiki-z1-main.o (uart0_active)
contiki-z1.a(uart0-putchar.o)
                              obj_z1/res-b1-sep-b2.o (putchar)
contiki-z1.a(battery-sensor.)
                              obj_z1/res-battery.o (battery_sensor)
contiki-z1.a(sky-sensors.o)   contiki-z1.a(battery-sensor.) (sky_sensors_status)
contiki-z1.a(adxl345.o)       obj_z1/contiki-z1-main.o (accm_init)
contiki-z1.a(clock.o)         obj_z1/contiki-z1-main.o (clock_init)
contiki-z1.a(leds-arch.o)     contiki-z1.a(leds.o) (leds_arch_init)
contiki-z1.a(rtimer-arch.o)   obj_z1/contiki-z1-main.o (rtimer_arch_now)
contiki-z1.a(autostart.o)     obj_z1/contiki-z1-main.o (autostart_start)
contiki-z1.a(ctimer.o)        obj_z1/contiki-z1-main.o (ctimer_init)
contiki-z1.a(energest.o)      obj_z1/contiki-z1-main.o (energest_init)
contiki-z1.a(etimer.o)        contiki-z1.a(clock.o) (etimer_request_poll)
contiki-z1.a(process.o)       er-example-server.co (process_current)
contiki-z1.a(rtimer.o)        obj_z1/contiki-z1-main.o (rtimer_init)
contiki-z1.a(timer.o)         contiki-z1.a(button-sensor.o) (timer_set)
contiki-z1.a(list.o)          contiki-z1.a(rest-engine.o) (list_init)
contiki-z1.a(memb.o)          contiki-z1.a(er-coap-transac) (memb_alloc)
contiki-z1.a(random.o)        contiki-z1.a(er-coap.o) (random_rand)
contiki-z1.a(sicslowpan.o)    obj_z1/contiki-z1-main.o (sicslowpan_driver)
contiki-z1.a(uip6.o)          contiki-z1.a(er-coap-engine.) (uip_aligned_buf)
contiki-z1.a(uip-ds6.o)       contiki-z1.a(uip6.o) (uip_ds6_is_addr_onlink)
contiki-z1.a(uip-ds6-nbr.o)   contiki-z1.a(uip-ds6.o) (uip_ds6_neighbors_init)
contiki-z1.a(uip-ds6-route.o)
                              contiki-z1.a(uip-ds6.o) (uip_ds6_route_init)
contiki-z1.a(uip-icmp6.o)     contiki-z1.a(uip6.o) (uip_icmp6_input)
contiki-z1.a(uip-nd6.o)       contiki-z1.a(uip-ds6-nbr.o) (uip_nd6_ns_output)
contiki-z1.a(tcpip.o)         contiki-z1.a(sicslowpan.o) (tcpip_set_outputfunc)
contiki-z1.a(uip-debug.o)     contiki-z1.a(uip-ds6-route.o) (uip_debug_ipaddr_print)
contiki-z1.a(uip-udp-packet.)
                              contiki-z1.a(er-coap.o) (uip_udp_packet_send)
contiki-z1.a(rpl.o)           contiki-z1.a(uip-ds6-nbr.o) (rpl_link_neighbor_callback)
contiki-z1.a(rpl-dag.o)       contiki-z1.a(rpl.o) (default_instance)
contiki-z1.a(rpl-ext-header.)
                              contiki-z1.a(uip6.o) (rpl_verify_header)
contiki-z1.a(rpl-icmp6.o)     contiki-z1.a(rpl.o) (dao_output_target)
contiki-z1.a(rpl-mrhof.o)     contiki-z1.a(rpl.o) (rpl_mrhof)
contiki-z1.a(rpl-timers.o)    contiki-z1.a(rpl.o) (rpl_reset_periodic_timer)
contiki-z1.a(linkaddr.o)      obj_z1/contiki-z1-main.o (linkaddr_copy)
contiki-z1.a(nbr-table.o)     contiki-z1.a(uip-ds6-nbr.o) (nbr_table_register)
contiki-z1.a(packetbuf.o)     contiki-z1.a(cc2420.o) (packetbuf_set_datalen)
contiki-z1.a(queuebuf.o)      obj_z1/contiki-z1-main.o (queuebuf_init)
contiki-z1.a(framer-802154.o)
                              contiki-z1.a(sicslowpan.o) (framer_802154)
[...]
Memory Configuration

Name             Origin             Length             Attributes
sfr              0x0000000000000000 0x0000000000000010
peripheral_8bit  0x0000000000000010 0x00000000000000f0
peripheral_16bit 0x0000000000000100 0x0000000000000100
ram_mirror       0x0000000000000200 0x0000000000000800 xw
infomem          0x0000000000001000 0x0000000000000100
infod            0x0000000000001000 0x0000000000000040
infoc            0x0000000000001040 0x0000000000000040
infob            0x0000000000001080 0x0000000000000040
infoa            0x00000000000010c0 0x0000000000000040
ram              0x0000000000001100 0x0000000000002000 xw
rom              0x0000000000003100 0x000000000000cebe xr
vectors          0x000000000000ffc0 0x0000000000000040
far_rom          0x0000000000010000 0x000000000000a000
bsl              0x0000000000000000 0x0000000000000000
ram2             0x0000000000000000 0x0000000000000000 xw
usbram           0x0000000000000000 0x0000000000000000 xw
*default*        0x0000000000000000 0xffffffffffffffff

Linker script and memory map

LOAD /usr/lib/gcc/msp430/4.6.3/mcpu-430x/mmpy-16/crt0ivtbl32.o
                0x0000000000000041                __P1SEL2 = 0x41
                0x0000000000000045                __P5SEL2 = 0x45
LOAD er-example-server.co
LOAD obj_z1/res-sht11.o
LOAD obj_z1/res-radio.o
LOAD obj_z1/res-sub.o
LOAD obj_z1/res-push_copy.o
LOAD obj_z1/res-toggle.o
LOAD obj_z1/res-leds.o
LOAD obj_z1/res-b1-sep-b2.o
LOAD obj_z1/res-hello.o
LOAD obj_z1/res-chunks.o
LOAD obj_z1/res-push.o
LOAD obj_z1/res-event.o
LOAD obj_z1/res-battery.o
LOAD obj_z1/res-separate.o
LOAD obj_z1/res-light.o
LOAD obj_z1/res-push_blockwise.o
LOAD obj_z1/res-observe.o
LOAD obj_z1/res-mirror.o
LOAD obj_z1/contiki-z1-main.o
LOAD contiki-z1.a
LOAD /usr/lib/gcc/msp430/4.6.3/mcpu-430x/mmpy-16/libgcc.a
LOAD /usr/lib/gcc/msp430/4.6.3/../../../../msp430/lib/mcpu-430x/mmpy-16/libc.a
LOAD /usr/lib/gcc/msp430/4.6.3/mcpu-430x/mmpy-16/libgcc.a
LOAD /usr/lib/gcc/msp430/4.6.3/mcpu-430x/mmpy-16/libcrt0.a
                0x0000000000000040                PROVIDE (__info_segment_size, 0x40)
                0x0000000000001000                PROVIDE (__infod, 0x1000)
                0x0000000000001040                PROVIDE (__infoc, 0x1040)
                0x0000000000001080                PROVIDE (__infob, 0x1080)
                0x00000000000010c0                PROVIDE (__infoa, 0x10c0)
                0x0000000000000000                __IE1 = 0x0
                0x0000000000000002                __IFG1 = 0x2
                0x0000000000000001                __IE2 = 0x1
                0x0000000000000003                __IFG2 = 0x3
                0x0000000000000006                __UC1IE = 0x6
                0x0000000000000007                __UC1IFG = 0x7
                0x00000000000001a0                __ADC12CTL0 = 0x1a0
                0x00000000000001a2                __ADC12CTL1 = 0x1a2
                0x00000000000001a4                __ADC12IFG = 0x1a4
                0x00000000000001a6                __ADC12IE = 0x1a6
                0x00000000000001a8                __ADC12IV = 0x1a8
                0x0000000000000140                __ADC12MEM0 = 0x140
                0x0000000000000142                __ADC12MEM1 = 0x142
                0x0000000000000144                __ADC12MEM2 = 0x144
                0x0000000000000146                __ADC12MEM3 = 0x146
                0x0000000000000148                __ADC12MEM4 = 0x148
                0x000000000000014a                __ADC12MEM5 = 0x14a
                0x000000000000014c                __ADC12MEM6 = 0x14c
                0x000000000000014e                __ADC12MEM7 = 0x14e
                0x0000000000000150                __ADC12MEM8 = 0x150
                0x0000000000000152                __ADC12MEM9 = 0x152
                0x0000000000000154                __ADC12MEM10 = 0x154
                0x0000000000000156                __ADC12MEM11 = 0x156
                0x0000000000000158                __ADC12MEM12 = 0x158
                0x000000000000015a                __ADC12MEM13 = 0x15a
                0x000000000000015c                __ADC12MEM14 = 0x15c
                0x000000000000015e                __ADC12MEM15 = 0x15e
                0x0000000000000080                __ADC12MCTL0 = 0x80
                0x0000000000000081                __ADC12MCTL1 = 0x81
                0x0000000000000082                __ADC12MCTL2 = 0x82
                0x0000000000000083                __ADC12MCTL3 = 0x83
                0x0000000000000084                __ADC12MCTL4 = 0x84
                0x0000000000000085                __ADC12MCTL5 = 0x85
                0x0000000000000086                __ADC12MCTL6 = 0x86
                0x0000000000000087                __ADC12MCTL7 = 0x87
                0x0000000000000088                __ADC12MCTL8 = 0x88
                0x0000000000000089                __ADC12MCTL9 = 0x89
                0x000000000000008a                __ADC12MCTL10 = 0x8a
                0x000000000000008b                __ADC12MCTL11 = 0x8b
                0x000000000000008c                __ADC12MCTL12 = 0x8c
                0x000000000000008d                __ADC12MCTL13 = 0x8d
                0x000000000000008e                __ADC12MCTL14 = 0x8e
                0x000000000000008f                __ADC12MCTL15 = 0x8f
                0x0000000000000056                __DCOCTL = 0x56
                0x0000000000000057                __BCSCTL1 = 0x57
                0x0000000000000058                __BCSCTL2 = 0x58
                0x0000000000000053                __BCSCTL3 = 0x53
                0x0000000000000059                __CACTL1 = 0x59
                0x000000000000005a                __CACTL2 = 0x5a
                0x000000000000005b                __CAPD = 0x5b
                0x00000000000001c0                __DAC12_0CTL = 0x1c0
                0x00000000000001c2                __DAC12_1CTL = 0x1c2
                0x00000000000001c8                __DAC12_0DAT = 0x1c8
                0x00000000000001ca                __DAC12_1DAT = 0x1ca
                0x0000000000000122                __DMACTL0 = 0x122
                0x0000000000000124                __DMACTL1 = 0x124
                0x0000000000000126                __DMAIV = 0x126
                0x00000000000001d0                __DMA0CTL = 0x1d0
                0x00000000000001dc                __DMA1CTL = 0x1dc
                0x00000000000001e8                __DMA2CTL = 0x1e8
                0x00000000000001d2                __DMA0SA = 0x1d2
                0x00000000000001d2                __DMA0SAL = 0x1d2
                0x00000000000001d6                __DMA0DA = 0x1d6
                0x00000000000001d6                __DMA0DAL = 0x1d6
                0x00000000000001da                __DMA0SZ = 0x1da
                0x00000000000001de                __DMA1SA = 0x1de
                0x00000000000001de                __DMA1SAL = 0x1de
                0x00000000000001e2                __DMA1DA = 0x1e2
                0x00000000000001e2                __DMA1DAL = 0x1e2
                0x00000000000001e6                __DMA1SZ = 0x1e6
                0x00000000000001ea                __DMA2SA = 0x1ea
                0x00000000000001ea                __DMA2SAL = 0x1ea
                0x00000000000001ee                __DMA2DA = 0x1ee
                0x00000000000001ee                __DMA2DAL = 0x1ee
                0x00000000000001f2                __DMA2SZ = 0x1f2
                0x0000000000000128                __FCTL1 = 0x128
                0x000000000000012a                __FCTL2 = 0x12a
                0x000000000000012c                __FCTL3 = 0x12c
                0x00000000000001be                __FCTL4 = 0x1be
                0x0000000000000130                __MPY = 0x130
                0x0000000000000132                __MPYS = 0x132
                0x0000000000000134                __MAC = 0x134
                0x0000000000000136                __MACS = 0x136
                0x0000000000000138                __OP2 = 0x138
                0x000000000000013a                __RESLO = 0x13a
                0x000000000000013c                __RESHI = 0x13c
                0x000000000000013e                __SUMEXT = 0x13e
                0x0000000000000020                __P1IN = 0x20
                0x0000000000000021                __P1OUT = 0x21
                0x0000000000000022                __P1DIR = 0x22
                0x0000000000000023                __P1IFG = 0x23
                0x0000000000000024                __P1IES = 0x24
                0x0000000000000025                __P1IE = 0x25
                0x0000000000000026                __P1SEL = 0x26
                0x0000000000000027                __P1REN = 0x27
                0x0000000000000028                __P2IN = 0x28
                0x0000000000000029                __P2OUT = 0x29
                0x000000000000002a                __P2DIR = 0x2a
                0x000000000000002b                __P2IFG = 0x2b
                0x000000000000002c                __P2IES = 0x2c
                0x000000000000002d                __P2IE = 0x2d
                0x000000000000002e                __P2SEL = 0x2e
                0x000000000000002f                __P2REN = 0x2f
                0x0000000000000018                __P3IN = 0x18
                0x0000000000000019                __P3OUT = 0x19
                0x000000000000001a                __P3DIR = 0x1a
                0x000000000000001b                __P3SEL = 0x1b
                0x0000000000000010                __P3REN = 0x10
                0x000000000000001c                __P4IN = 0x1c
                0x000000000000001d                __P4OUT = 0x1d
                0x000000000000001e                __P4DIR = 0x1e
                0x000000000000001f                __P4SEL = 0x1f
                0x0000000000000011                __P4REN = 0x11
                0x0000000000000030                __P5IN = 0x30
                0x0000000000000031                __P5OUT = 0x31
                0x0000000000000032                __P5DIR = 0x32
                0x0000000000000033                __P5SEL = 0x33
                0x0000000000000012                __P5REN = 0x12
                0x0000000000000034                __P6IN = 0x34
                0x0000000000000035                __P6OUT = 0x35
                0x0000000000000036                __P6DIR = 0x36
                0x0000000000000037                __P6SEL = 0x37
                0x0000000000000013                __P6REN = 0x13
                0x0000000000000038                __P7IN = 0x38
                0x000000000000003a                __P7OUT = 0x3a
                0x000000000000003c                __P7DIR = 0x3c
                0x000000000000003e                __P7SEL = 0x3e
                0x0000000000000014                __P7REN = 0x14
                0x0000000000000039                __P8IN = 0x39
                0x000000000000003b                __P8OUT = 0x3b
                0x000000000000003d                __P8DIR = 0x3d
                0x000000000000003f                __P8SEL = 0x3f
                0x0000000000000015                __P8REN = 0x15
                0x0000000000000038                __PAIN = 0x38
                0x000000000000003a                __PAOUT = 0x3a
                0x000000000000003c                __PADIR = 0x3c
                0x000000000000003e                __PASEL = 0x3e
                0x0000000000000014                __PAREN = 0x14
                0x0000000000000055                __SVSCTL = 0x55
                0x000000000000012e                __TAIV = 0x12e
                0x0000000000000160                __TACTL = 0x160
                0x0000000000000162                __TACCTL0 = 0x162
                0x0000000000000164                __TACCTL1 = 0x164
                0x0000000000000166                __TACCTL2 = 0x166
                0x0000000000000170                __TAR = 0x170
                0x0000000000000172                __TACCR0 = 0x172
                0x0000000000000174                __TACCR1 = 0x174
                0x0000000000000176                __TACCR2 = 0x176
                0x000000000000011e                __TBIV = 0x11e
                0x0000000000000180                __TBCTL = 0x180
                0x0000000000000182                __TBCCTL0 = 0x182
                0x0000000000000184                __TBCCTL1 = 0x184
                0x0000000000000186                __TBCCTL2 = 0x186
                0x0000000000000188                __TBCCTL3 = 0x188
                0x000000000000018a                __TBCCTL4 = 0x18a
                0x000000000000018c                __TBCCTL5 = 0x18c
                0x000000000000018e                __TBCCTL6 = 0x18e
                0x0000000000000190                __TBR = 0x190
                0x0000000000000192                __TBCCR0 = 0x192
                0x0000000000000194                __TBCCR1 = 0x194
                0x0000000000000196                __TBCCR2 = 0x196
                0x0000000000000198                __TBCCR3 = 0x198
                0x000000000000019a                __TBCCR4 = 0x19a
                0x000000000000019c                __TBCCR5 = 0x19c
                0x000000000000019e                __TBCCR6 = 0x19e
                0x0000000000000060                __UCA0CTL0 = 0x60
                0x0000000000000061                __UCA0CTL1 = 0x61
                0x0000000000000062                __UCA0BR0 = 0x62
                0x0000000000000063                __UCA0BR1 = 0x63
                0x0000000000000064                __UCA0MCTL = 0x64
                0x0000000000000065                __UCA0STAT = 0x65
                0x0000000000000066                __UCA0RXBUF = 0x66
                0x0000000000000067                __UCA0TXBUF = 0x67
                0x000000000000005d                __UCA0ABCTL = 0x5d
                0x000000000000005e                __UCA0IRTCTL = 0x5e
                0x000000000000005f                __UCA0IRRCTL = 0x5f
                0x0000000000000068                __UCB0CTL0 = 0x68
                0x0000000000000069                __UCB0CTL1 = 0x69
                0x000000000000006a                __UCB0BR0 = 0x6a
                0x000000000000006b                __UCB0BR1 = 0x6b
                0x000000000000006c                __UCB0I2CIE = 0x6c
                0x000000000000006d                __UCB0STAT = 0x6d
                0x000000000000006e                __UCB0RXBUF = 0x6e
                0x000000000000006f                __UCB0TXBUF = 0x6f
                0x0000000000000118                __UCB0I2COA = 0x118
                0x000000000000011a                __UCB0I2CSA = 0x11a
                0x00000000000000d0                __UCA1CTL0 = 0xd0
                0x00000000000000d1                __UCA1CTL1 = 0xd1
                0x00000000000000d2                __UCA1BR0 = 0xd2
                0x00000000000000d3                __UCA1BR1 = 0xd3
                0x00000000000000d4                __UCA1MCTL = 0xd4
                0x00000000000000d5                __UCA1STAT = 0xd5
                0x00000000000000d6                __UCA1RXBUF = 0xd6
                0x00000000000000d7                __UCA1TXBUF = 0xd7
                0x00000000000000cd                __UCA1ABCTL = 0xcd
                0x00000000000000ce                __UCA1IRTCTL = 0xce
                0x00000000000000cf                __UCA1IRRCTL = 0xcf
                0x00000000000000d8                __UCB1CTL0 = 0xd8
                0x00000000000000d9                __UCB1CTL1 = 0xd9
                0x00000000000000da                __UCB1BR0 = 0xda
                0x00000000000000db                __UCB1BR1 = 0xdb
                0x00000000000000dc                __UCB1I2CIE = 0xdc
                0x00000000000000dd                __UCB1STAT = 0xdd
                0x00000000000000de                __UCB1RXBUF = 0xde
                0x00000000000000df                __UCB1TXBUF = 0xdf
                0x000000000000017c                __UCB1I2COA = 0x17c
                0x000000000000017e                __UCB1I2CSA = 0x17e
                0x0000000000000120                __WDTCTL = 0x120
                0x00000000000010c0                __TLV_CHECKSUM = 0x10c0
                0x00000000000010f6                __TLV_DCO_30_TAG = 0x10f6
                0x00000000000010f7                __TLV_DCO_30_LEN = 0x10f7
                0x00000000000010da                __TLV_ADC12_1_TAG = 0x10da
                0x00000000000010db                __TLV_ADC12_1_LEN = 0x10db
                0x00000000000010f8                __CALDCO_16MHZ = 0x10f8
                0x00000000000010f9                __CALBC1_16MHZ = 0x10f9
                0x00000000000010fa                __CALDCO_12MHZ = 0x10fa
                0x00000000000010fb                __CALBC1_12MHZ = 0x10fb
                0x00000000000010fc                __CALDCO_8MHZ = 0x10fc
                0x00000000000010fd                __CALBC1_8MHZ = 0x10fd
                0x00000000000010fe                __CALDCO_1MHZ = 0x10fe
                0x00000000000010ff                __CALBC1_1MHZ = 0x10ff

.hash
 *(.hash)

.dynsym
 *(.dynsym)

.dynstr
 *(.dynstr)

.gnu.version
 *(.gnu.version)

.gnu.version_d
 *(.gnu.version_d)

.gnu.version_r
 *(.gnu.version_r)

.rel.init
 *(.rel.init)

.rela.init
 *(.rela.init)

.rel.fini
 *(.rel.fini)

.rela.fini
 *(.rela.fini)

.rel.text
 *(.rel.text .rel.text.* .rel.gnu.linkonce.t.*)

.rela.text
 *(.rela.text .rela.text.* .rela.gnu.linkonce.t.*)

.rel.rodata
 *(.rel.rodata .rel.rodata.* .rel.gnu.linkonce.r.*)

.rela.rodata
 *(.rela.rodata .rela.rodata.* .rela.gnu.linkonce.r.*)

.rel.data
 *(.rel.data .rel.data.* .rel.gnu.linkonce.d.*)

.rela.data
 *(.rela.data .rela.data.* .rela.gnu.linkonce.d.*)

.rel.bss
 *(.rel.bss .rel.bss.* .rel.gnu.linkonce.b.*)

.rela.bss
 *(.rela.bss .rela.bss.* .rela.gnu.linkonce.b.*)

.rel.ctors
 *(.rel.ctors)

.rela.ctors
 *(.rela.ctors)

.rel.dtors
 *(.rel.dtors)

.rela.dtors
 *(.rela.dtors)

.rel.got
 *(.rel.got)

.rela.got
 *(.rela.got)

.rel.plt
 *(.rel.plt)

.rela.plt
 *(.rela.plt)

.text           0x0000000000003100     0xb862
                0x0000000000003100                . = ALIGN (0x2)
 *(.init .init.*)
 *(.init0)
 .init0         0x0000000000003100        0x0 /usr/lib/gcc/msp430/4.6.3/mcpu-430x/mmpy-16/libcrt0.a(_reset_vector__.o)
                0x0000000000003100                _reset_vector__
 *(.init1)
 .init1         0x0000000000003100        0xc /usr/lib/gcc/msp430/4.6.3/mcpu-430x/mmpy-16/libcrt0.a(__watchdog_support.o)
                0x0000000000003100                __watchdog_support
 *(.init2)
 .init2         0x000000000000310c        0x4 /usr/lib/gcc/msp430/4.6.3/mcpu-430x/mmpy-16/libcrt0.a(__init_stack.o)
                0x000000000000310c                __init_stack
 *(.init3)
 .init3         0x0000000000003110        0x0 /usr/lib/gcc/msp430/4.6.3/mcpu-430x/mmpy-16/libcrt0.a(__low_level_init.o)
                0x0000000000003110                __low_level_init
 *(.init4)
 .init4         0x0000000000003110       0x18 /usr/lib/gcc/msp430/4.6.3/mcpu-430x/mmpy-16/libcrt0.a(_copy_data.o)
                0x0000000000003110                __do_copy_data
 .init4         0x0000000000003128       0x16 /usr/lib/gcc/msp430/4.6.3/mcpu-430x/mmpy-16/libcrt0.a(_clear_bss.o)
                0x0000000000003128                __do_clear_bss
 *(.init5)
 *(.init6)
 *(.init7)
 *(.init8)
 *(.init9)
 .init9         0x000000000000313e      0x35c obj_z1/contiki-z1-main.o
                0x000000000000313e                main
 *(.fini9)
 .fini9         0x000000000000349a        0x0 /usr/lib/gcc/msp430/4.6.3/mcpu-430x/mmpy-16/libcrt0.a(__stop_progExec__.o)
                0x000000000000349a                __stop_progExec__
 *(.fini8)
 *(.fini7)
 *(.fini6)
 *(.fini5)
 *(.fini4)
 *(.fini3)
 *(.fini2)
 *(.fini1)
 *(.fini0)
 .fini0         0x000000000000349a        0x6 /usr/lib/gcc/msp430/4.6.3/mcpu-430x/mmpy-16/libcrt0.a(_endless_loop__.o)
                0x000000000000349a                _endless_loop__
 *(.fini .fini.*)
                0x00000000000034a0                . = ALIGN (0x2)
                0x00000000000034a0                __ctors_start = .
 *(.ctors)
                0x00000000000034a0                __ctors_end = .
                0x00000000000034a0                __dtors_start = .
 *(.dtors)
                0x00000000000034a0                __dtors_end = .
                0x00000000000034a0                . = ALIGN (0x2)
 *(.text .text.* .gnu.linkonce.t.*)
 .text          0x00000000000034a0        0x4 /usr/lib/gcc/msp430/4.6.3/mcpu-430x/mmpy-16/crt0ivtbl32.o
                0x00000000000034a0                __isr_14
                0x00000000000034a0                __isr_4
                0x00000000000034a0                __isr_29
                0x00000000000034a0                __isr_11
                0x00000000000034a0                __isr_5
                0x00000000000034a0                __isr_2
                0x00000000000034a0                __isr_10
                0x00000000000034a0                __isr_7
                0x00000000000034a0                __isr_0
                0x00000000000034a0                __isr_28
                0x00000000000034a0                __isr_8
                0x00000000000034a0                __isr_20
                0x00000000000034a0                __isr_3
                0x00000000000034a0                __isr_12
                0x00000000000034a0                __isr_13
                0x00000000000034a0                __isr_27
                0x00000000000034a0                __isr_9
                0x00000000000034a0                __isr_30
                0x00000000000034a0                __isr_6
                0x00000000000034a0                __isr_22
                0x00000000000034a0                __isr_1
                0x00000000000034a0                __isr_15
                0x00000000000034a0                __isr_21
 .text.process_thread_er_example_server
                0x00000000000034a4       0x92 er-example-server.co
 .text.res_get_handler
                0x0000000000003536       0x64 obj_z1/res-push.o
 .text.res_periodic_handler
                0x000000000000359a       0x72 obj_z1/res-push.o
 .text.res_event_handler
                0x000000000000360c       0x12 obj_z1/res-event.o
 .text.res_get_handler
                0x000000000000361e       0x3c obj_z1/res-event.o
 .text.res_resume_handler
                0x000000000000365a       0x84 obj_z1/res-separate.o
 .text.res_get_handler
                0x00000000000036de       0x32 obj_z1/res-separate.o
 .text.res_get_handler
                0x0000000000003710       0x6a obj_z1/res-observe.o
 .text.res_periodic_handler
                0x000000000000377a       0x72 obj_z1/res-observe.o
 .text.coap_parse_int_option
                0x00000000000037ec       0x36 contiki-z1.a(er-coap.o)
 .text.coap_set_option_header
                0x0000000000003822       0xa6 contiki-z1.a(er-coap.o)
 .text.coap_serialize_int_option
                0x00000000000038c8       0xbe contiki-z1.a(er-coap.o)
 .text.coap_get_variable
                0x0000000000003986       0xa2 contiki-z1.a(er-coap.o)
 .text.coap_serialize_array_option
                0x0000000000003a28       0xd4 contiki-z1.a(er-coap.o)
 .text.coap_merge_multi_option.part.1
                0x0000000000003afc       0x2c contiki-z1.a(er-coap.o)
 .text.coap_init_connection
                0x0000000000003b28       0x22 contiki-z1.a(er-coap.o)
                0x0000000000003b28                coap_init_connection
 .text.coap_get_mid
                0x0000000000003b4a        0xc contiki-z1.a(er-coap.o)
                0x0000000000003b4a                coap_get_mid
 .text.coap_init_message
                0x0000000000003b56       0x24 contiki-z1.a(er-coap.o)
                0x0000000000003b56                coap_init_message
 .text.coap_serialize_message
                0x0000000000003b7a      0x426 contiki-z1.a(er-coap.o)
                0x0000000000003b7a                coap_serialize_message
 .text.coap_send_message
                0x0000000000003fa0       0x3e contiki-z1.a(er-coap.o)
                0x0000000000003fa0                coap_send_message
 .text.coap_parse_message
                0x0000000000003fde      0x55a contiki-z1.a(er-coap.o)
                0x0000000000003fde                coap_parse_message
 .text.coap_get_query_variable
                0x0000000000004538       0x1c contiki-z1.a(er-coap.o)
                0x0000000000004538                coap_get_query_variable
 .text.coap_get_post_variable
                0x0000000000004554       0x20 contiki-z1.a(er-coap.o)
                0x0000000000004554                coap_get_post_variable
 .text.coap_set_status_code
                0x0000000000004574       0x12 contiki-z1.a(er-coap.o)
                0x0000000000004574                coap_set_status_code
 .text.coap_set_token
                0x0000000000004586       0x24 contiki-z1.a(er-coap.o)
                0x0000000000004586                coap_set_token
 .text.coap_get_header_content_format
                0x00000000000045aa       0x18 contiki-z1.a(er-coap.o)
                0x00000000000045aa                coap_get_header_content_format
 .text.coap_set_header_content_format
                0x00000000000045c2        0xe contiki-z1.a(er-coap.o)
                0x00000000000045c2                coap_set_header_content_format
 .text.coap_get_header_accept
                0x00000000000045d0       0x16 contiki-z1.a(er-coap.o)
                0x00000000000045d0                coap_get_header_accept
 .text.coap_get_header_max_age
                0x00000000000045e6       0x26 contiki-z1.a(er-coap.o)
                0x00000000000045e6                coap_get_header_max_age
 .text.coap_set_header_max_age
                0x000000000000460c       0x12 contiki-z1.a(er-coap.o)
                0x000000000000460c                coap_set_header_max_age
 .text.coap_set_header_etag
                0x000000000000461e       0x2a contiki-z1.a(er-coap.o)
                0x000000000000461e                coap_set_header_etag
 .text.coap_get_header_if_match
                0x0000000000004648       0x1c contiki-z1.a(er-coap.o)
                0x0000000000004648                coap_get_header_if_match
 .text.coap_get_header_if_none_match
                0x0000000000004664       0x10 contiki-z1.a(er-coap.o)
                0x0000000000004664                coap_get_header_if_none_match
 .text.coap_get_header_uri_host
                0x0000000000004674       0x18 contiki-z1.a(er-coap.o)
                0x0000000000004674                coap_get_header_uri_host
 .text.coap_get_header_uri_path
                0x000000000000468c       0x18 contiki-z1.a(er-coap.o)
                0x000000000000468c                coap_get_header_uri_path
 .text.coap_set_header_uri_path
                0x00000000000046a4       0x2a contiki-z1.a(er-coap.o)
                0x00000000000046a4                coap_set_header_uri_path
 .text.coap_get_header_uri_query
                0x00000000000046ce       0x16 contiki-z1.a(er-coap.o)
                0x00000000000046ce                coap_get_header_uri_query
 .text.coap_set_header_location_query
                0x00000000000046e4       0x2c contiki-z1.a(er-coap.o)
                0x00000000000046e4                coap_set_header_location_query
 .text.coap_set_header_location_path
                0x0000000000004710       0x78 contiki-z1.a(er-coap.o)
                0x0000000000004710                coap_set_header_location_path
 .text.coap_get_header_observe
                0x0000000000004788       0x1e contiki-z1.a(er-coap.o)
                0x0000000000004788                coap_get_header_observe
 .text.coap_set_header_observe
                0x00000000000047a6       0x12 contiki-z1.a(er-coap.o)
                0x00000000000047a6                coap_set_header_observe
 .text.coap_get_header_block2
                0x00000000000047b8       0x4c contiki-z1.a(er-coap.o)
                0x00000000000047b8                coap_get_header_block2
 .text.coap_set_header_block2
                0x0000000000004804       0x40 contiki-z1.a(er-coap.o)
                0x0000000000004804                coap_set_header_block2
 .text.coap_set_header_block1
                0x0000000000004844       0x36 contiki-z1.a(er-coap.o)
                0x0000000000004844                coap_set_header_block1
 .text.coap_get_header_size2
                0x000000000000487a       0x1e contiki-z1.a(er-coap.o)
                0x000000000000487a                coap_get_header_size2
 .text.coap_set_header_size2
                0x0000000000004898       0x12 contiki-z1.a(er-coap.o)
                0x0000000000004898                coap_set_header_size2
 .text.coap_get_payload
                0x00000000000048aa       0x1a contiki-z1.a(er-coap.o)
                0x00000000000048aa                coap_get_payload
 .text.coap_set_payload
                0x00000000000048c4       0x16 contiki-z1.a(er-coap.o)
                0x00000000000048c4                coap_set_payload
 .text.coap_set_service_callback
                0x00000000000048da        0x6 contiki-z1.a(er-coap-engine.)
                0x00000000000048da                coap_set_service_callback
 .text.coap_get_rest_method
                0x00000000000048e0       0x1a contiki-z1.a(er-coap-engine.)
                0x00000000000048e0                coap_get_rest_method
 .text.process_thread_coap_engine
                0x00000000000048fa      0x5ee contiki-z1.a(er-coap-engine.)
 .text.coap_init_engine
                0x0000000000004ee8        0xc contiki-z1.a(er-coap-engine.)
                0x0000000000004ee8                coap_init_engine
 .text.coap_register_as_transaction_handler
                0x0000000000004ef4        0x8 contiki-z1.a(er-coap-transac)
                0x0000000000004ef4                coap_register_as_transaction_handler
 .text.coap_new_transaction
                0x0000000000004efc       0x46 contiki-z1.a(er-coap-transac)
                0x0000000000004efc                coap_new_transaction
 .text.coap_clear_transaction
                0x0000000000004f42       0x26 contiki-z1.a(er-coap-transac)
                0x0000000000004f42                coap_clear_transaction
 .text.coap_send_transaction
                0x0000000000004f68      0x13a contiki-z1.a(er-coap-transac)
                0x0000000000004f68                coap_send_transaction
 .text.coap_get_transaction_by_mid
                0x00000000000050a2       0x1e contiki-z1.a(er-coap-transac)
                0x00000000000050a2                coap_get_transaction_by_mid
 .text.coap_check_transactions
                0x00000000000050c0       0xb8 contiki-z1.a(er-coap-transac)
                0x00000000000050c0                coap_check_transactions
 .text.coap_remove_observer
                0x0000000000005178       0x1c contiki-z1.a(er-coap-observe)
                0x0000000000005178                coap_remove_observer
 .text.coap_remove_observer_by_client
                0x0000000000005194       0x42 contiki-z1.a(er-coap-observe)
                0x0000000000005194                coap_remove_observer_by_client
 .text.coap_remove_observer_by_token
                0x00000000000051d6       0x60 contiki-z1.a(er-coap-observe)
                0x00000000000051d6                coap_remove_observer_by_token
 .text.coap_remove_observer_by_uri
                0x0000000000005236       0x6c contiki-z1.a(er-coap-observe)
                0x0000000000005236                coap_remove_observer_by_uri
 .text.coap_remove_observer_by_mid
                0x00000000000052a2       0x4a contiki-z1.a(er-coap-observe)
                0x00000000000052a2                coap_remove_observer_by_mid
 .text.coap_notify_observers_sub
                0x00000000000052ec      0x194 contiki-z1.a(er-coap-observe)
                0x00000000000052ec                coap_notify_observers_sub
 .text.coap_notify_observers
                0x0000000000005480        0x8 contiki-z1.a(er-coap-observe)
                0x0000000000005480                coap_notify_observers
 .text.coap_observe_handler
                0x0000000000005488      0x118 contiki-z1.a(er-coap-observe)
                0x0000000000005488                coap_observe_handler
 .text.coap_separate_reject
                0x00000000000055a0        0xe contiki-z1.a(er-coap-separat)
                0x00000000000055a0                coap_separate_reject
 .text.coap_separate_accept
                0x00000000000055ae       0xe0 contiki-z1.a(er-coap-separat)
                0x00000000000055ae                coap_separate_accept
 .text.coap_separate_resume
                0x000000000000568e       0x48 contiki-z1.a(er-coap-separat)
                0x000000000000568e                coap_separate_resume
 .text.well_known_core_get_handler
                0x00000000000056d6      0x27e contiki-z1.a(er-coap-res-wel)
                0x00000000000056d6                well_known_core_get_handler
 .text.simple_reply
                0x0000000000005954       0x34 contiki-z1.a(er-coap-observe)
 .text.coap_get_obs_subject_by_token
                0x0000000000005988       0x38 contiki-z1.a(er-coap-observe)
                0x0000000000005988                coap_get_obs_subject_by_token
 .text.coap_handle_notification
                0x00000000000059c0       0xa2 contiki-z1.a(er-coap-observe)
                0x00000000000059c0                coap_handle_notification
 .text.process_thread_rest_engine_process
                0x0000000000005a62       0xb8 contiki-z1.a(rest-engine.o)
 .text.rest_invoke_restful_service
                0x0000000000005b1a      0x10e contiki-z1.a(rest-engine.o)
                0x0000000000005b1a                rest_invoke_restful_service
 .text.rest_init_engine
                0x0000000000005c28       0x26 contiki-z1.a(rest-engine.o)
                0x0000000000005c28                rest_init_engine
 .text.rest_activate_resource
                0x0000000000005c4e       0x3c contiki-z1.a(rest-engine.o)
                0x0000000000005c4e                rest_activate_resource
 .text.rest_get_resources
                0x0000000000005c8a        0x6 contiki-z1.a(rest-engine.o)
                0x0000000000005c8a                rest_get_resources
 .text.init_platform
                0x0000000000005c90        0xc contiki-z1.a(contiki-z1-plat)
                0x0000000000005c90                init_platform
 .text.msp430_init_dco
                0x0000000000005c9c       0x28 contiki-z1.a(msp430.o)
                0x0000000000005c9c                msp430_init_dco
 .text.splhigh_
                0x0000000000005cc4        0x8 contiki-z1.a(msp430.o)
                0x0000000000005cc4                splhigh_
 .text.msp430_sync_dco
                0x0000000000005ccc       0x72 contiki-z1.a(msp430.o)
                0x0000000000005ccc                msp430_sync_dco
 .text.msp430_cpu_init
                0x0000000000005d3e       0x2a contiki-z1.a(msp430.o)
                0x0000000000005d3e                msp430_cpu_init
 .text.show_leds
                0x0000000000005d68       0xee contiki-z1.a(leds.o)
 .text.leds_init
                0x0000000000005e56        0xa contiki-z1.a(leds.o)
                0x0000000000005e56                leds_init
 .text.leds_on  0x0000000000005e60        0xa contiki-z1.a(leds.o)
                0x0000000000005e60                leds_on
 .text.leds_off
                0x0000000000005e6a        0xe contiki-z1.a(leds.o)
                0x0000000000005e6a                leds_off
 .text.watchdog_interrupt
                0x0000000000005e78        0x6 contiki-z1.a(watchdog.o)
                0x0000000000005e78                __isr_26
                0x0000000000005e78                watchdog_interrupt
 .text.watchdog_start
                0x0000000000005e7e       0x14 contiki-z1.a(watchdog.o)
                0x0000000000005e7e                watchdog_start
 .text.watchdog_periodic
                0x0000000000005e92       0x12 contiki-z1.a(watchdog.o)
                0x0000000000005e92                watchdog_periodic
 .text.watchdog_stop
                0x0000000000005ea4       0x16 contiki-z1.a(watchdog.o)
                0x0000000000005ea4                watchdog_stop
 .text.watchdog_init
                0x0000000000005eba       0x14 contiki-z1.a(watchdog.o)
                0x0000000000005eba                watchdog_init
 .text.wait_ready
                0x0000000000005ece       0x4e contiki-z1.a(xmem.o)
 .text.xmem_init
                0x0000000000005f1c       0x1e contiki-z1.a(xmem.o)
                0x0000000000005f1c                xmem_init
 .text.xmem_pread
                0x0000000000005f3a       0xd0 contiki-z1.a(xmem.o)
                0x0000000000005f3a                xmem_pread
 .text.spi_init
                0x000000000000600a       0x38 contiki-z1.a(spi.o)
                0x000000000000600a                spi_init
 .text.get_object
                0x0000000000006042        0x4 contiki-z1.a(cc2420.o)
 .text.set_object
                0x0000000000006046        0x4 contiki-z1.a(cc2420.o)
 .text.strobe   0x000000000000604a       0x20 contiki-z1.a(cc2420.o)
 .text.getreg   0x000000000000606a       0x50 contiki-z1.a(cc2420.o)
 .text.setreg   0x00000000000060ba       0x52 contiki-z1.a(cc2420.o)
 .text.write_ram
                0x000000000000610c       0x7e contiki-z1.a(cc2420.o)
 .text.write_fifo_buf
                0x000000000000618a       0x40 contiki-z1.a(cc2420.o)
 .text.get_status
                0x00000000000061ca       0x24 contiki-z1.a(cc2420.o)
 .text.set_txpower
                0x00000000000061ee       0x26 contiki-z1.a(cc2420.o)
 .text.cc2420_receiving_packet
                0x0000000000006214        0xe contiki-z1.a(cc2420.o)
 .text.pending_packet
                0x0000000000006222        0xe contiki-z1.a(cc2420.o)
 .text.on       0x0000000000006230       0x1e contiki-z1.a(cc2420.o)
 .text.wait_for_transmission
                0x000000000000624e       0x22 contiki-z1.a(cc2420.o)
 .text.wait_for_status
                0x0000000000006270       0x26 contiki-z1.a(cc2420.o)
 .text.getrxdata
                0x0000000000006296       0x54 contiki-z1.a(cc2420.o)
 .text.flushrx  0x00000000000062ea       0x1a contiki-z1.a(cc2420.o)
 .text.off      0x0000000000006304       0x56 contiki-z1.a(cc2420.o)
 .text.RELEASE_LOCK
                0x000000000000635a       0x28 contiki-z1.a(cc2420.o)
 .text.set_key  0x0000000000006382       0x18 contiki-z1.a(cc2420.o)
 .text.cc2420_prepare
                0x000000000000639a       0x38 contiki-z1.a(cc2420.o)
 .text.cc2420_on
                0x00000000000063d2       0x22 contiki-z1.a(cc2420.o)
                0x00000000000063d2                cc2420_on
 .text.cc2420_off
                0x00000000000063f4       0x30 contiki-z1.a(cc2420.o)
                0x00000000000063f4                cc2420_off
 .text.cc2420_cca
                0x0000000000006424       0x5a contiki-z1.a(cc2420.o)
 .text.cc2420_read
                0x000000000000647e       0xac contiki-z1.a(cc2420.o)
 .text.process_thread_cc2420_process
                0x000000000000652a       0x50 contiki-z1.a(cc2420.o)
 .text.encrypt  0x000000000000657a       0x8c contiki-z1.a(cc2420.o)
 .text.cc2420_set_channel
                0x0000000000006606       0x3a contiki-z1.a(cc2420.o)
                0x0000000000006606                cc2420_set_channel
 .text.cc2420_set_pan_addr
                0x0000000000006640       0x4c contiki-z1.a(cc2420.o)
                0x0000000000006640                cc2420_set_pan_addr
 .text.cc2420_interrupt
                0x000000000000668c       0x18 contiki-z1.a(cc2420.o)
                0x000000000000668c                cc2420_interrupt
 .text.cc2420_set_txpower
                0x00000000000066a4        0xe contiki-z1.a(cc2420.o)
                0x00000000000066a4                cc2420_set_txpower
 .text.cc2420_get_txpower
                0x00000000000066b2       0x1e contiki-z1.a(cc2420.o)
                0x00000000000066b2                cc2420_get_txpower
 .text.cc2420_transmit
                0x00000000000066d0      0x106 contiki-z1.a(cc2420.o)
 .text.cc2420_send
                0x00000000000067d6       0x12 contiki-z1.a(cc2420.o)
 .text.cc2420_rssi
                0x00000000000067e8       0x48 contiki-z1.a(cc2420.o)
                0x00000000000067e8                cc2420_rssi
 .text.get_value
                0x0000000000006830       0xa6 contiki-z1.a(cc2420.o)
 .text.cc2420_set_cca_threshold
                0x00000000000068d6       0x16 contiki-z1.a(cc2420.o)
                0x00000000000068d6                cc2420_set_cca_threshold
 .text.set_value
                0x00000000000068ec       0x84 contiki-z1.a(cc2420.o)
 .text.cc2420_init
                0x0000000000006970       0xde contiki-z1.a(cc2420.o)
                0x0000000000006970                cc2420_init
 .text.cc2420_arch_init
                0x0000000000006a4e       0x1a contiki-z1.a(cc2420-arch.o)
                0x0000000000006a4e                cc2420_arch_init
 .text.node_id_restore
                0x0000000000006a68       0x4c contiki-z1.a(node-id.o)
                0x0000000000006a68                node_id_restore
 .text.process_thread_sensors_process
                0x0000000000006ab4       0xbe contiki-z1.a(sensors.o)
 .text.sensors_changed
                0x0000000000006b72       0x2a contiki-z1.a(sensors.o)
                0x0000000000006b72                sensors_changed
 .text.status   0x0000000000006b9c       0x16 contiki-z1.a(button-sensor.o)
 .text.configure
                0x0000000000006bb2       0x52 contiki-z1.a(button-sensor.o)
 .text.value    0x0000000000006c04       0x22 contiki-z1.a(button-sensor.o)
 .text.irq_p2   0x0000000000006c26       0x76 contiki-z1.a(button-sensor.o)
                0x0000000000006c26                irq_p2
                0x0000000000006c26                __isr_19
 .text.uart0_active
                0x0000000000006c9c        0xe contiki-z1.a(uart0.o)
                0x0000000000006c9c                uart0_active
 .text.uart0_writeb
                0x0000000000006caa       0x18 contiki-z1.a(uart0.o)
                0x0000000000006caa                uart0_writeb
 .text.uart0_init
                0x0000000000006cc2       0x46 contiki-z1.a(uart0.o)
                0x0000000000006cc2                uart0_init
 .text.uart0_rx_interrupt
                0x0000000000006d08       0x66 contiki-z1.a(uart0.o)
                0x0000000000006d08                __isr_23
                0x0000000000006d08                uart0_rx_interrupt
 .text.putchar  0x0000000000006d6e       0x10 contiki-z1.a(uart0-putchar.o)
                0x0000000000006d6e                putchar
 .text.accm_write_reg
                0x0000000000006d7e       0x2e contiki-z1.a(adxl345.o)
                0x0000000000006d7e                accm_write_reg
 .text.accm_write_stream
                0x0000000000006dac       0x2a contiki-z1.a(adxl345.o)
                0x0000000000006dac                accm_write_stream
 .text.accm_read_reg
                0x0000000000006dd6       0x54 contiki-z1.a(adxl345.o)
                0x0000000000006dd6                accm_read_reg
 .text.process_thread_accmeter_process
                0x0000000000006e2a       0x56 contiki-z1.a(adxl345.o)
 .text.accm_init
                0x0000000000006e80       0x8a contiki-z1.a(adxl345.o)
                0x0000000000006e80                accm_init
 .text.port1_isr
                0x0000000000006f0a       0xc4 contiki-z1.a(adxl345.o)
                0x0000000000006f0a                port1_isr
                0x0000000000006f0a                __isr_18
 .text.timera1  0x0000000000006fce      0x10a contiki-z1.a(clock.o)
                0x0000000000006fce                __isr_24
                0x0000000000006fce                timera1
 .text.clock_time
                0x00000000000070d8       0x1a contiki-z1.a(clock.o)
                0x00000000000070d8                clock_time
 .text.clock_init
                0x00000000000070f2       0x28 contiki-z1.a(clock.o)
                0x00000000000070f2                clock_init
 .text.clock_delay
                0x000000000000711a        0xc contiki-z1.a(clock.o)
                0x000000000000711a                clock_delay
 .text.clock_wait
                0x0000000000007126       0x28 contiki-z1.a(clock.o)
                0x0000000000007126                clock_wait
 .text.clock_seconds
                0x000000000000714e       0x1a contiki-z1.a(clock.o)
                0x000000000000714e                clock_seconds
 .text.leds_arch_init
                0x0000000000007168        0xe contiki-z1.a(leds-arch.o)
                0x0000000000007168                leds_arch_init
 .text.leds_arch_set
                0x0000000000007176       0x3a contiki-z1.a(leds-arch.o)
                0x0000000000007176                leds_arch_set
 .text.rtimer_arch_init
                0x00000000000071b0        0xe contiki-z1.a(rtimer-arch.o)
                0x00000000000071b0                rtimer_arch_init
 .text.rtimer_arch_now
                0x00000000000071be        0xe contiki-z1.a(rtimer-arch.o)
                0x00000000000071be                rtimer_arch_now
 .text.timera0  0x00000000000071cc       0x5c contiki-z1.a(rtimer-arch.o)
                0x00000000000071cc                __isr_25
                0x00000000000071cc                timera0
 .text.rtimer_arch_schedule
                0x0000000000007228        0x6 contiki-z1.a(rtimer-arch.o)
                0x0000000000007228                rtimer_arch_schedule
 .text.autostart_start
                0x000000000000722e       0x16 contiki-z1.a(autostart.o)
                0x000000000000722e                autostart_start
 .text.process_thread_ctimer_process
                0x0000000000007244       0x9c contiki-z1.a(ctimer.o)
 .text.ctimer_init
                0x00000000000072e0       0x18 contiki-z1.a(ctimer.o)
                0x00000000000072e0                ctimer_init
 .text.ctimer_set
                0x00000000000072f8       0x48 contiki-z1.a(ctimer.o)
                0x00000000000072f8                ctimer_set
 .text.ctimer_reset
                0x0000000000007340       0x2c contiki-z1.a(ctimer.o)
                0x0000000000007340                ctimer_reset
 .text.ctimer_stop
                0x000000000000736c       0x28 contiki-z1.a(ctimer.o)
                0x000000000000736c                ctimer_stop
 .text.energest_init
                0x0000000000007394       0x28 contiki-z1.a(energest.o)
                0x0000000000007394                energest_init
 .text.energest_type_time
                0x00000000000073bc       0x3c contiki-z1.a(energest.o)
                0x00000000000073bc                energest_type_time
 .text.energest_type_set
                0x00000000000073f8        0xc contiki-z1.a(energest.o)
                0x00000000000073f8                energest_type_set
 .text.energest_flush
                0x0000000000007404       0x38 contiki-z1.a(energest.o)
                0x0000000000007404                energest_flush
 .text.update_time
                0x000000000000743c       0x70 contiki-z1.a(etimer.o)
 .text.etimer_request_poll
                0x00000000000074ac        0xa contiki-z1.a(etimer.o)
                0x00000000000074ac                etimer_request_poll
 .text.process_thread_etimer_process
                0x00000000000074b6       0xc0 contiki-z1.a(etimer.o)
 .text.add_timer
                0x0000000000007576       0x40 contiki-z1.a(etimer.o)
 .text.etimer_set
                0x00000000000075b6       0x12 contiki-z1.a(etimer.o)
                0x00000000000075b6                etimer_set
 .text.etimer_reset
                0x00000000000075c8       0x12 contiki-z1.a(etimer.o)
                0x00000000000075c8                etimer_reset
 .text.etimer_restart
                0x00000000000075da       0x12 contiki-z1.a(etimer.o)
                0x00000000000075da                etimer_restart
 .text.etimer_expired
                0x00000000000075ec        0xe contiki-z1.a(etimer.o)
                0x00000000000075ec                etimer_expired
 .text.etimer_expiration_time
                0x00000000000075fa       0x14 contiki-z1.a(etimer.o)
                0x00000000000075fa                etimer_expiration_time
 .text.etimer_pending
                0x000000000000760e        0xc contiki-z1.a(etimer.o)
                0x000000000000760e                etimer_pending
 .text.etimer_next_expiration_time
                0x000000000000761a       0x16 contiki-z1.a(etimer.o)
                0x000000000000761a                etimer_next_expiration_time
 .text.etimer_stop
                0x0000000000007630       0x3c contiki-z1.a(etimer.o)
                0x0000000000007630                etimer_stop
 .text.call_process
                0x000000000000766c       0x46 contiki-z1.a(process.o)
 .text.exit_process
                0x00000000000076b2       0x8a contiki-z1.a(process.o)
 .text.do_poll  0x000000000000773c       0x30 contiki-z1.a(process.o)
 .text.process_alloc_event
                0x000000000000776c        0xe contiki-z1.a(process.o)
                0x000000000000776c                process_alloc_event
 .text.process_init
                0x000000000000777a       0x1c contiki-z1.a(process.o)
                0x000000000000777a                process_init
 .text.process_run
                0x0000000000007796       0xa4 contiki-z1.a(process.o)
                0x0000000000007796                process_run
 .text.process_nevents
                0x000000000000783a        0xe contiki-z1.a(process.o)
                0x000000000000783a                process_nevents
 .text.process_post
                0x0000000000007848       0x50 contiki-z1.a(process.o)
                0x0000000000007848                process_post
 .text.process_post_synch
                0x0000000000007898       0x12 contiki-z1.a(process.o)
                0x0000000000007898                process_post_synch
 .text.process_start
                0x00000000000078aa       0x32 contiki-z1.a(process.o)
                0x00000000000078aa                process_start
 .text.process_poll
                0x00000000000078dc       0x18 contiki-z1.a(process.o)
                0x00000000000078dc                process_poll
 .text.rtimer_init
                0x00000000000078f4        0x6 contiki-z1.a(rtimer.o)
                0x00000000000078f4                rtimer_init
 .text.rtimer_run_next
                0x00000000000078fa       0x26 contiki-z1.a(rtimer.o)
                0x00000000000078fa                rtimer_run_next
 .text.timer_set
                0x0000000000007920       0x1c contiki-z1.a(timer.o)
                0x0000000000007920                timer_set
 .text.timer_reset
                0x000000000000793c        0xe contiki-z1.a(timer.o)
                0x000000000000793c                timer_reset
 .text.timer_restart
                0x000000000000794a       0x14 contiki-z1.a(timer.o)
                0x000000000000794a                timer_restart
 .text.timer_expired
                0x000000000000795e       0x2a contiki-z1.a(timer.o)
                0x000000000000795e                timer_expired
 .text.list_init
                0x0000000000007988        0x6 contiki-z1.a(list.o)
                0x0000000000007988                list_init
 .text.list_head
                0x000000000000798e        0x4 contiki-z1.a(list.o)
                0x000000000000798e                list_head
 .text.list_tail
                0x0000000000007992       0x12 contiki-z1.a(list.o)
                0x0000000000007992                list_tail
 .text.list_remove
                0x00000000000079a4       0x34 contiki-z1.a(list.o)
                0x00000000000079a4                list_remove
 .text.list_push
                0x00000000000079d8       0x16 contiki-z1.a(list.o)
                0x00000000000079d8                list_push
 .text.list_add
                0x00000000000079ee       0x26 contiki-z1.a(list.o)
                0x00000000000079ee                list_add
 .text.list_length
                0x0000000000007a14       0x10 contiki-z1.a(list.o)
                0x0000000000007a14                list_length
 .text.list_item_next
                0x0000000000007a24        0xc contiki-z1.a(list.o)
                0x0000000000007a24                list_item_next
 .text.memb_init
                0x0000000000007a30       0x36 contiki-z1.a(memb.o)
                0x0000000000007a30                memb_init
 .text.memb_alloc
                0x0000000000007a66       0x3e contiki-z1.a(memb.o)
                0x0000000000007a66                memb_alloc
 .text.memb_free
                0x0000000000007aa4       0x3a contiki-z1.a(memb.o)
                0x0000000000007aa4                memb_free
 .text.memb_inmemb
                0x0000000000007ade       0x2e contiki-z1.a(memb.o)
                0x0000000000007ade                memb_inmemb
 .text.memb_numfree
                0x0000000000007b0c       0x26 contiki-z1.a(memb.o)
                0x0000000000007b0c                memb_numfree
 .text.random_rand
                0x0000000000007b32        0x6 contiki-z1.a(random.o)
                0x0000000000007b32                random_rand
 .text.set_packet_attrs
                0x0000000000007b38       0x44 contiki-z1.a(sicslowpan.o)
 .text.addr_context_lookup_by_number
                0x0000000000007b7c       0x34 contiki-z1.a(sicslowpan.o)
 .text.compress_addr_64
                0x0000000000007bb0       0xaa contiki-z1.a(sicslowpan.o)
 .text.uncompress_addr
                0x0000000000007c5a       0x96 contiki-z1.a(sicslowpan.o)
 .text.input    0x0000000000007cf0      0x5f0 contiki-z1.a(sicslowpan.o)
 .text.sicslowpan_init
                0x00000000000082e0       0x26 contiki-z1.a(sicslowpan.o)
                0x00000000000082e0                sicslowpan_init
 .text.addr_context_lookup_by_prefix
                0x0000000000008306       0x4a contiki-z1.a(sicslowpan.o)
 .text.send_packet
                0x0000000000008350       0x1a contiki-z1.a(sicslowpan.o)
 .text.output   0x000000000000836a      0x696 contiki-z1.a(sicslowpan.o)
 .text.packet_sent
                0x0000000000008a00       0x22 contiki-z1.a(sicslowpan.o)
 .text.chksum   0x0000000000008a22       0x32 contiki-z1.a(uip6.o)
 .text.upper_layer_chksum
                0x0000000000008a54       0x56 contiki-z1.a(uip6.o)
 .text.ext_hdr_options_process
                0x0000000000008aaa       0xcc contiki-z1.a(uip6.o)
 .text.uip_icmp6chksum
                0x0000000000008b76        0xa contiki-z1.a(uip6.o)
                0x0000000000008b76                uip_icmp6chksum
 .text.uip_udpchksum
                0x0000000000008b80        0xa contiki-z1.a(uip6.o)
                0x0000000000008b80                uip_udpchksum
 .text.uip_init
                0x0000000000008b8a       0x36 contiki-z1.a(uip6.o)
                0x0000000000008b8a                uip_init
 .text.remove_ext_hdr
                0x0000000000008bc0       0x56 contiki-z1.a(uip6.o)
                0x0000000000008bc0                remove_ext_hdr
 .text.uip_udp_new
                0x0000000000008c16       0xc4 contiki-z1.a(uip6.o)
                0x0000000000008c16                uip_udp_new
 .text.uip_process
                0x0000000000008cda      0x4a2 contiki-z1.a(uip6.o)
                0x0000000000008cda                uip_process
 .text.uip_htonl
                0x000000000000917c       0x2a contiki-z1.a(uip6.o)
                0x000000000000917c                uip_htonl
 .text.uip_ds6_list_loop
                0x00000000000091a6       0x66 contiki-z1.a(uip-ds6.o)
                0x00000000000091a6                uip_ds6_list_loop
 .text.uip_ds6_prefix_add
                0x000000000000920c       0x70 contiki-z1.a(uip-ds6.o)
                0x000000000000920c                uip_ds6_prefix_add
 .text.uip_ds6_is_addr_onlink
                0x000000000000927c       0x42 contiki-z1.a(uip-ds6.o)
                0x000000000000927c                uip_ds6_is_addr_onlink
 .text.uip_ds6_addr_lookup
                0x00000000000092be       0x2a contiki-z1.a(uip-ds6.o)
                0x00000000000092be                uip_ds6_addr_lookup
 .text.uip_ds6_get_link_local
                0x00000000000092e8       0x3e contiki-z1.a(uip-ds6.o)
                0x00000000000092e8                uip_ds6_get_link_local
 .text.uip_ds6_maddr_add
                0x0000000000009326       0x48 contiki-z1.a(uip-ds6.o)
                0x0000000000009326                uip_ds6_maddr_add
 .text.uip_ds6_addr_add
                0x000000000000936e       0xb4 contiki-z1.a(uip-ds6.o)
                0x000000000000936e                uip_ds6_addr_add
 .text.uip_ds6_maddr_lookup
                0x0000000000009422       0x2a contiki-z1.a(uip-ds6.o)
                0x0000000000009422                uip_ds6_maddr_lookup
 .text.uip_ds6_addr_rm
                0x000000000000944c       0x54 contiki-z1.a(uip-ds6.o)
                0x000000000000944c                uip_ds6_addr_rm
 .text.uip_ds6_periodic
                0x00000000000094a0       0x4a contiki-z1.a(uip-ds6.o)
                0x00000000000094a0                uip_ds6_periodic
 .text.uip_ds6_set_addr_iid
                0x00000000000094ea       0x14 contiki-z1.a(uip-ds6.o)
                0x00000000000094ea                uip_ds6_set_addr_iid
 .text.get_match_length
                0x00000000000094fe       0x3a contiki-z1.a(uip-ds6.o)
                0x00000000000094fe                get_match_length
 .text.uip_ds6_select_src
                0x0000000000009538       0x9a contiki-z1.a(uip-ds6.o)
                0x0000000000009538                uip_ds6_select_src
 .text.uip_ds6_compute_reachable_time
                0x00000000000095d2       0x36 contiki-z1.a(uip-ds6.o)
                0x00000000000095d2                uip_ds6_compute_reachable_time
 .text.uip_ds6_init
                0x0000000000009608      0x138 contiki-z1.a(uip-ds6.o)
                0x0000000000009608                uip_ds6_init
 .text.uip_ds6_nbr_rm
                0x0000000000009740       0x1a contiki-z1.a(uip-ds6-nbr.o)
                0x0000000000009740                uip_ds6_nbr_rm
 .text.uip_ds6_neighbors_init
                0x000000000000975a        0xe contiki-z1.a(uip-ds6-nbr.o)
                0x000000000000975a                uip_ds6_neighbors_init
 .text.uip_ds6_nbr_add
                0x0000000000009768       0x54 contiki-z1.a(uip-ds6-nbr.o)
                0x0000000000009768                uip_ds6_nbr_add
 .text.uip_ds6_nbr_get_ll
                0x00000000000097bc        0xc contiki-z1.a(uip-ds6-nbr.o)
                0x00000000000097bc                uip_ds6_nbr_get_ll
 .text.uip_ds6_nbr_lookup
                0x00000000000097c8       0x3e contiki-z1.a(uip-ds6-nbr.o)
                0x00000000000097c8                uip_ds6_nbr_lookup
 .text.uip_ds6_nbr_ll_lookup
                0x0000000000009806        0xc contiki-z1.a(uip-ds6-nbr.o)
                0x0000000000009806                uip_ds6_nbr_ll_lookup
 .text.uip_ds6_nbr_ipaddr_from_lladdr
                0x0000000000009812        0x6 contiki-z1.a(uip-ds6-nbr.o)
                0x0000000000009812                uip_ds6_nbr_ipaddr_from_lladdr
 .text.uip_ds6_nbr_lladdr_from_ipaddr
                0x0000000000009818       0x12 contiki-z1.a(uip-ds6-nbr.o)
                0x0000000000009818                uip_ds6_nbr_lladdr_from_ipaddr
 .text.uip_ds6_link_neighbor_callback
                0x000000000000982a       0x26 contiki-z1.a(uip-ds6-nbr.o)
                0x000000000000982a                uip_ds6_link_neighbor_callback
 .text.uip_ds6_neighbor_periodic
                0x0000000000009850      0x11c contiki-z1.a(uip-ds6-nbr.o)
                0x0000000000009850                uip_ds6_neighbor_periodic
 .text.call_route_callback
                0x000000000000996c       0x40 contiki-z1.a(uip-ds6-route.o)
 .text.uip_ds6_route_init
                0x00000000000099ac       0x36 contiki-z1.a(uip-ds6-route.o)
                0x00000000000099ac                uip_ds6_route_init
 .text.uip_ds6_route_nexthop
                0x00000000000099e2       0x1a contiki-z1.a(uip-ds6-route.o)
                0x00000000000099e2                uip_ds6_route_nexthop
 .text.uip_ds6_route_head
                0x00000000000099fc        0xa contiki-z1.a(uip-ds6-route.o)
                0x00000000000099fc                uip_ds6_route_head
 .text.uip_ds6_route_next
                0x0000000000009a06        0xe contiki-z1.a(uip-ds6-route.o)
                0x0000000000009a06                uip_ds6_route_next
 .text.uip_ds6_route_lookup
                0x0000000000009a14       0x6e contiki-z1.a(uip-ds6-route.o)
                0x0000000000009a14                uip_ds6_route_lookup
 .text.uip_ds6_route_rm
                0x0000000000009a82       0xa0 contiki-z1.a(uip-ds6-route.o)
                0x0000000000009a82                uip_ds6_route_rm
 .text.rm_routelist
                0x0000000000009b22       0x34 contiki-z1.a(uip-ds6-route.o)
 .text.rm_routelist_callback
                0x0000000000009b56        0x6 contiki-z1.a(uip-ds6-route.o)
 .text.uip_ds6_route_add
                0x0000000000009b5c       0xf8 contiki-z1.a(uip-ds6-route.o)
                0x0000000000009b5c                uip_ds6_route_add
 .text.uip_ds6_defrt_rm
                0x0000000000009c54       0x44 contiki-z1.a(uip-ds6-route.o)
                0x0000000000009c54                uip_ds6_defrt_rm
 .text.uip_ds6_defrt_lookup
                0x0000000000009c98       0x32 contiki-z1.a(uip-ds6-route.o)
                0x0000000000009c98                uip_ds6_defrt_lookup
 .text.uip_ds6_defrt_add
                0x0000000000009cca       0x68 contiki-z1.a(uip-ds6-route.o)
                0x0000000000009cca                uip_ds6_defrt_add
 .text.uip_ds6_defrt_choose
                0x0000000000009d32       0x36 contiki-z1.a(uip-ds6-route.o)
                0x0000000000009d32                uip_ds6_defrt_choose
 .text.uip_ds6_defrt_periodic
                0x0000000000009d68       0x38 contiki-z1.a(uip-ds6-route.o)
                0x0000000000009d68                uip_ds6_defrt_periodic
 .text.echo_reply_input
                0x0000000000009da0      0x10a contiki-z1.a(uip-icmp6.o)
 .text.echo_request_input
                0x0000000000009eaa      0x128 contiki-z1.a(uip-icmp6.o)
 .text.uip_icmp6_input
                0x0000000000009fd2       0x40 contiki-z1.a(uip-icmp6.o)
                0x0000000000009fd2                uip_icmp6_input
 .text.uip_icmp6_register_input_handler
                0x000000000000a012        0xc contiki-z1.a(uip-icmp6.o)
                0x000000000000a012                uip_icmp6_register_input_handler
 .text.uip_icmp6_error_output
                0x000000000000a01e      0x166 contiki-z1.a(uip-icmp6.o)
                0x000000000000a01e                uip_icmp6_error_output
 .text.uip_icmp6_send
                0x000000000000a184       0x86 contiki-z1.a(uip-icmp6.o)
                0x000000000000a184                uip_icmp6_send
 .text.uip_icmp6_init
                0x000000000000a20a       0x12 contiki-z1.a(uip-icmp6.o)
                0x000000000000a20a                uip_icmp6_init
 .text.na_input
                0x000000000000a21c      0x19c contiki-z1.a(uip-nd6.o)
 .text.create_llao
                0x000000000000a3b8       0x2c contiki-z1.a(uip-nd6.o)
 .text.ns_input
                0x000000000000a3e4      0x228 contiki-z1.a(uip-nd6.o)
 .text.uip_nd6_ns_output
                0x000000000000a60c      0x154 contiki-z1.a(uip-nd6.o)
                0x000000000000a60c                uip_nd6_ns_output
 .text.uip_nd6_init
                0x000000000000a760       0x12 contiki-z1.a(uip-nd6.o)
                0x000000000000a760                uip_nd6_init
 .text.tcpip_output
                0x000000000000a772       0x10 contiki-z1.a(tcpip.o)
                0x000000000000a772                tcpip_output
 .text.tcpip_set_outputfunc
                0x000000000000a782        0x6 contiki-z1.a(tcpip.o)
                0x000000000000a782                tcpip_set_outputfunc
 .text.udp_new  0x000000000000a788       0x1a contiki-z1.a(tcpip.o)
                0x000000000000a788                udp_new
 .text.tcpip_input
                0x000000000000a7a2       0x16 contiki-z1.a(tcpip.o)
                0x000000000000a7a2                tcpip_input
 .text.tcpip_ipv6_output
                0x000000000000a7b8      0x144 contiki-z1.a(tcpip.o)
                0x000000000000a7b8                tcpip_ipv6_output
 .text.process_thread_tcpip_process
                0x000000000000a8fc       0xcc contiki-z1.a(tcpip.o)
 .text.tcpip_uipcall
                0x000000000000a9c8       0x2a contiki-z1.a(tcpip.o)
                0x000000000000a9c8                tcpip_uipcall
 .text.uip_debug_ipaddr_print
                0x000000000000a9f2       0x70 contiki-z1.a(uip-debug.o)
                0x000000000000a9f2                uip_debug_ipaddr_print
 .text.uip_udp_packet_send
                0x000000000000aa62       0x2e contiki-z1.a(uip-udp-packet.)
                0x000000000000aa62                uip_udp_packet_send
 .text.rpl_get_mode
                0x000000000000aa90        0x6 contiki-z1.a(rpl.o)
                0x000000000000aa90                rpl_get_mode
 .text.rpl_purge_routes
                0x000000000000aa96       0x96 contiki-z1.a(rpl.o)
                0x000000000000aa96                rpl_purge_routes
 .text.rpl_remove_routes
                0x000000000000ab2c       0x22 contiki-z1.a(rpl.o)
                0x000000000000ab2c                rpl_remove_routes
 .text.rpl_remove_routes_by_nexthop
                0x000000000000ab4e       0x3e contiki-z1.a(rpl.o)
                0x000000000000ab4e                rpl_remove_routes_by_nexthop
 .text.rpl_add_route
                0x000000000000ab8c       0x40 contiki-z1.a(rpl.o)
                0x000000000000ab8c                rpl_add_route
 .text.rpl_link_neighbor_callback
                0x000000000000abcc       0x74 contiki-z1.a(rpl.o)
                0x000000000000abcc                rpl_link_neighbor_callback
 .text.rpl_ipv6_neighbor_callback
                0x000000000000ac40       0x1e contiki-z1.a(rpl.o)
                0x000000000000ac40                rpl_ipv6_neighbor_callback
 .text.rpl_init
                0x000000000000ac5e       0x4a contiki-z1.a(rpl.o)
                0x000000000000ac5e                rpl_init
 .text.lollipop_greater_than
                0x000000000000aca8       0x44 contiki-z1.a(rpl-dag.o)
 .text.acceptable_rank
                0x000000000000acec       0x44 contiki-z1.a(rpl-dag.o)
 .text.find_parent_any_dag_any_instance
                0x000000000000ad30       0x14 contiki-z1.a(rpl-dag.o)
 .text.rpl_set_preferred_parent
                0x000000000000ad44       0x2c contiki-z1.a(rpl-dag.o)
 .text.set_ip_from_prefix
                0x000000000000ad70       0x30 contiki-z1.a(rpl-dag.o)
 .text.check_prefix
                0x000000000000ada0       0x70 contiki-z1.a(rpl-dag.o)
 .text.rpl_get_nbr
                0x000000000000ae10       0x1e contiki-z1.a(rpl-dag.o)
                0x000000000000ae10                rpl_get_nbr
 .text.rpl_dag_init
                0x000000000000ae2e        0xe contiki-z1.a(rpl-dag.o)
                0x000000000000ae2e                rpl_dag_init
 .text.rpl_get_parent
                0x000000000000ae3c        0xc contiki-z1.a(rpl-dag.o)
                0x000000000000ae3c                rpl_get_parent
 .text.rpl_get_parent_ipaddr
                0x000000000000ae48       0x10 contiki-z1.a(rpl-dag.o)
                0x000000000000ae48                rpl_get_parent_ipaddr
 .text.rpl_set_prefix
                0x000000000000ae58       0x74 contiki-z1.a(rpl-dag.o)
                0x000000000000ae58                rpl_set_prefix
 .text.rpl_set_default_route
                0x000000000000aecc       0x56 contiki-z1.a(rpl-dag.o)
                0x000000000000aecc                rpl_set_default_route
 .text.rpl_alloc_instance
                0x000000000000af22       0x34 contiki-z1.a(rpl-dag.o)
                0x000000000000af22                rpl_alloc_instance
 .text.rpl_add_parent
                0x000000000000af56       0x4e contiki-z1.a(rpl-dag.o)
                0x000000000000af56                rpl_add_parent
 .text.rpl_find_parent
                0x000000000000afa4       0x1a contiki-z1.a(rpl-dag.o)
                0x000000000000afa4                rpl_find_parent
 .text.rpl_find_parent_any_dag
                0x000000000000afbe       0x22 contiki-z1.a(rpl-dag.o)
                0x000000000000afbe                rpl_find_parent_any_dag
 .text.rpl_select_parent
                0x000000000000afe0       0x76 contiki-z1.a(rpl-dag.o)
                0x000000000000afe0                rpl_select_parent
 .text.rpl_select_dag
                0x000000000000b056      0x172 contiki-z1.a(rpl-dag.o)
                0x000000000000b056                rpl_select_dag
 .text.rpl_nullify_parent
                0x000000000000b1c8       0x50 contiki-z1.a(rpl-dag.o)
                0x000000000000b1c8                rpl_nullify_parent
 .text.rpl_remove_parent
                0x000000000000b218       0x16 contiki-z1.a(rpl-dag.o)
                0x000000000000b218                rpl_remove_parent
 .text.nbr_callback
                0x000000000000b22e        0x6 contiki-z1.a(rpl-dag.o)
 .text.remove_parents.constprop.2
                0x000000000000b234       0x2e contiki-z1.a(rpl-dag.o)
 .text.rpl_move_parent
                0x000000000000b262       0x52 contiki-z1.a(rpl-dag.o)
                0x000000000000b262                rpl_move_parent
 .text.rpl_get_any_dag
                0x000000000000b2b4       0x18 contiki-z1.a(rpl-dag.o)
                0x000000000000b2b4                rpl_get_any_dag
 .text.rpl_get_instance
                0x000000000000b2cc       0x1a contiki-z1.a(rpl-dag.o)
                0x000000000000b2cc                rpl_get_instance
 .text.rpl_alloc_dag
                0x000000000000b2e6       0x5c contiki-z1.a(rpl-dag.o)
                0x000000000000b2e6                rpl_alloc_dag
 .text.rpl_repair_root
                0x000000000000b342       0x50 contiki-z1.a(rpl-dag.o)
                0x000000000000b342                rpl_repair_root
 .text.rpl_find_of
                0x000000000000b392       0x10 contiki-z1.a(rpl-dag.o)
                0x000000000000b392                rpl_find_of
 .text.rpl_join_instance
                0x000000000000b3a2      0x128 contiki-z1.a(rpl-dag.o)
                0x000000000000b3a2                rpl_join_instance
 .text.rpl_local_repair
                0x000000000000b4ca       0x64 contiki-z1.a(rpl-dag.o)
                0x000000000000b4ca                rpl_local_repair
 .text.rpl_process_parent_event
                0x000000000000b52e       0x46 contiki-z1.a(rpl-dag.o)
                0x000000000000b52e                rpl_process_parent_event
 .text.rpl_recalculate_ranks
                0x000000000000b574       0x48 contiki-z1.a(rpl-dag.o)
                0x000000000000b574                rpl_recalculate_ranks
 .text.rpl_add_dag
                0x000000000000b5bc      0x102 contiki-z1.a(rpl-dag.o)
                0x000000000000b5bc                rpl_add_dag
 .text.rpl_process_dio
                0x000000000000b6be      0x2ca contiki-z1.a(rpl-dag.o)
                0x000000000000b6be                rpl_process_dio
 .text.rpl_lock_parent
                0x000000000000b988        0xc contiki-z1.a(rpl-dag.o)
                0x000000000000b988                rpl_lock_parent
 .text.rpl_verify_header
                0x000000000000b994       0xb2 contiki-z1.a(rpl-ext-header.)
                0x000000000000b994                rpl_verify_header
 .text.rpl_update_header_empty
                0x000000000000ba46      0x122 contiki-z1.a(rpl-ext-header.)
                0x000000000000ba46                rpl_update_header_empty
 .text.rpl_update_header_final
                0x000000000000bb68       0x94 contiki-z1.a(rpl-ext-header.)
                0x000000000000bb68                rpl_update_header_final
 .text.rpl_invert_header
                0x000000000000bbfc       0x72 contiki-z1.a(rpl-ext-header.)
                0x000000000000bbfc                rpl_invert_header
 .text.rpl_insert_header
                0x000000000000bc6e       0x12 contiki-z1.a(rpl-ext-header.)
                0x000000000000bc6e                rpl_insert_header
 .text.get32    0x000000000000bc80       0x3e contiki-z1.a(rpl-icmp6.o)
 .text.set32    0x000000000000bcbe       0x2a contiki-z1.a(rpl-icmp6.o)
 .text.get16    0x000000000000bce8        0xe contiki-z1.a(rpl-icmp6.o)
 .text.set16    0x000000000000bcf6       0x10 contiki-z1.a(rpl-icmp6.o)
 .text.dao_ack_input
                0x000000000000bd06        0x6 contiki-z1.a(rpl-icmp6.o)
 .text.dio_input
                0x000000000000bd0c      0x2aa contiki-z1.a(rpl-icmp6.o)
 .text.dis_output
                0x000000000000bfb6       0x50 contiki-z1.a(rpl-icmp6.o)
                0x000000000000bfb6                dis_output
 .text.dio_output
                0x000000000000c006      0x242 contiki-z1.a(rpl-icmp6.o)
                0x000000000000c006                dio_output
 .text.dis_input
                0x000000000000c248       0x28 contiki-z1.a(rpl-icmp6.o)
 .text.dao_output_target
                0x000000000000c270       0xd2 contiki-z1.a(rpl-icmp6.o)
                0x000000000000c270                dao_output_target
 .text.dao_output
                0x000000000000c342       0x6a contiki-z1.a(rpl-icmp6.o)
                0x000000000000c342                dao_output
 .text.dao_ack_output
                0x000000000000c3ac       0x32 contiki-z1.a(rpl-icmp6.o)
                0x000000000000c3ac                dao_ack_output
 .text.dao_input
                0x000000000000c3de      0x286 contiki-z1.a(rpl-icmp6.o)
 .text.rpl_icmp6_register_handlers
                0x000000000000c664       0x22 contiki-z1.a(rpl-icmp6.o)
                0x000000000000c664                rpl_icmp6_register_handlers
 .text.reset    0x000000000000c686        0x2 contiki-z1.a(rpl-mrhof.o)
 .text.update_metric_container
                0x000000000000c688        0x6 contiki-z1.a(rpl-mrhof.o)
 .text.calculate_rank
                0x000000000000c68e       0x3a contiki-z1.a(rpl-mrhof.o)
 .text.best_parent
                0x000000000000c6c8       0x68 contiki-z1.a(rpl-mrhof.o)
 .text.neighbor_link_callback
                0x000000000000c730       0x92 contiki-z1.a(rpl-mrhof.o)
 .text.best_dag
                0x000000000000c7c2       0x34 contiki-z1.a(rpl-mrhof.o)
 .text.new_dio_interval
                0x000000000000c7f6       0x8a contiki-z1.a(rpl-timers.o)
 .text.handle_periodic_timer
                0x000000000000c880       0x2e contiki-z1.a(rpl-timers.o)
 .text.set_dao_lifetime_timer
                0x000000000000c8ae       0x52 contiki-z1.a(rpl-timers.o)
 .text.schedule_dao
                0x000000000000c900       0x72 contiki-z1.a(rpl-timers.o)
 .text.handle_dio_timer
                0x000000000000c972       0x88 contiki-z1.a(rpl-timers.o)
 .text.handle_dao_timer
                0x000000000000c9fa       0x64 contiki-z1.a(rpl-timers.o)
 .text.rpl_reset_periodic_timer
                0x000000000000ca5e       0x5c contiki-z1.a(rpl-timers.o)
                0x000000000000ca5e                rpl_reset_periodic_timer
 .text.rpl_reset_dio_timer
                0x000000000000caba       0x18 contiki-z1.a(rpl-timers.o)
                0x000000000000caba                rpl_reset_dio_timer
 .text.rpl_schedule_dao
                0x000000000000cad2        0xc contiki-z1.a(rpl-timers.o)
                0x000000000000cad2                rpl_schedule_dao
 .text.rpl_schedule_probing
                0x000000000000cade       0x34 contiki-z1.a(rpl-timers.o)
                0x000000000000cade                rpl_schedule_probing
 .text.handle_probing_timer
                0x000000000000cb12      0x10c contiki-z1.a(rpl-timers.o)
 .text.linkaddr_copy
                0x000000000000cc1e        0x8 contiki-z1.a(linkaddr.o)
                0x000000000000cc1e                linkaddr_copy
 .text.linkaddr_cmp
                0x000000000000cc26       0x12 contiki-z1.a(linkaddr.o)
                0x000000000000cc26                linkaddr_cmp
 .text.linkaddr_set_node_addr
                0x000000000000cc38        0xc contiki-z1.a(linkaddr.o)
                0x000000000000cc38                linkaddr_set_node_addr
 .text.index_from_key
                0x000000000000cc44       0x44 contiki-z1.a(nbr-table.o)
 .text.item_from_key
                0x000000000000cc88       0x34 contiki-z1.a(nbr-table.o)
 .text.nbr_set_bit
                0x000000000000ccbc       0x76 contiki-z1.a(nbr-table.o)
 .text.index_from_lladdr
                0x000000000000cd32       0x3e contiki-z1.a(nbr-table.o)
 .text.nbr_get_bit.constprop.0
                0x000000000000cd70       0x5a contiki-z1.a(nbr-table.o)
 .text.nbr_table_register
                0x000000000000cdca       0x26 contiki-z1.a(nbr-table.o)
                0x000000000000cdca                nbr_table_register
 .text.nbr_table_next
                0x000000000000cdf0       0x78 contiki-z1.a(nbr-table.o)
                0x000000000000cdf0                nbr_table_next
 .text.nbr_table_head
                0x000000000000ce68       0x32 contiki-z1.a(nbr-table.o)
                0x000000000000ce68                nbr_table_head
 .text.nbr_table_add_lladdr
                0x000000000000ce9a      0x12c contiki-z1.a(nbr-table.o)
                0x000000000000ce9a                nbr_table_add_lladdr
 .text.nbr_table_get_from_lladdr
                0x000000000000cfc6       0x44 contiki-z1.a(nbr-table.o)
                0x000000000000cfc6                nbr_table_get_from_lladdr
 .text.nbr_table_remove
                0x000000000000d00a       0x2a contiki-z1.a(nbr-table.o)
                0x000000000000d00a                nbr_table_remove
 .text.nbr_table_lock
                0x000000000000d034       0x10 contiki-z1.a(nbr-table.o)
                0x000000000000d034                nbr_table_lock
 .text.nbr_table_unlock
                0x000000000000d044       0x10 contiki-z1.a(nbr-table.o)
                0x000000000000d044                nbr_table_unlock
 .text.nbr_table_get_lladdr
                0x000000000000d054       0x54 contiki-z1.a(nbr-table.o)
                0x000000000000d054                nbr_table_get_lladdr
 .text.packetbuf_compact
                0x000000000000d0a8       0x2e contiki-z1.a(packetbuf.o)
                0x000000000000d0a8                packetbuf_compact
 .text.packetbuf_copyto
                0x000000000000d0d6       0x46 contiki-z1.a(packetbuf.o)
                0x000000000000d0d6                packetbuf_copyto
 .text.packetbuf_hdrreduce
                0x000000000000d11c       0x1a contiki-z1.a(packetbuf.o)
                0x000000000000d11c                packetbuf_hdrreduce
 .text.packetbuf_set_datalen
                0x000000000000d136        0x6 contiki-z1.a(packetbuf.o)
                0x000000000000d136                packetbuf_set_datalen
 .text.packetbuf_dataptr
                0x000000000000d13c        0xe contiki-z1.a(packetbuf.o)
                0x000000000000d13c                packetbuf_dataptr
 .text.packetbuf_hdrptr
                0x000000000000d14a        0xa contiki-z1.a(packetbuf.o)
                0x000000000000d14a                packetbuf_hdrptr
 .text.packetbuf_datalen
                0x000000000000d154        0x6 contiki-z1.a(packetbuf.o)
                0x000000000000d154                packetbuf_datalen
 .text.packetbuf_hdrlen
                0x000000000000d15a       0x10 contiki-z1.a(packetbuf.o)
                0x000000000000d15a                packetbuf_hdrlen
 .text.packetbuf_totlen
                0x000000000000d16a        0xc contiki-z1.a(packetbuf.o)
                0x000000000000d16a                packetbuf_totlen
 .text.packetbuf_hdralloc
                0x000000000000d176       0x2a contiki-z1.a(packetbuf.o)
                0x000000000000d176                packetbuf_hdralloc
 .text.packetbuf_attr_clear
                0x000000000000d1a0       0x28 contiki-z1.a(packetbuf.o)
                0x000000000000d1a0                packetbuf_attr_clear
 .text.packetbuf_clear
                0x000000000000d1c8       0x1a contiki-z1.a(packetbuf.o)
                0x000000000000d1c8                packetbuf_clear
 .text.packetbuf_copyfrom
                0x000000000000d1e2       0x2a contiki-z1.a(packetbuf.o)
                0x000000000000d1e2                packetbuf_copyfrom
 .text.packetbuf_attr_copyto
                0x000000000000d20c       0x22 contiki-z1.a(packetbuf.o)
                0x000000000000d20c                packetbuf_attr_copyto
 .text.packetbuf_attr_copyfrom
                0x000000000000d22e       0x24 contiki-z1.a(packetbuf.o)
                0x000000000000d22e                packetbuf_attr_copyfrom
 .text.packetbuf_holds_broadcast
                0x000000000000d252        0xe contiki-z1.a(packetbuf.o)
                0x000000000000d252                packetbuf_holds_broadcast
 .text.queuebuf_init
                0x000000000000d260       0x12 contiki-z1.a(queuebuf.o)
                0x000000000000d260                queuebuf_init
 .text.queuebuf_numfree
                0x000000000000d272        0xa contiki-z1.a(queuebuf.o)
                0x000000000000d272                queuebuf_numfree
 .text.queuebuf_new_from_packetbuf
                0x000000000000d27c       0x60 contiki-z1.a(queuebuf.o)
                0x000000000000d27c                queuebuf_new_from_packetbuf
 .text.queuebuf_free
                0x000000000000d2dc       0x2a contiki-z1.a(queuebuf.o)
                0x000000000000d2dc                queuebuf_free
 .text.queuebuf_to_packetbuf
                0x000000000000d306       0x32 contiki-z1.a(queuebuf.o)
                0x000000000000d306                queuebuf_to_packetbuf
 .text.parse    0x000000000000d338       0xa0 contiki-z1.a(framer-802154.o)
 .text.create_frame.isra.0
                0x000000000000d3d8      0x104 contiki-z1.a(framer-802154.o)
 .text.create   0x000000000000d4dc        0x8 contiki-z1.a(framer-802154.o)
 .text.hdr_length
                0x000000000000d4e4        0x8 contiki-z1.a(framer-802154.o)
 .text.framer_canonical_create_and_secure
                0x000000000000d4ec       0x20 contiki-z1.a(framer.o)
                0x000000000000d4ec                framer_canonical_create_and_secure
 .text.send_packet
                0x000000000000d50c        0x6 contiki-z1.a(nullmac.o)
 .text.packet_input
                0x000000000000d512        0x6 contiki-z1.a(nullmac.o)
 .text.on       0x000000000000d518        0x6 contiki-z1.a(nullmac.o)
 .text.off      0x000000000000d51e        0x6 contiki-z1.a(nullmac.o)
 .text.channel_check_interval
                0x000000000000d524        0x4 contiki-z1.a(nullmac.o)
 .text.init     0x000000000000d528        0x2 contiki-z1.a(nullmac.o)
 .text.on       0x000000000000d52a        0x6 contiki-z1.a(nullrdc.o)
 .text.channel_check_interval
                0x000000000000d530        0x4 contiki-z1.a(nullrdc.o)
 .text.init     0x000000000000d534        0x6 contiki-z1.a(nullrdc.o)
 .text.send_one_packet
                0x000000000000d53a       0x62 contiki-z1.a(nullrdc.o)
 .text.send_list
                0x000000000000d59c       0x28 contiki-z1.a(nullrdc.o)
 .text.send_packet
                0x000000000000d5c4        0x6 contiki-z1.a(nullrdc.o)
 .text.off      0x000000000000d5ca       0x10 contiki-z1.a(nullrdc.o)
 .text.packet_input
                0x000000000000d5da       0x26 contiki-z1.a(nullrdc.o)
 .text.bootstrap
                0x000000000000d600        0x4 contiki-z1.a(nullsec.o)
 .text.send     0x000000000000d604        0xa contiki-z1.a(nullsec.o)
 .text.on_frame_created
                0x000000000000d60e        0x4 contiki-z1.a(nullsec.o)
 .text.input    0x000000000000d612        0x6 contiki-z1.a(nullsec.o)
 .text.get_overhead
                0x000000000000d618        0x4 contiki-z1.a(nullsec.o)
 .text.i2c_receiveinit
                0x000000000000d61c       0x38 contiki-z1.a(i2cmaster.o)
                0x000000000000d61c                i2c_receiveinit
 .text.i2c_transmitinit
                0x000000000000d654       0x32 contiki-z1.a(i2cmaster.o)
                0x000000000000d654                i2c_transmitinit
 .text.i2c_receive_n
                0x000000000000d686       0x44 contiki-z1.a(i2cmaster.o)
                0x000000000000d686                i2c_receive_n
 .text.i2c_busy
                0x000000000000d6ca        0xa contiki-z1.a(i2cmaster.o)
                0x000000000000d6ca                i2c_busy
 .text.i2c_enable
                0x000000000000d6d4       0x24 contiki-z1.a(i2cmaster.o)
                0x000000000000d6d4                i2c_enable
 .text.i2c_transmit_n
                0x000000000000d6f8       0x14 contiki-z1.a(i2cmaster.o)
                0x000000000000d6f8                i2c_transmit_n
 .text.i2c_tx_interrupt
                0x000000000000d70c       0x8a contiki-z1.a(i2cmaster.o)
                0x000000000000d70c                __isr_16
                0x000000000000d70c                i2c_tx_interrupt
 .text.i2c_rx_interrupt
                0x000000000000d796       0x18 contiki-z1.a(i2cmaster.o)
                0x000000000000d796                i2c_rx_interrupt
                0x000000000000d796                __isr_17
 .text.stimer_set
                0x000000000000d7ae       0x1c contiki-z1.a(stimer.o)
                0x000000000000d7ae                stimer_set
 .text.stimer_expired
                0x000000000000d7ca       0x30 contiki-z1.a(stimer.o)
                0x000000000000d7ca                stimer_expired
 .text.field_len
                0x000000000000d7fa       0x94 contiki-z1.a(frame802154.o)
 .text.frame802154_hdrlen
                0x000000000000d88e       0x2e contiki-z1.a(frame802154.o)
                0x000000000000d88e                frame802154_hdrlen
 .text.frame802154_create
                0x000000000000d8bc      0x112 contiki-z1.a(frame802154.o)
                0x000000000000d8bc                frame802154_create
 .text.frame802154_parse
                0x000000000000d9ce      0x186 contiki-z1.a(frame802154.o)
                0x000000000000d9ce                frame802154_parse
 .text.mac_call_sent_callback
                0x000000000000db54       0x14 contiki-z1.a(mac.o)
                0x000000000000db54                mac_call_sent_callback
 .text.libgcc   0x000000000000db68       0x2a /usr/lib/gcc/msp430/4.6.3/mcpu-430x/mmpy-16/libgcc.a(_mulsi3.o)
                0x000000000000db68                __mulsi3
 .text.libgcc   0x000000000000db92       0x22 /usr/lib/gcc/msp430/4.6.3/mcpu-430x/mmpy-16/libgcc.a(_udivmod16.o)
                0x000000000000db92                __udivhi3
                0x000000000000db92                __ext_udivmod16
                0x000000000000dbac                __umodhi3
 .text.libgcc   0x000000000000dbb4       0x3a /usr/lib/gcc/msp430/4.6.3/mcpu-430x/mmpy-16/libgcc.a(_divmod16.o)
                0x000000000000dbb4                __ext_divmod16
                0x000000000000dbb4                __divhi3
                0x000000000000dbe6                __modhi3
 .text.libgcc   0x000000000000dbee       0x38 /usr/lib/gcc/msp430/4.6.3/mcpu-430x/mmpy-16/libgcc.a(_udivmod32.o)
                0x000000000000dbee                __udivsi3
                0x000000000000dbee                __ext_udivmod32
                0x000000000000dc1c                __umodsi3
 .text.libgcc   0x000000000000dc26       0x4c /usr/lib/gcc/msp430/4.6.3/mcpu-430x/mmpy-16/libgcc.a(_divmod32.o)
                0x000000000000dc26                __ext_divmod32
                0x000000000000dc26                __divsi3
                0x000000000000dc68                __modsi3
 .text          0x000000000000dc72       0x12 /usr/lib/gcc/msp430/4.6.3/../../../../msp430/lib/mcpu-430x/mmpy-16/libc.a(strchr.o)
                0x000000000000dc72                strchr
 .text          0x000000000000dc84       0x1c /usr/lib/gcc/msp430/4.6.3/../../../../msp430/lib/mcpu-430x/mmpy-16/libc.a(memchr.o)
                0x000000000000dc84                memchr
 .text          0x000000000000dca0       0x28 /usr/lib/gcc/msp430/4.6.3/../../../../msp430/lib/mcpu-430x/mmpy-16/libc.a(strncmp.o)
                0x000000000000dca0                strncmp
 .text          0x000000000000dcc8       0x20 /usr/lib/gcc/msp430/4.6.3/../../../../msp430/lib/mcpu-430x/mmpy-16/libc.a(memcmp.o)
                0x000000000000dcc8                memcmp
 .text          0x000000000000dce8       0x2a /usr/lib/gcc/msp430/4.6.3/../../../../msp430/lib/mcpu-430x/mmpy-16/libc.a(strncpy.o)
                0x000000000000dce8                strncpy
 .text          0x000000000000dd12       0xe4 /usr/lib/gcc/msp430/4.6.3/../../../../msp430/lib/mcpu-430x/mmpy-16/libc.a(memcpy.o)
                0x000000000000dd12                memcpy
 .text          0x000000000000ddf6       0xe4 /usr/lib/gcc/msp430/4.6.3/../../../../msp430/lib/mcpu-430x/mmpy-16/libc.a(memmove.o)
                0x000000000000ddf6                memmove
 .text          0x000000000000deda       0x5c /usr/lib/gcc/msp430/4.6.3/../../../../msp430/lib/mcpu-430x/mmpy-16/libc.a(memset.o)
                0x000000000000deda                memset
 .text          0x000000000000df36       0x1e /usr/lib/gcc/msp430/4.6.3/../../../../msp430/lib/mcpu-430x/mmpy-16/libc.a(printf.o)
                0x000000000000df36                printf
                0x000000000000df46                vprintf
 .text          0x000000000000df54       0xb8 /usr/lib/gcc/msp430/4.6.3/../../../../msp430/lib/mcpu-430x/mmpy-16/libc.a(sprintf.o)
                0x000000000000dfae                sprintf
                0x000000000000dfca                snprintf
                0x000000000000dfe4                vsprintf
                0x000000000000dffa                vsnprintf
 .text          0x000000000000e00c      0x818 /usr/lib/gcc/msp430/4.6.3/../../../../msp430/lib/mcpu-430x/mmpy-16/libc.a(vuprintf.o)
                0x000000000000e188                vuprintf
 .text          0x000000000000e824       0x2c /usr/lib/gcc/msp430/4.6.3/../../../../msp430/lib/mcpu-430x/mmpy-16/libc.a(puts.o)
                0x000000000000e824                puts
 .text          0x000000000000e850       0x54 /usr/lib/gcc/msp430/4.6.3/../../../../msp430/lib/mcpu-430x/mmpy-16/libc.a(rand.o)
                0x000000000000e850                rand_r
                0x000000000000e874                rand
                0x000000000000e89a                srand
 .text.libgcc   0x000000000000e8a4       0xbc /usr/lib/gcc/msp430/4.6.3/mcpu-430x/mmpy-16/libgcc.a(_udivmod64.o)
                0x000000000000e8a4                __xabi_udivmod64
                0x000000000000e8f6                __udivdi3
                0x000000000000e910                __umoddi3
                0x000000000000e932                __udivmoddi4
 .text.crt0     0x000000000000e960        0x2 /usr/lib/gcc/msp430/4.6.3/mcpu-430x/mmpy-16/libcrt0.a(_unexpected_.o)
                0x000000000000e960                _unexpected_
                0x000000000000e962                . = ALIGN (0x2)

.rodata         0x000000000000e962      0x94e
                0x000000000000e962                . = ALIGN (0x2)
 *(.rodata .rodata.* .gnu.linkonce.r.*)
 .rodata        0x000000000000e962       0x56 er-example-server.co
                0x000000000000e99e                autostart_processes
 .rodata        0x000000000000e9b8       0x26 obj_z1/res-push.o
 .rodata        0x000000000000e9de       0x21 obj_z1/res-event.o
 .rodata        0x000000000000e9ff       0x21 obj_z1/res-separate.o
 .rodata        0x000000000000ea20       0x2a obj_z1/res-observe.o
 .rodata        0x000000000000ea4a      0x107 obj_z1/contiki-z1-main.o
 .rodata        0x000000000000eb51       0xaf contiki-z1.a(er-coap.o)
 .rodata        0x000000000000ec00      0x420 contiki-z1.a(er-coap-engine.)
                0x000000000000ef8e                coap_rest_implementation
 .rodata        0x000000000000f020       0x83 contiki-z1.a(er-coap-transac)
 .rodata        0x000000000000f0a3       0x11 contiki-z1.a(er-coap-observe)
 .rodata        0x000000000000f0b4        0xd contiki-z1.a(er-coap-separat)
 .rodata        0x000000000000f0c1       0x19 contiki-z1.a(er-coap-res-wel)
 .rodata        0x000000000000f0da        0xc contiki-z1.a(rest-engine.o)
 .rodata        0x000000000000f0e6       0x5a contiki-z1.a(cc2420.o)
                0x000000000000f102                cc2420_aes_128_driver
                0x000000000000f106                cc2420_driver
 .rodata        0x000000000000f140        0x8 contiki-z1.a(sensors.o)
 .rodata        0x000000000000f148       0x10 contiki-z1.a(button-sensor.o)
                0x000000000000f150                button_sensor
 .rodata        0x000000000000f158       0x16 contiki-z1.a(adxl345.o)
 .rodata        0x000000000000f16e        0xf contiki-z1.a(ctimer.o)
 .rodata        0x000000000000f17d        0xc contiki-z1.a(etimer.o)
 *fill*         0x000000000000f189        0x1 00
 .rodata        0x000000000000f18a       0x24 contiki-z1.a(sicslowpan.o)
                0x000000000000f196                sicslowpan_driver
                0x000000000000f19c                llprefix
                0x000000000000f19e                unc_mxconf
                0x000000000000f1a2                unc_ctxconf
                0x000000000000f1a6                unc_llconf
 .rodata        0x000000000000f1ae        0xd contiki-z1.a(tcpip.o)
 .rodata        0x000000000000f1bb       0x29 contiki-z1.a(uip-debug.o)
 .rodata        0x000000000000f1e4        0x8 contiki-z1.a(linkaddr.o)
                0x000000000000f1e4                linkaddr_null
 .rodata        0x000000000000f1ec       0x70 contiki-z1.a(queuebuf.o)
 .rodata        0x000000000000f25c        0x8 contiki-z1.a(framer-802154.o)
                0x000000000000f25c                framer_802154
 .rodata        0x000000000000f264       0x16 contiki-z1.a(nullmac.o)
                0x000000000000f26c                nullmac_driver
 .rodata        0x000000000000f27a       0x18 contiki-z1.a(nullrdc.o)
                0x000000000000f282                nullrdc_driver
 .rodata        0x000000000000f292       0x14 contiki-z1.a(nullsec.o)
                0x000000000000f29a                nullsec_driver
 .rodata        0x000000000000f2a6        0x2 contiki-z1.a(frame802154.o)
 .rodata        0x000000000000f2a8        0x7 /usr/lib/gcc/msp430/4.6.3/../../../../msp430/lib/mcpu-430x/mmpy-16/libc.a(vuprintf.o)