Archive member included because of file (symbol)

contiki-z1.a(er-coap.o)       er-example-observe-client-16-1.co (coap_init_message)
contiki-z1.a(er-coap-engine.)
                              er-example-observe-client-16-1.co (coap_init_engine)
contiki-z1.a(er-coap-transac)
                              contiki-z1.a(er-coap-engine.) (coap_register_as_transaction_handler)
contiki-z1.a(er-coap-observe)
                              contiki-z1.a(er-coap-transac) (coap_remove_observer_by_client)
contiki-z1.a(er-coap-separat)
                              obj_z1/res-separate.o (coap_separate_reject)
contiki-z1.a(er-coap-res-wel)
                              contiki-z1.a(er-coap-engine.) (res_well_known_core)
contiki-z1.a(er-coap-block1.)
                              obj_z1/res-b1-sep-b2.o (coap_block1_handler)
contiki-z1.a(er-coap-observe)
                              contiki-z1.a(er-coap-engine.) (coap_handle_notification)
contiki-z1.a(rest-engine.o)   contiki-z1.a(er-coap-engine.) (rest_activate_resource)
contiki-z1.a(contiki-z1-plat)
                              obj_z1/contiki-z1-main.o (init_platform)
contiki-z1.a(msp430.o)        obj_z1/contiki-z1-main.o (splhigh_)
contiki-z1.a(leds.o)          obj_z1/contiki-z1-main.o (leds_init)
contiki-z1.a(watchdog.o)      obj_z1/contiki-z1-main.o (watchdog_start)
contiki-z1.a(xmem.o)          obj_z1/contiki-z1-main.o (xmem_init)
contiki-z1.a(spi.o)           contiki-z1.a(xmem.o) (spi_init)
contiki-z1.a(cc2420.o)        obj_z1/contiki-z1-main.o (cc2420_set_pan_addr)
contiki-z1.a(cc2420-arch.o)   contiki-z1.a(cc2420.o) (cc2420_arch_init)
contiki-z1.a(node-id.o)       obj_z1/contiki-z1-main.o (node_id_restore)
contiki-z1.a(sensors.o)       contiki-z1.a(contiki-z1-plat) (sensors_process)
contiki-z1.a(button-sensor.o)
                              er-example-observe-client-16-1.co (button_sensor)
contiki-z1.a(radio-sensor.o)  obj_z1/res-radio.o (radio_sensor)
contiki-z1.a(uart0.o)         obj_z1/contiki-z1-main.o (uart0_active)
contiki-z1.a(uart0-putchar.o)
                              obj_z1/res-b1-sep-b2.o (putchar)
contiki-z1.a(battery-sensor.)
                              obj_z1/res-battery.o (battery_sensor)
contiki-z1.a(sky-sensors.o)   contiki-z1.a(battery-sensor.) (sky_sensors_status)
contiki-z1.a(adxl345.o)       obj_z1/contiki-z1-main.o (accm_init)
contiki-z1.a(clock.o)         obj_z1/contiki-z1-main.o (clock_init)
contiki-z1.a(leds-arch.o)     contiki-z1.a(leds.o) (leds_arch_init)
contiki-z1.a(rtimer-arch.o)   obj_z1/contiki-z1-main.o (rtimer_arch_now)
contiki-z1.a(autostart.o)     obj_z1/contiki-z1-main.o (autostart_start)
contiki-z1.a(ctimer.o)        obj_z1/contiki-z1-main.o (ctimer_init)
contiki-z1.a(energest.o)      obj_z1/contiki-z1-main.o (energest_init)
contiki-z1.a(etimer.o)        contiki-z1.a(clock.o) (etimer_request_poll)
contiki-z1.a(process.o)       contiki-z1.a(er-coap-engine.) (process_current)
contiki-z1.a(rtimer.o)        obj_z1/contiki-z1-main.o (rtimer_init)
contiki-z1.a(timer.o)         contiki-z1.a(button-sensor.o) (timer_set)
contiki-z1.a(list.o)          contiki-z1.a(rest-engine.o) (list_init)
contiki-z1.a(memb.o)          contiki-z1.a(er-coap-transac) (memb_alloc)
contiki-z1.a(random.o)        contiki-z1.a(er-coap.o) (random_rand)
contiki-z1.a(sicslowpan.o)    obj_z1/contiki-z1-main.o (sicslowpan_driver)
contiki-z1.a(uip6.o)          contiki-z1.a(er-coap-engine.) (uip_aligned_buf)
contiki-z1.a(uip-ds6.o)       contiki-z1.a(uip6.o) (uip_ds6_is_addr_onlink)
contiki-z1.a(uip-ds6-nbr.o)   contiki-z1.a(uip-ds6.o) (uip_ds6_neighbors_init)
contiki-z1.a(uip-ds6-route.o)
                              contiki-z1.a(uip-ds6.o) (uip_ds6_route_init)
contiki-z1.a(uip-icmp6.o)     contiki-z1.a(uip6.o) (uip_icmp6_input)
contiki-z1.a(uip-nd6.o)       contiki-z1.a(uip-ds6-nbr.o) (uip_nd6_ns_output)
contiki-z1.a(tcpip.o)         contiki-z1.a(sicslowpan.o) (tcpip_set_outputfunc)
contiki-z1.a(uip-debug.o)     contiki-z1.a(uip-ds6-route.o) (uip_debug_ipaddr_print)
contiki-z1.a(uip-udp-packet.)
                              contiki-z1.a(er-coap.o) (uip_udp_packet_send)
contiki-z1.a(rpl.o)           contiki-z1.a(uip-ds6-nbr.o) (rpl_link_neighbor_callback)
contiki-z1.a(rpl-dag.o)       contiki-z1.a(rpl.o) (default_instance)
contiki-z1.a(rpl-ext-header.)
                              contiki-z1.a(uip6.o) (rpl_verify_header)
contiki-z1.a(rpl-icmp6.o)     contiki-z1.a(rpl.o) (dao_output_target)
contiki-z1.a(rpl-mrhof.o)     contiki-z1.a(rpl.o) (rpl_mrhof)
contiki-z1.a(rpl-timers.o)    contiki-z1.a(rpl.o) (rpl_reset_periodic_timer)
contiki-z1.a(linkaddr.o)      obj_z1/contiki-z1-main.o (linkaddr_copy)
contiki-z1.a(nbr-table.o)     contiki-z1.a(uip-ds6-nbr.o) (nbr_table_register)
contiki-z1.a(packetbuf.o)     contiki-z1.a(cc2420.o) (packetbuf_set_datalen)
contiki-z1.a(queuebuf.o)      obj_z1/contiki-z1-main.o (queuebuf_init)
contiki-z1.a(framer-802154.o)
                              contiki-z1.a(sicslowpan.o) (framer_802154)
[...]
Memory Configuration

Name             Origin             Length             Attributes
sfr              0x0000000000000000 0x0000000000000010
peripheral_8bit  0x0000000000000010 0x00000000000000f0
peripheral_16bit 0x0000000000000100 0x0000000000000100
ram_mirror       0x0000000000000200 0x0000000000000800 xw
infomem          0x0000000000001000 0x0000000000000100
infod            0x0000000000001000 0x0000000000000040
infoc            0x0000000000001040 0x0000000000000040
infob            0x0000000000001080 0x0000000000000040
infoa            0x00000000000010c0 0x0000000000000040
ram              0x0000000000001100 0x0000000000002000 xw
rom              0x0000000000003100 0x000000000000cebe xr
vectors          0x000000000000ffc0 0x0000000000000040
far_rom          0x0000000000010000 0x000000000000a000
bsl              0x0000000000000000 0x0000000000000000
ram2             0x0000000000000000 0x0000000000000000 xw
usbram           0x0000000000000000 0x0000000000000000 xw
*default*        0x0000000000000000 0xffffffffffffffff

Linker script and memory map

LOAD /usr/lib/gcc/msp430/4.6.3/mcpu-430x/mmpy-16/crt0ivtbl32.o
                0x0000000000000041                __P1SEL2 = 0x41
                0x0000000000000045                __P5SEL2 = 0x45
LOAD er-example-observe-client-16-1.co
LOAD obj_z1/res-sht11.o
LOAD obj_z1/res-push_copy.o
LOAD obj_z1/res-radio.o
LOAD obj_z1/res-light.o
LOAD obj_z1/res-sub.o
LOAD obj_z1/res-push_blockwise.o
LOAD obj_z1/res-battery.o
LOAD obj_z1/res-leds.o
LOAD obj_z1/res-push.o
LOAD obj_z1/res-separate.o
LOAD obj_z1/res-mirror.o
LOAD obj_z1/res-toggle.o
LOAD obj_z1/res-b1-sep-b2.o
LOAD obj_z1/res-chunks.o
LOAD obj_z1/res-event.o
LOAD obj_z1/res-hello.o
LOAD obj_z1/contiki-z1-main.o
LOAD contiki-z1.a
LOAD /usr/lib/gcc/msp430/4.6.3/mcpu-430x/mmpy-16/libgcc.a
LOAD /usr/lib/gcc/msp430/4.6.3/../../../../msp430/lib/mcpu-430x/mmpy-16/libc.a
LOAD /usr/lib/gcc/msp430/4.6.3/mcpu-430x/mmpy-16/libgcc.a
LOAD /usr/lib/gcc/msp430/4.6.3/mcpu-430x/mmpy-16/libcrt0.a
                0x0000000000000040                PROVIDE (__info_segment_size, 0x40)
                0x0000000000001000                PROVIDE (__infod, 0x1000)
                0x0000000000001040                PROVIDE (__infoc, 0x1040)
                0x0000000000001080                PROVIDE (__infob, 0x1080)
                0x00000000000010c0                PROVIDE (__infoa, 0x10c0)
                0x0000000000000000                __IE1 = 0x0
                0x0000000000000002                __IFG1 = 0x2
                0x0000000000000001                __IE2 = 0x1
                0x0000000000000003                __IFG2 = 0x3
                0x0000000000000006                __UC1IE = 0x6
                0x0000000000000007                __UC1IFG = 0x7
                0x00000000000001a0                __ADC12CTL0 = 0x1a0
                0x00000000000001a2                __ADC12CTL1 = 0x1a2
                0x00000000000001a4                __ADC12IFG = 0x1a4
                0x00000000000001a6                __ADC12IE = 0x1a6
                0x00000000000001a8                __ADC12IV = 0x1a8
                0x0000000000000140                __ADC12MEM0 = 0x140
                0x0000000000000142                __ADC12MEM1 = 0x142
                0x0000000000000144                __ADC12MEM2 = 0x144
                0x0000000000000146                __ADC12MEM3 = 0x146
                0x0000000000000148                __ADC12MEM4 = 0x148
                0x000000000000014a                __ADC12MEM5 = 0x14a
                0x000000000000014c                __ADC12MEM6 = 0x14c
                0x000000000000014e                __ADC12MEM7 = 0x14e
                0x0000000000000150                __ADC12MEM8 = 0x150
                0x0000000000000152                __ADC12MEM9 = 0x152
                0x0000000000000154                __ADC12MEM10 = 0x154
                0x0000000000000156                __ADC12MEM11 = 0x156
                0x0000000000000158                __ADC12MEM12 = 0x158
                0x000000000000015a                __ADC12MEM13 = 0x15a
                0x000000000000015c                __ADC12MEM14 = 0x15c
                0x000000000000015e                __ADC12MEM15 = 0x15e
                0x0000000000000080                __ADC12MCTL0 = 0x80
                0x0000000000000081                __ADC12MCTL1 = 0x81
                0x0000000000000082                __ADC12MCTL2 = 0x82
                0x0000000000000083                __ADC12MCTL3 = 0x83
                0x0000000000000084                __ADC12MCTL4 = 0x84
                0x0000000000000085                __ADC12MCTL5 = 0x85
                0x0000000000000086                __ADC12MCTL6 = 0x86
                0x0000000000000087                __ADC12MCTL7 = 0x87
                0x0000000000000088                __ADC12MCTL8 = 0x88
                0x0000000000000089                __ADC12MCTL9 = 0x89
                0x000000000000008a                __ADC12MCTL10 = 0x8a
                0x000000000000008b                __ADC12MCTL11 = 0x8b
                0x000000000000008c                __ADC12MCTL12 = 0x8c
                0x000000000000008d                __ADC12MCTL13 = 0x8d
                0x000000000000008e                __ADC12MCTL14 = 0x8e
                0x000000000000008f                __ADC12MCTL15 = 0x8f
                0x0000000000000056                __DCOCTL = 0x56
                0x0000000000000057                __BCSCTL1 = 0x57
                0x0000000000000058                __BCSCTL2 = 0x58
                0x0000000000000053                __BCSCTL3 = 0x53
                0x0000000000000059                __CACTL1 = 0x59
                0x000000000000005a                __CACTL2 = 0x5a
                0x000000000000005b                __CAPD = 0x5b
                0x00000000000001c0                __DAC12_0CTL = 0x1c0
                0x00000000000001c2                __DAC12_1CTL = 0x1c2
                0x00000000000001c8                __DAC12_0DAT = 0x1c8
                0x00000000000001ca                __DAC12_1DAT = 0x1ca
                0x0000000000000122                __DMACTL0 = 0x122
                0x0000000000000124                __DMACTL1 = 0x124
                0x0000000000000126                __DMAIV = 0x126
                0x00000000000001d0                __DMA0CTL = 0x1d0
                0x00000000000001dc                __DMA1CTL = 0x1dc
                0x00000000000001e8                __DMA2CTL = 0x1e8
                0x00000000000001d2                __DMA0SA = 0x1d2
                0x00000000000001d2                __DMA0SAL = 0x1d2
                0x00000000000001d6                __DMA0DA = 0x1d6
                0x00000000000001d6                __DMA0DAL = 0x1d6
                0x00000000000001da                __DMA0SZ = 0x1da
                0x00000000000001de                __DMA1SA = 0x1de
                0x00000000000001de                __DMA1SAL = 0x1de
                0x00000000000001e2                __DMA1DA = 0x1e2
                0x00000000000001e2                __DMA1DAL = 0x1e2
                0x00000000000001e6                __DMA1SZ = 0x1e6
                0x00000000000001ea                __DMA2SA = 0x1ea
                0x00000000000001ea                __DMA2SAL = 0x1ea
                0x00000000000001ee                __DMA2DA = 0x1ee
                0x00000000000001ee                __DMA2DAL = 0x1ee
                0x00000000000001f2                __DMA2SZ = 0x1f2
                0x0000000000000128                __FCTL1 = 0x128
                0x000000000000012a                __FCTL2 = 0x12a
                0x000000000000012c                __FCTL3 = 0x12c
                0x00000000000001be                __FCTL4 = 0x1be
                0x0000000000000130                __MPY = 0x130
                0x0000000000000132                __MPYS = 0x132
                0x0000000000000134                __MAC = 0x134
                0x0000000000000136                __MACS = 0x136
                0x0000000000000138                __OP2 = 0x138
                0x000000000000013a                __RESLO = 0x13a
                0x000000000000013c                __RESHI = 0x13c
                0x000000000000013e                __SUMEXT = 0x13e
                0x0000000000000020                __P1IN = 0x20
                0x0000000000000021                __P1OUT = 0x21
                0x0000000000000022                __P1DIR = 0x22
                0x0000000000000023                __P1IFG = 0x23
                0x0000000000000024                __P1IES = 0x24
                0x0000000000000025                __P1IE = 0x25
                0x0000000000000026                __P1SEL = 0x26
                0x0000000000000027                __P1REN = 0x27
                0x0000000000000028                __P2IN = 0x28
                0x0000000000000029                __P2OUT = 0x29
                0x000000000000002a                __P2DIR = 0x2a
                0x000000000000002b                __P2IFG = 0x2b
                0x000000000000002c                __P2IES = 0x2c
                0x000000000000002d                __P2IE = 0x2d
                0x000000000000002e                __P2SEL = 0x2e
                0x000000000000002f                __P2REN = 0x2f
                0x0000000000000018                __P3IN = 0x18
                0x0000000000000019                __P3OUT = 0x19
                0x000000000000001a                __P3DIR = 0x1a
                0x000000000000001b                __P3SEL = 0x1b
                0x0000000000000010                __P3REN = 0x10
                0x000000000000001c                __P4IN = 0x1c
                0x000000000000001d                __P4OUT = 0x1d
                0x000000000000001e                __P4DIR = 0x1e
                0x000000000000001f                __P4SEL = 0x1f
                0x0000000000000011                __P4REN = 0x11
                0x0000000000000030                __P5IN = 0x30
                0x0000000000000031                __P5OUT = 0x31
                0x0000000000000032                __P5DIR = 0x32
                0x0000000000000033                __P5SEL = 0x33
                0x0000000000000012                __P5REN = 0x12
                0x0000000000000034                __P6IN = 0x34
                0x0000000000000035                __P6OUT = 0x35
                0x0000000000000036                __P6DIR = 0x36
                0x0000000000000037                __P6SEL = 0x37
                0x0000000000000013                __P6REN = 0x13
                0x0000000000000038                __P7IN = 0x38
                0x000000000000003a                __P7OUT = 0x3a
                0x000000000000003c                __P7DIR = 0x3c
                0x000000000000003e                __P7SEL = 0x3e
                0x0000000000000014                __P7REN = 0x14
                0x0000000000000039                __P8IN = 0x39
                0x000000000000003b                __P8OUT = 0x3b
                0x000000000000003d                __P8DIR = 0x3d
                0x000000000000003f                __P8SEL = 0x3f
                0x0000000000000015                __P8REN = 0x15
                0x0000000000000038                __PAIN = 0x38
                0x000000000000003a                __PAOUT = 0x3a
                0x000000000000003c                __PADIR = 0x3c
                0x000000000000003e                __PASEL = 0x3e
                0x0000000000000014                __PAREN = 0x14
                0x0000000000000055                __SVSCTL = 0x55
                0x000000000000012e                __TAIV = 0x12e
                0x0000000000000160                __TACTL = 0x160
                0x0000000000000162                __TACCTL0 = 0x162
                0x0000000000000164                __TACCTL1 = 0x164
                0x0000000000000166                __TACCTL2 = 0x166
                0x0000000000000170                __TAR = 0x170
                0x0000000000000172                __TACCR0 = 0x172
                0x0000000000000174                __TACCR1 = 0x174
                0x0000000000000176                __TACCR2 = 0x176
                0x000000000000011e                __TBIV = 0x11e
                0x0000000000000180                __TBCTL = 0x180
                0x0000000000000182                __TBCCTL0 = 0x182
                0x0000000000000184                __TBCCTL1 = 0x184
                0x0000000000000186                __TBCCTL2 = 0x186
                0x0000000000000188                __TBCCTL3 = 0x188
                0x000000000000018a                __TBCCTL4 = 0x18a
                0x000000000000018c                __TBCCTL5 = 0x18c
                0x000000000000018e                __TBCCTL6 = 0x18e
                0x0000000000000190                __TBR = 0x190
                0x0000000000000192                __TBCCR0 = 0x192
                0x0000000000000194                __TBCCR1 = 0x194
                0x0000000000000196                __TBCCR2 = 0x196
                0x0000000000000198                __TBCCR3 = 0x198
                0x000000000000019a                __TBCCR4 = 0x19a
                0x000000000000019c                __TBCCR5 = 0x19c
                0x000000000000019e                __TBCCR6 = 0x19e
                0x0000000000000060                __UCA0CTL0 = 0x60
                0x0000000000000061                __UCA0CTL1 = 0x61
                0x0000000000000062                __UCA0BR0 = 0x62
                0x0000000000000063                __UCA0BR1 = 0x63
                0x0000000000000064                __UCA0MCTL = 0x64
                0x0000000000000065                __UCA0STAT = 0x65
                0x0000000000000066                __UCA0RXBUF = 0x66
                0x0000000000000067                __UCA0TXBUF = 0x67
                0x000000000000005d                __UCA0ABCTL = 0x5d
                0x000000000000005e                __UCA0IRTCTL = 0x5e
                0x000000000000005f                __UCA0IRRCTL = 0x5f
                0x0000000000000068                __UCB0CTL0 = 0x68
                0x0000000000000069                __UCB0CTL1 = 0x69
                0x000000000000006a                __UCB0BR0 = 0x6a
                0x000000000000006b                __UCB0BR1 = 0x6b
                0x000000000000006c                __UCB0I2CIE = 0x6c
                0x000000000000006d                __UCB0STAT = 0x6d
                0x000000000000006e                __UCB0RXBUF = 0x6e
                0x000000000000006f                __UCB0TXBUF = 0x6f
                0x0000000000000118                __UCB0I2COA = 0x118
                0x000000000000011a                __UCB0I2CSA = 0x11a
                0x00000000000000d0                __UCA1CTL0 = 0xd0
                0x00000000000000d1                __UCA1CTL1 = 0xd1
                0x00000000000000d2                __UCA1BR0 = 0xd2
                0x00000000000000d3                __UCA1BR1 = 0xd3
                0x00000000000000d4                __UCA1MCTL = 0xd4
                0x00000000000000d5                __UCA1STAT = 0xd5
                0x00000000000000d6                __UCA1RXBUF = 0xd6
                0x00000000000000d7                __UCA1TXBUF = 0xd7
                0x00000000000000cd                __UCA1ABCTL = 0xcd
                0x00000000000000ce                __UCA1IRTCTL = 0xce
                0x00000000000000cf                __UCA1IRRCTL = 0xcf
                0x00000000000000d8                __UCB1CTL0 = 0xd8
                0x00000000000000d9                __UCB1CTL1 = 0xd9
                0x00000000000000da                __UCB1BR0 = 0xda
                0x00000000000000db                __UCB1BR1 = 0xdb
                0x00000000000000dc                __UCB1I2CIE = 0xdc
                0x00000000000000dd                __UCB1STAT = 0xdd
                0x00000000000000de                __UCB1RXBUF = 0xde
                0x00000000000000df                __UCB1TXBUF = 0xdf
                0x000000000000017c                __UCB1I2COA = 0x17c
                0x000000000000017e                __UCB1I2CSA = 0x17e
                0x0000000000000120                __WDTCTL = 0x120
                0x00000000000010c0                __TLV_CHECKSUM = 0x10c0
                0x00000000000010f6                __TLV_DCO_30_TAG = 0x10f6
                0x00000000000010f7                __TLV_DCO_30_LEN = 0x10f7
                0x00000000000010da                __TLV_ADC12_1_TAG = 0x10da
                0x00000000000010db                __TLV_ADC12_1_LEN = 0x10db
                0x00000000000010f8                __CALDCO_16MHZ = 0x10f8
                0x00000000000010f9                __CALBC1_16MHZ = 0x10f9
                0x00000000000010fa                __CALDCO_12MHZ = 0x10fa
                0x00000000000010fb                __CALBC1_12MHZ = 0x10fb
                0x00000000000010fc                __CALDCO_8MHZ = 0x10fc
                0x00000000000010fd                __CALBC1_8MHZ = 0x10fd
                0x00000000000010fe                __CALDCO_1MHZ = 0x10fe
                0x00000000000010ff                __CALBC1_1MHZ = 0x10ff

.hash
 *(.hash)

.dynsym
 *(.dynsym)

.dynstr
 *(.dynstr)

.gnu.version
 *(.gnu.version)

.gnu.version_d
 *(.gnu.version_d)

.gnu.version_r
 *(.gnu.version_r)

.rel.init
 *(.rel.init)

.rela.init
 *(.rela.init)

.rel.fini
 *(.rel.fini)

.rela.fini
 *(.rela.fini)

.rel.text
 *(.rel.text .rel.text.* .rel.gnu.linkonce.t.*)

.rela.text
 *(.rela.text .rela.text.* .rela.gnu.linkonce.t.*)

.rel.rodata
 *(.rel.rodata .rel.rodata.* .rel.gnu.linkonce.r.*)

.rela.rodata
 *(.rela.rodata .rela.rodata.* .rela.gnu.linkonce.r.*)

.rel.data
 *(.rel.data .rel.data.* .rel.gnu.linkonce.d.*)

.rela.data
 *(.rela.data .rela.data.* .rela.gnu.linkonce.d.*)

.rel.bss
 *(.rel.bss .rel.bss.* .rel.gnu.linkonce.b.*)

.rela.bss
 *(.rela.bss .rela.bss.* .rela.gnu.linkonce.b.*)

.rel.ctors
 *(.rel.ctors)

.rela.ctors
 *(.rela.ctors)

.rel.dtors
 *(.rel.dtors)

.rela.dtors
 *(.rela.dtors)

.rel.got
 *(.rel.got)

.rela.got
 *(.rela.got)

.rel.plt
 *(.rel.plt)

.rela.plt
 *(.rela.plt)

.text           0x0000000000003100     0xbe72
                0x0000000000003100                . = ALIGN (0x2)
 *(.init .init.*)
 *(.init0)
 .init0         0x0000000000003100        0x0 /usr/lib/gcc/msp430/4.6.3/mcpu-430x/mmpy-16/libcrt0.a(_reset_vector__.o)
                0x0000000000003100                _reset_vector__
 *(.init1)
 .init1         0x0000000000003100        0xc /usr/lib/gcc/msp430/4.6.3/mcpu-430x/mmpy-16/libcrt0.a(__watchdog_support.o)
                0x0000000000003100                __watchdog_support
 *(.init2)
 .init2         0x000000000000310c        0x4 /usr/lib/gcc/msp430/4.6.3/mcpu-430x/mmpy-16/libcrt0.a(__init_stack.o)
                0x000000000000310c                __init_stack
 *(.init3)
 .init3         0x0000000000003110        0x0 /usr/lib/gcc/msp430/4.6.3/mcpu-430x/mmpy-16/libcrt0.a(__low_level_init.o)
                0x0000000000003110                __low_level_init
 *(.init4)
 .init4         0x0000000000003110       0x18 /usr/lib/gcc/msp430/4.6.3/mcpu-430x/mmpy-16/libcrt0.a(_copy_data.o)
                0x0000000000003110                __do_copy_data
 .init4         0x0000000000003128       0x16 /usr/lib/gcc/msp430/4.6.3/mcpu-430x/mmpy-16/libcrt0.a(_clear_bss.o)
                0x0000000000003128                __do_clear_bss
 *(.init5)
 *(.init6)
 *(.init7)
 *(.init8)
 *(.init9)
 .init9         0x000000000000313e      0x35c obj_z1/contiki-z1-main.o
                0x000000000000313e                main
 *(.fini9)
 .fini9         0x000000000000349a        0x0 /usr/lib/gcc/msp430/4.6.3/mcpu-430x/mmpy-16/libcrt0.a(__stop_progExec__.o)
                0x000000000000349a                __stop_progExec__
 *(.fini8)
 *(.fini7)
 *(.fini6)
 *(.fini5)
 *(.fini4)
 *(.fini3)
 *(.fini2)
 *(.fini1)
 *(.fini0)
 .fini0         0x000000000000349a        0x6 /usr/lib/gcc/msp430/4.6.3/mcpu-430x/mmpy-16/libcrt0.a(_endless_loop__.o)
                0x000000000000349a                _endless_loop__
 *(.fini .fini.*)
                0x00000000000034a0                . = ALIGN (0x2)
                0x00000000000034a0                __ctors_start = .
 *(.ctors)
                0x00000000000034a0                __ctors_end = .
                0x00000000000034a0                __dtors_start = .
 *(.dtors)
                0x00000000000034a0                __dtors_end = .
                0x00000000000034a0                . = ALIGN (0x2)
 *(.text .text.* .gnu.linkonce.t.*)
 .text          0x00000000000034a0        0x4 /usr/lib/gcc/msp430/4.6.3/mcpu-430x/mmpy-16/crt0ivtbl32.o
                0x00000000000034a0                __isr_14
                0x00000000000034a0                __isr_4
                0x00000000000034a0                __isr_29
                0x00000000000034a0                __isr_11
                0x00000000000034a0                __isr_5
                0x00000000000034a0                __isr_2
                0x00000000000034a0                __isr_10
                0x00000000000034a0                __isr_7
                0x00000000000034a0                __isr_0
                0x00000000000034a0                __isr_28
                0x00000000000034a0                __isr_8
                0x00000000000034a0                __isr_20
                0x00000000000034a0                __isr_3
                0x00000000000034a0                __isr_12
                0x00000000000034a0                __isr_13
                0x00000000000034a0                __isr_27
                0x00000000000034a0                __isr_9
                0x00000000000034a0                __isr_30
                0x00000000000034a0                __isr_6
                0x00000000000034a0                __isr_22
                0x00000000000034a0                __isr_1
                0x00000000000034a0                __isr_15
                0x00000000000034a0                __isr_21
 .text.increase_conn
                0x00000000000034a4        0xc er-example-observe-client-16-1.co
 .text.process_thread_er_example_observe_client
                0x00000000000034b0      0x62a er-example-observe-client-16-1.co
 .text.client_chunk_handler
                0x0000000000003ada       0x1a er-example-observe-client-16-1.co
                0x0000000000003ada                client_chunk_handler
 .text.notification_callback
                0x0000000000003af4      0x272 er-example-observe-client-16-1.co
 .text.coap_parse_int_option
                0x0000000000003d66       0x36 contiki-z1.a(er-coap.o)
 .text.coap_set_option_header
                0x0000000000003d9c       0xa6 contiki-z1.a(er-coap.o)
 .text.coap_serialize_int_option
                0x0000000000003e42       0xbe contiki-z1.a(er-coap.o)
 .text.coap_get_variable
                0x0000000000003f00       0xa2 contiki-z1.a(er-coap.o)
 .text.coap_serialize_array_option
                0x0000000000003fa2       0xd4 contiki-z1.a(er-coap.o)
 .text.coap_merge_multi_option.part.1
                0x0000000000004076       0x2c contiki-z1.a(er-coap.o)
 .text.coap_init_connection
                0x00000000000040a2       0x22 contiki-z1.a(er-coap.o)
                0x00000000000040a2                coap_init_connection
 .text.coap_get_mid
                0x00000000000040c4        0xc contiki-z1.a(er-coap.o)
                0x00000000000040c4                coap_get_mid
 .text.coap_init_message
                0x00000000000040d0       0x24 contiki-z1.a(er-coap.o)
                0x00000000000040d0                coap_init_message
 .text.coap_serialize_message
                0x00000000000040f4      0x426 contiki-z1.a(er-coap.o)
                0x00000000000040f4                coap_serialize_message
 .text.coap_send_message
                0x000000000000451a       0x3e contiki-z1.a(er-coap.o)
                0x000000000000451a                coap_send_message
 .text.coap_parse_message
                0x0000000000004558      0x50e contiki-z1.a(er-coap.o)
                0x0000000000004558                coap_parse_message
 .text.coap_get_query_variable
                0x0000000000004a66       0x1c contiki-z1.a(er-coap.o)
                0x0000000000004a66                coap_get_query_variable
 .text.coap_get_post_variable
                0x0000000000004a82       0x20 contiki-z1.a(er-coap.o)
                0x0000000000004a82                coap_get_post_variable
 .text.coap_set_status_code
                0x0000000000004aa2       0x12 contiki-z1.a(er-coap.o)
                0x0000000000004aa2                coap_set_status_code
 .text.coap_set_token
                0x0000000000004ab4       0x24 contiki-z1.a(er-coap.o)
                0x0000000000004ab4                coap_set_token
 .text.coap_get_header_content_format
                0x0000000000004ad8       0x18 contiki-z1.a(er-coap.o)
                0x0000000000004ad8                coap_get_header_content_format
 .text.coap_set_header_content_format
                0x0000000000004af0        0xe contiki-z1.a(er-coap.o)
                0x0000000000004af0                coap_set_header_content_format
 .text.coap_get_header_accept
                0x0000000000004afe       0x16 contiki-z1.a(er-coap.o)
                0x0000000000004afe                coap_get_header_accept
 .text.coap_get_header_max_age
                0x0000000000004b14       0x26 contiki-z1.a(er-coap.o)
                0x0000000000004b14                coap_get_header_max_age
 .text.coap_set_header_max_age
                0x0000000000004b3a       0x12 contiki-z1.a(er-coap.o)
                0x0000000000004b3a                coap_set_header_max_age
 .text.coap_set_header_etag
                0x0000000000004b4c       0x2a contiki-z1.a(er-coap.o)
                0x0000000000004b4c                coap_set_header_etag
 .text.coap_get_header_if_match
                0x0000000000004b76       0x1c contiki-z1.a(er-coap.o)
                0x0000000000004b76                coap_get_header_if_match
 .text.coap_get_header_if_none_match
                0x0000000000004b92       0x10 contiki-z1.a(er-coap.o)
                0x0000000000004b92                coap_get_header_if_none_match
 .text.coap_get_header_uri_host
                0x0000000000004ba2       0x18 contiki-z1.a(er-coap.o)
                0x0000000000004ba2                coap_get_header_uri_host
 .text.coap_get_header_uri_path
                0x0000000000004bba       0x18 contiki-z1.a(er-coap.o)
                0x0000000000004bba                coap_get_header_uri_path
 .text.coap_set_header_uri_path
                0x0000000000004bd2       0x2a contiki-z1.a(er-coap.o)
                0x0000000000004bd2                coap_set_header_uri_path
 .text.coap_get_header_uri_query
                0x0000000000004bfc       0x16 contiki-z1.a(er-coap.o)
                0x0000000000004bfc                coap_get_header_uri_query
 .text.coap_set_header_location_query
                0x0000000000004c12       0x2c contiki-z1.a(er-coap.o)
                0x0000000000004c12                coap_set_header_location_query
 .text.coap_set_header_location_path
                0x0000000000004c3e       0x78 contiki-z1.a(er-coap.o)
                0x0000000000004c3e                coap_set_header_location_path
 .text.coap_get_header_observe
                0x0000000000004cb6       0x1e contiki-z1.a(er-coap.o)
                0x0000000000004cb6                coap_get_header_observe
 .text.coap_set_header_observe
                0x0000000000004cd4       0x12 contiki-z1.a(er-coap.o)
                0x0000000000004cd4                coap_set_header_observe
 .text.coap_get_header_block2
                0x0000000000004ce6       0x4c contiki-z1.a(er-coap.o)
                0x0000000000004ce6                coap_get_header_block2
 .text.coap_set_header_block2
                0x0000000000004d32       0x40 contiki-z1.a(er-coap.o)
                0x0000000000004d32                coap_set_header_block2
 .text.coap_get_header_size2
                0x0000000000004d72       0x1e contiki-z1.a(er-coap.o)
                0x0000000000004d72                coap_get_header_size2
 .text.coap_set_header_size2
                0x0000000000004d90       0x12 contiki-z1.a(er-coap.o)
                0x0000000000004d90                coap_set_header_size2
 .text.coap_get_payload
                0x0000000000004da2       0x1a contiki-z1.a(er-coap.o)
                0x0000000000004da2                coap_get_payload
 .text.coap_set_payload
                0x0000000000004dbc       0x16 contiki-z1.a(er-coap.o)
                0x0000000000004dbc                coap_set_payload
 .text.coap_set_service_callback
                0x0000000000004dd2        0x6 contiki-z1.a(er-coap-engine.)
                0x0000000000004dd2                coap_set_service_callback
 .text.coap_get_rest_method
                0x0000000000004dd8       0x1a contiki-z1.a(er-coap-engine.)
                0x0000000000004dd8                coap_get_rest_method
 .text.process_thread_coap_engine
                0x0000000000004df2      0x5ee contiki-z1.a(er-coap-engine.)
 .text.coap_blocking_request_callback
                0x00000000000053e0        0xe contiki-z1.a(er-coap-engine.)
                0x00000000000053e0                coap_blocking_request_callback
 .text.coap_init_engine
                0x00000000000053ee        0xc contiki-z1.a(er-coap-engine.)
                0x00000000000053ee                coap_init_engine
 .text.coap_blocking_request
                0x00000000000053fa      0x182 contiki-z1.a(er-coap-engine.)
                0x00000000000053fa                coap_blocking_request
 .text.coap_register_as_transaction_handler
                0x000000000000557c        0x8 contiki-z1.a(er-coap-transac)
                0x000000000000557c                coap_register_as_transaction_handler
 .text.coap_new_transaction
                0x0000000000005584       0x4a contiki-z1.a(er-coap-transac)
                0x0000000000005584                coap_new_transaction
 .text.coap_clear_transaction
                0x00000000000055ce       0x26 contiki-z1.a(er-coap-transac)
                0x00000000000055ce                coap_clear_transaction
 .text.coap_send_transaction
                0x00000000000055f4      0x1d8 contiki-z1.a(er-coap-transac)
                0x00000000000055f4                coap_send_transaction
 .text.coap_get_transaction_by_mid
                0x00000000000057cc       0x1e contiki-z1.a(er-coap-transac)
                0x00000000000057cc                coap_get_transaction_by_mid
 .text.coap_check_transactions
                0x00000000000057ea       0xda contiki-z1.a(er-coap-transac)
                0x00000000000057ea                coap_check_transactions
 .text.coap_remove_observer
                0x00000000000058c4       0x1c contiki-z1.a(er-coap-observe)
                0x00000000000058c4                coap_remove_observer
 .text.coap_remove_observer_by_client
                0x00000000000058e0       0x42 contiki-z1.a(er-coap-observe)
                0x00000000000058e0                coap_remove_observer_by_client
 .text.coap_remove_observer_by_token
                0x0000000000005922       0x60 contiki-z1.a(er-coap-observe)
                0x0000000000005922                coap_remove_observer_by_token
 .text.coap_remove_observer_by_uri
                0x0000000000005982       0x6c contiki-z1.a(er-coap-observe)
                0x0000000000005982                coap_remove_observer_by_uri
 .text.coap_remove_observer_by_mid
                0x00000000000059ee       0x4a contiki-z1.a(er-coap-observe)
                0x00000000000059ee                coap_remove_observer_by_mid
 .text.coap_notify_observers_sub
                0x0000000000005a38      0x190 contiki-z1.a(er-coap-observe)
                0x0000000000005a38                coap_notify_observers_sub
 .text.coap_notify_observers
                0x0000000000005bc8        0x8 contiki-z1.a(er-coap-observe)
                0x0000000000005bc8                coap_notify_observers
 .text.coap_observe_handler
                0x0000000000005bd0      0x122 contiki-z1.a(er-coap-observe)
                0x0000000000005bd0                coap_observe_handler
 .text.well_known_core_get_handler
                0x0000000000005cf2      0x27e contiki-z1.a(er-coap-res-wel)
                0x0000000000005cf2                well_known_core_get_handler
 .text.simple_reply
                0x0000000000005f70       0x34 contiki-z1.a(er-coap-observe)
 .text.coap_obs_remove_observee
                0x0000000000005fa4       0x1c contiki-z1.a(er-coap-observe)
                0x0000000000005fa4                coap_obs_remove_observee
 .text.handle_obs_registration_response
                0x0000000000005fc0       0x4c contiki-z1.a(er-coap-observe)
 .text.coap_get_obs_subject_by_token
                0x000000000000600c       0x38 contiki-z1.a(er-coap-observe)
                0x000000000000600c                coap_get_obs_subject_by_token
 .text.coap_obs_remove_observee_by_url
                0x0000000000006044       0x66 contiki-z1.a(er-coap-observe)
                0x0000000000006044                coap_obs_remove_observee_by_url
 .text.coap_obs_add_observee
                0x00000000000060aa       0x64 contiki-z1.a(er-coap-observe)
                0x00000000000060aa                coap_obs_add_observee
 .text.coap_handle_notification
                0x000000000000610e       0xa6 contiki-z1.a(er-coap-observe)
                0x000000000000610e                coap_handle_notification
 .text.coap_obs_request_registration
                0x00000000000061b4       0xaa contiki-z1.a(er-coap-observe)
                0x00000000000061b4                coap_obs_request_registration
 .text.rest_activate_resource
                0x000000000000625e       0x3c contiki-z1.a(rest-engine.o)
                0x000000000000625e                rest_activate_resource
 .text.rest_get_resources
                0x000000000000629a        0x6 contiki-z1.a(rest-engine.o)
                0x000000000000629a                rest_get_resources
 .text.init_platform
                0x00000000000062a0        0xc contiki-z1.a(contiki-z1-plat)
                0x00000000000062a0                init_platform
 .text.msp430_init_dco
                0x00000000000062ac       0x28 contiki-z1.a(msp430.o)
                0x00000000000062ac                msp430_init_dco
 .text.splhigh_
                0x00000000000062d4        0x8 contiki-z1.a(msp430.o)
                0x00000000000062d4                splhigh_
 .text.msp430_sync_dco
                0x00000000000062dc       0x72 contiki-z1.a(msp430.o)
                0x00000000000062dc                msp430_sync_dco
 .text.msp430_cpu_init
                0x000000000000634e       0x2a contiki-z1.a(msp430.o)
                0x000000000000634e                msp430_cpu_init
 .text.show_leds
                0x0000000000006378       0xee contiki-z1.a(leds.o)
 .text.leds_init
                0x0000000000006466        0xa contiki-z1.a(leds.o)
                0x0000000000006466                leds_init
 .text.leds_on  0x0000000000006470        0xa contiki-z1.a(leds.o)
                0x0000000000006470                leds_on
 .text.leds_off
                0x000000000000647a        0xe contiki-z1.a(leds.o)
                0x000000000000647a                leds_off
 .text.watchdog_interrupt
                0x0000000000006488        0x6 contiki-z1.a(watchdog.o)
                0x0000000000006488                __isr_26
                0x0000000000006488                watchdog_interrupt
 .text.watchdog_start
                0x000000000000648e       0x14 contiki-z1.a(watchdog.o)
                0x000000000000648e                watchdog_start
 .text.watchdog_periodic
                0x00000000000064a2       0x12 contiki-z1.a(watchdog.o)
                0x00000000000064a2                watchdog_periodic
 .text.watchdog_stop
                0x00000000000064b4       0x16 contiki-z1.a(watchdog.o)
                0x00000000000064b4                watchdog_stop
 .text.watchdog_init
                0x00000000000064ca       0x14 contiki-z1.a(watchdog.o)
                0x00000000000064ca                watchdog_init
 .text.wait_ready
                0x00000000000064de       0x4e contiki-z1.a(xmem.o)
 .text.xmem_init
                0x000000000000652c       0x1e contiki-z1.a(xmem.o)
                0x000000000000652c                xmem_init
 .text.xmem_pread
                0x000000000000654a       0xd0 contiki-z1.a(xmem.o)
                0x000000000000654a                xmem_pread
 .text.spi_init
                0x000000000000661a       0x38 contiki-z1.a(spi.o)
                0x000000000000661a                spi_init
 .text.get_object
                0x0000000000006652        0x4 contiki-z1.a(cc2420.o)
 .text.set_object
                0x0000000000006656        0x4 contiki-z1.a(cc2420.o)
 .text.strobe   0x000000000000665a       0x20 contiki-z1.a(cc2420.o)
 .text.getreg   0x000000000000667a       0x50 contiki-z1.a(cc2420.o)
 .text.setreg   0x00000000000066ca       0x52 contiki-z1.a(cc2420.o)
 .text.write_ram
                0x000000000000671c       0x7e contiki-z1.a(cc2420.o)
 .text.write_fifo_buf
                0x000000000000679a       0x40 contiki-z1.a(cc2420.o)
 .text.get_status
                0x00000000000067da       0x24 contiki-z1.a(cc2420.o)
 .text.set_txpower
                0x00000000000067fe       0x26 contiki-z1.a(cc2420.o)
 .text.cc2420_receiving_packet
                0x0000000000006824        0xe contiki-z1.a(cc2420.o)
 .text.pending_packet
                0x0000000000006832        0xe contiki-z1.a(cc2420.o)
 .text.on       0x0000000000006840       0x1e contiki-z1.a(cc2420.o)
 .text.wait_for_transmission
                0x000000000000685e       0x22 contiki-z1.a(cc2420.o)
 .text.wait_for_status
                0x0000000000006880       0x26 contiki-z1.a(cc2420.o)
 .text.getrxdata
                0x00000000000068a6       0x54 contiki-z1.a(cc2420.o)
 .text.flushrx  0x00000000000068fa       0x1a contiki-z1.a(cc2420.o)
 .text.off      0x0000000000006914       0x56 contiki-z1.a(cc2420.o)
 .text.RELEASE_LOCK
                0x000000000000696a       0x28 contiki-z1.a(cc2420.o)
 .text.set_key  0x0000000000006992       0x18 contiki-z1.a(cc2420.o)
 .text.cc2420_prepare
                0x00000000000069aa       0x38 contiki-z1.a(cc2420.o)
 .text.cc2420_on
                0x00000000000069e2       0x22 contiki-z1.a(cc2420.o)
                0x00000000000069e2                cc2420_on
 .text.cc2420_off
                0x0000000000006a04       0x30 contiki-z1.a(cc2420.o)
                0x0000000000006a04                cc2420_off
 .text.cc2420_cca
                0x0000000000006a34       0x5a contiki-z1.a(cc2420.o)
 .text.cc2420_read
                0x0000000000006a8e       0xac contiki-z1.a(cc2420.o)
 .text.process_thread_cc2420_process
                0x0000000000006b3a       0x50 contiki-z1.a(cc2420.o)
 .text.encrypt  0x0000000000006b8a       0x8c contiki-z1.a(cc2420.o)
 .text.cc2420_set_channel
                0x0000000000006c16       0x3a contiki-z1.a(cc2420.o)
                0x0000000000006c16                cc2420_set_channel
 .text.cc2420_set_pan_addr
                0x0000000000006c50       0x4c contiki-z1.a(cc2420.o)
                0x0000000000006c50                cc2420_set_pan_addr
 .text.cc2420_interrupt
                0x0000000000006c9c       0x18 contiki-z1.a(cc2420.o)
                0x0000000000006c9c                cc2420_interrupt
 .text.cc2420_set_txpower
                0x0000000000006cb4        0xe contiki-z1.a(cc2420.o)
                0x0000000000006cb4                cc2420_set_txpower
 .text.cc2420_get_txpower
                0x0000000000006cc2       0x1e contiki-z1.a(cc2420.o)
                0x0000000000006cc2                cc2420_get_txpower
 .text.cc2420_transmit
                0x0000000000006ce0      0x106 contiki-z1.a(cc2420.o)
 .text.cc2420_send
                0x0000000000006de6       0x12 contiki-z1.a(cc2420.o)
 .text.cc2420_rssi
                0x0000000000006df8       0x48 contiki-z1.a(cc2420.o)
                0x0000000000006df8                cc2420_rssi
 .text.get_value
                0x0000000000006e40       0xa6 contiki-z1.a(cc2420.o)
 .text.cc2420_set_cca_threshold
                0x0000000000006ee6       0x16 contiki-z1.a(cc2420.o)
                0x0000000000006ee6                cc2420_set_cca_threshold
 .text.set_value
                0x0000000000006efc       0x84 contiki-z1.a(cc2420.o)
 .text.cc2420_init
                0x0000000000006f80       0xde contiki-z1.a(cc2420.o)
                0x0000000000006f80                cc2420_init
 .text.cc2420_arch_init
                0x000000000000705e       0x1a contiki-z1.a(cc2420-arch.o)
                0x000000000000705e                cc2420_arch_init
 .text.node_id_restore
                0x0000000000007078       0x4c contiki-z1.a(node-id.o)
                0x0000000000007078                node_id_restore
 .text.process_thread_sensors_process
                0x00000000000070c4       0xbe contiki-z1.a(sensors.o)
 .text.sensors_changed
                0x0000000000007182       0x2a contiki-z1.a(sensors.o)
                0x0000000000007182                sensors_changed
 .text.status   0x00000000000071ac       0x16 contiki-z1.a(button-sensor.o)
 .text.configure
                0x00000000000071c2       0x52 contiki-z1.a(button-sensor.o)
 .text.value    0x0000000000007214       0x22 contiki-z1.a(button-sensor.o)
 .text.irq_p2   0x0000000000007236       0x76 contiki-z1.a(button-sensor.o)
                0x0000000000007236                irq_p2
                0x0000000000007236                __isr_19
 .text.uart0_active
                0x00000000000072ac        0xe contiki-z1.a(uart0.o)
                0x00000000000072ac                uart0_active
 .text.uart0_writeb
                0x00000000000072ba       0x18 contiki-z1.a(uart0.o)
                0x00000000000072ba                uart0_writeb
 .text.uart0_init
                0x00000000000072d2       0x46 contiki-z1.a(uart0.o)
                0x00000000000072d2                uart0_init
 .text.uart0_rx_interrupt
                0x0000000000007318       0x66 contiki-z1.a(uart0.o)
                0x0000000000007318                __isr_23
                0x0000000000007318                uart0_rx_interrupt
 .text.putchar  0x000000000000737e       0x10 contiki-z1.a(uart0-putchar.o)
                0x000000000000737e                putchar
 .text.accm_write_reg
                0x000000000000738e       0x2e contiki-z1.a(adxl345.o)
                0x000000000000738e                accm_write_reg
 .text.accm_write_stream
                0x00000000000073bc       0x2a contiki-z1.a(adxl345.o)
                0x00000000000073bc                accm_write_stream
 .text.accm_read_reg
                0x00000000000073e6       0x54 contiki-z1.a(adxl345.o)
                0x00000000000073e6                accm_read_reg
 .text.process_thread_accmeter_process
                0x000000000000743a       0x56 contiki-z1.a(adxl345.o)
 .text.accm_init
                0x0000000000007490       0x8a contiki-z1.a(adxl345.o)
                0x0000000000007490                accm_init
 .text.port1_isr
                0x000000000000751a       0xc4 contiki-z1.a(adxl345.o)
                0x000000000000751a                port1_isr
                0x000000000000751a                __isr_18
 .text.timera1  0x00000000000075de      0x10a contiki-z1.a(clock.o)
                0x00000000000075de                __isr_24
                0x00000000000075de                timera1
 .text.clock_time
                0x00000000000076e8       0x1a contiki-z1.a(clock.o)
                0x00000000000076e8                clock_time
 .text.clock_init
                0x0000000000007702       0x28 contiki-z1.a(clock.o)
                0x0000000000007702                clock_init
 .text.clock_delay
                0x000000000000772a        0xc contiki-z1.a(clock.o)
                0x000000000000772a                clock_delay
 .text.clock_wait
                0x0000000000007736       0x28 contiki-z1.a(clock.o)
                0x0000000000007736                clock_wait
 .text.clock_seconds
                0x000000000000775e       0x1a contiki-z1.a(clock.o)
                0x000000000000775e                clock_seconds
 .text.leds_arch_init
                0x0000000000007778        0xe contiki-z1.a(leds-arch.o)
                0x0000000000007778                leds_arch_init
 .text.leds_arch_set
                0x0000000000007786       0x3a contiki-z1.a(leds-arch.o)
                0x0000000000007786                leds_arch_set
 .text.rtimer_arch_init
                0x00000000000077c0        0xe contiki-z1.a(rtimer-arch.o)
                0x00000000000077c0                rtimer_arch_init
 .text.rtimer_arch_now
                0x00000000000077ce        0xe contiki-z1.a(rtimer-arch.o)
                0x00000000000077ce                rtimer_arch_now
 .text.timera0  0x00000000000077dc       0x5c contiki-z1.a(rtimer-arch.o)
                0x00000000000077dc                __isr_25
                0x00000000000077dc                timera0
 .text.rtimer_arch_schedule
                0x0000000000007838        0x6 contiki-z1.a(rtimer-arch.o)
                0x0000000000007838                rtimer_arch_schedule
 .text.autostart_start
                0x000000000000783e       0x16 contiki-z1.a(autostart.o)
                0x000000000000783e                autostart_start
 .text.process_thread_ctimer_process
                0x0000000000007854       0x9c contiki-z1.a(ctimer.o)
 .text.ctimer_init
                0x00000000000078f0       0x18 contiki-z1.a(ctimer.o)
                0x00000000000078f0                ctimer_init
 .text.ctimer_set
                0x0000000000007908       0x48 contiki-z1.a(ctimer.o)
                0x0000000000007908                ctimer_set
 .text.ctimer_reset
                0x0000000000007950       0x2c contiki-z1.a(ctimer.o)
                0x0000000000007950                ctimer_reset
 .text.ctimer_stop
                0x000000000000797c       0x28 contiki-z1.a(ctimer.o)
                0x000000000000797c                ctimer_stop
 .text.energest_init
                0x00000000000079a4       0x28 contiki-z1.a(energest.o)
                0x00000000000079a4                energest_init
 .text.energest_type_time
                0x00000000000079cc       0x3c contiki-z1.a(energest.o)
                0x00000000000079cc                energest_type_time
 .text.energest_type_set
                0x0000000000007a08        0xc contiki-z1.a(energest.o)
                0x0000000000007a08                energest_type_set
 .text.energest_flush
                0x0000000000007a14       0x38 contiki-z1.a(energest.o)
                0x0000000000007a14                energest_flush
 .text.update_time
                0x0000000000007a4c       0x70 contiki-z1.a(etimer.o)
 .text.etimer_request_poll
                0x0000000000007abc        0xa contiki-z1.a(etimer.o)
                0x0000000000007abc                etimer_request_poll
 .text.process_thread_etimer_process
                0x0000000000007ac6       0xc0 contiki-z1.a(etimer.o)
 .text.add_timer
                0x0000000000007b86       0x40 contiki-z1.a(etimer.o)
 .text.etimer_set
                0x0000000000007bc6       0x12 contiki-z1.a(etimer.o)
                0x0000000000007bc6                etimer_set
 .text.etimer_reset
                0x0000000000007bd8       0x12 contiki-z1.a(etimer.o)
                0x0000000000007bd8                etimer_reset
 .text.etimer_restart
                0x0000000000007bea       0x12 contiki-z1.a(etimer.o)
                0x0000000000007bea                etimer_restart
 .text.etimer_expired
                0x0000000000007bfc        0xe contiki-z1.a(etimer.o)
                0x0000000000007bfc                etimer_expired
 .text.etimer_expiration_time
                0x0000000000007c0a       0x14 contiki-z1.a(etimer.o)
                0x0000000000007c0a                etimer_expiration_time
 .text.etimer_pending
                0x0000000000007c1e        0xc contiki-z1.a(etimer.o)
                0x0000000000007c1e                etimer_pending
 .text.etimer_next_expiration_time
                0x0000000000007c2a       0x16 contiki-z1.a(etimer.o)
                0x0000000000007c2a                etimer_next_expiration_time
 .text.etimer_stop
                0x0000000000007c40       0x3c contiki-z1.a(etimer.o)
                0x0000000000007c40                etimer_stop
 .text.call_process
                0x0000000000007c7c       0x46 contiki-z1.a(process.o)
 .text.exit_process
                0x0000000000007cc2       0x8a contiki-z1.a(process.o)
 .text.do_poll  0x0000000000007d4c       0x30 contiki-z1.a(process.o)
 .text.process_alloc_event
                0x0000000000007d7c        0xe contiki-z1.a(process.o)
                0x0000000000007d7c                process_alloc_event
 .text.process_init
                0x0000000000007d8a       0x1c contiki-z1.a(process.o)
                0x0000000000007d8a                process_init
 .text.process_run
                0x0000000000007da6       0xa4 contiki-z1.a(process.o)
                0x0000000000007da6                process_run
 .text.process_nevents
                0x0000000000007e4a        0xe contiki-z1.a(process.o)
                0x0000000000007e4a                process_nevents
 .text.process_post
                0x0000000000007e58       0x50 contiki-z1.a(process.o)
                0x0000000000007e58                process_post
 .text.process_post_synch
                0x0000000000007ea8       0x12 contiki-z1.a(process.o)
                0x0000000000007ea8                process_post_synch
 .text.process_start
                0x0000000000007eba       0x32 contiki-z1.a(process.o)
                0x0000000000007eba                process_start
 .text.process_poll
                0x0000000000007eec       0x18 contiki-z1.a(process.o)
                0x0000000000007eec                process_poll
 .text.rtimer_init
                0x0000000000007f04        0x6 contiki-z1.a(rtimer.o)
                0x0000000000007f04                rtimer_init
 .text.rtimer_run_next
                0x0000000000007f0a       0x26 contiki-z1.a(rtimer.o)
                0x0000000000007f0a                rtimer_run_next
 .text.timer_set
                0x0000000000007f30       0x1c contiki-z1.a(timer.o)
                0x0000000000007f30                timer_set
 .text.timer_reset
                0x0000000000007f4c        0xe contiki-z1.a(timer.o)
                0x0000000000007f4c                timer_reset
 .text.timer_restart
                0x0000000000007f5a       0x14 contiki-z1.a(timer.o)
                0x0000000000007f5a                timer_restart
 .text.timer_expired
                0x0000000000007f6e       0x2a contiki-z1.a(timer.o)
                0x0000000000007f6e                timer_expired
 .text.list_init
                0x0000000000007f98        0x6 contiki-z1.a(list.o)
                0x0000000000007f98                list_init
 .text.list_head
                0x0000000000007f9e        0x4 contiki-z1.a(list.o)
                0x0000000000007f9e                list_head
 .text.list_tail
                0x0000000000007fa2       0x12 contiki-z1.a(list.o)
                0x0000000000007fa2                list_tail
 .text.list_remove
                0x0000000000007fb4       0x34 contiki-z1.a(list.o)
                0x0000000000007fb4                list_remove
 .text.list_push
                0x0000000000007fe8       0x16 contiki-z1.a(list.o)
                0x0000000000007fe8                list_push
 .text.list_add
                0x0000000000007ffe       0x26 contiki-z1.a(list.o)
                0x0000000000007ffe                list_add
 .text.list_length
                0x0000000000008024       0x10 contiki-z1.a(list.o)
                0x0000000000008024                list_length
 .text.list_item_next
                0x0000000000008034        0xc contiki-z1.a(list.o)
                0x0000000000008034                list_item_next
 .text.memb_init
                0x0000000000008040       0x36 contiki-z1.a(memb.o)
                0x0000000000008040                memb_init
 .text.memb_alloc
                0x0000000000008076       0x3e contiki-z1.a(memb.o)
                0x0000000000008076                memb_alloc
 .text.memb_free
                0x00000000000080b4       0x3a contiki-z1.a(memb.o)
                0x00000000000080b4                memb_free
 .text.memb_inmemb
                0x00000000000080ee       0x2e contiki-z1.a(memb.o)
                0x00000000000080ee                memb_inmemb
 .text.memb_numfree
                0x000000000000811c       0x26 contiki-z1.a(memb.o)
                0x000000000000811c                memb_numfree
 .text.random_rand
                0x0000000000008142        0x6 contiki-z1.a(random.o)
                0x0000000000008142                random_rand
 .text.set_packet_attrs
                0x0000000000008148       0x44 contiki-z1.a(sicslowpan.o)
 .text.addr_context_lookup_by_number
                0x000000000000818c       0x34 contiki-z1.a(sicslowpan.o)
 .text.compress_addr_64
                0x00000000000081c0       0xaa contiki-z1.a(sicslowpan.o)
 .text.uncompress_addr
                0x000000000000826a       0x96 contiki-z1.a(sicslowpan.o)
 .text.input    0x0000000000008300      0x5f0 contiki-z1.a(sicslowpan.o)
 .text.sicslowpan_init
                0x00000000000088f0       0x26 contiki-z1.a(sicslowpan.o)
                0x00000000000088f0                sicslowpan_init
 .text.addr_context_lookup_by_prefix
                0x0000000000008916       0x4a contiki-z1.a(sicslowpan.o)
 .text.send_packet
                0x0000000000008960       0x1a contiki-z1.a(sicslowpan.o)
 .text.output   0x000000000000897a      0x696 contiki-z1.a(sicslowpan.o)
 .text.packet_sent
                0x0000000000009010       0x22 contiki-z1.a(sicslowpan.o)
 .text.chksum   0x0000000000009032       0x32 contiki-z1.a(uip6.o)
 .text.upper_layer_chksum
                0x0000000000009064       0x56 contiki-z1.a(uip6.o)
 .text.ext_hdr_options_process
                0x00000000000090ba       0xcc contiki-z1.a(uip6.o)
 .text.uip_icmp6chksum
                0x0000000000009186        0xa contiki-z1.a(uip6.o)
                0x0000000000009186                uip_icmp6chksum
 .text.uip_udpchksum
                0x0000000000009190        0xa contiki-z1.a(uip6.o)
                0x0000000000009190                uip_udpchksum
 .text.uip_init
                0x000000000000919a       0x36 contiki-z1.a(uip6.o)
                0x000000000000919a                uip_init
 .text.remove_ext_hdr
                0x00000000000091d0       0x56 contiki-z1.a(uip6.o)
                0x00000000000091d0                remove_ext_hdr
 .text.uip_udp_new
                0x0000000000009226       0xc4 contiki-z1.a(uip6.o)
                0x0000000000009226                uip_udp_new
 .text.uip_process
                0x00000000000092ea      0x4a2 contiki-z1.a(uip6.o)
                0x00000000000092ea                uip_process
 .text.uip_htonl
                0x000000000000978c       0x2a contiki-z1.a(uip6.o)
                0x000000000000978c                uip_htonl
 .text.uip_ds6_list_loop
                0x00000000000097b6       0x66 contiki-z1.a(uip-ds6.o)
                0x00000000000097b6                uip_ds6_list_loop
 .text.uip_ds6_prefix_add
                0x000000000000981c       0x70 contiki-z1.a(uip-ds6.o)
                0x000000000000981c                uip_ds6_prefix_add
 .text.uip_ds6_is_addr_onlink
                0x000000000000988c       0x42 contiki-z1.a(uip-ds6.o)
                0x000000000000988c                uip_ds6_is_addr_onlink
 .text.uip_ds6_addr_lookup
                0x00000000000098ce       0x2a contiki-z1.a(uip-ds6.o)
                0x00000000000098ce                uip_ds6_addr_lookup
 .text.uip_ds6_get_link_local
                0x00000000000098f8       0x3e contiki-z1.a(uip-ds6.o)
                0x00000000000098f8                uip_ds6_get_link_local
 .text.uip_ds6_maddr_add
                0x0000000000009936       0x48 contiki-z1.a(uip-ds6.o)
                0x0000000000009936                uip_ds6_maddr_add
 .text.uip_ds6_addr_add
                0x000000000000997e       0xb4 contiki-z1.a(uip-ds6.o)
                0x000000000000997e                uip_ds6_addr_add
 .text.uip_ds6_maddr_lookup
                0x0000000000009a32       0x2a contiki-z1.a(uip-ds6.o)
                0x0000000000009a32                uip_ds6_maddr_lookup
 .text.uip_ds6_addr_rm
                0x0000000000009a5c       0x54 contiki-z1.a(uip-ds6.o)
                0x0000000000009a5c                uip_ds6_addr_rm
 .text.uip_ds6_periodic
                0x0000000000009ab0       0x4a contiki-z1.a(uip-ds6.o)
                0x0000000000009ab0                uip_ds6_periodic
 .text.uip_ds6_set_addr_iid
                0x0000000000009afa       0x14 contiki-z1.a(uip-ds6.o)
                0x0000000000009afa                uip_ds6_set_addr_iid
 .text.get_match_length
                0x0000000000009b0e       0x3a contiki-z1.a(uip-ds6.o)
                0x0000000000009b0e                get_match_length
 .text.uip_ds6_select_src
                0x0000000000009b48       0x9a contiki-z1.a(uip-ds6.o)
                0x0000000000009b48                uip_ds6_select_src
 .text.uip_ds6_compute_reachable_time
                0x0000000000009be2       0x36 contiki-z1.a(uip-ds6.o)
                0x0000000000009be2                uip_ds6_compute_reachable_time
 .text.uip_ds6_init
                0x0000000000009c18      0x138 contiki-z1.a(uip-ds6.o)
                0x0000000000009c18                uip_ds6_init
 .text.uip_ds6_nbr_rm
                0x0000000000009d50       0x1a contiki-z1.a(uip-ds6-nbr.o)
                0x0000000000009d50                uip_ds6_nbr_rm
 .text.uip_ds6_neighbors_init
                0x0000000000009d6a        0xe contiki-z1.a(uip-ds6-nbr.o)
                0x0000000000009d6a                uip_ds6_neighbors_init
 .text.uip_ds6_nbr_add
                0x0000000000009d78       0x54 contiki-z1.a(uip-ds6-nbr.o)
                0x0000000000009d78                uip_ds6_nbr_add
 .text.uip_ds6_nbr_get_ll
                0x0000000000009dcc        0xc contiki-z1.a(uip-ds6-nbr.o)
                0x0000000000009dcc                uip_ds6_nbr_get_ll
 .text.uip_ds6_nbr_lookup
                0x0000000000009dd8       0x3e contiki-z1.a(uip-ds6-nbr.o)
                0x0000000000009dd8                uip_ds6_nbr_lookup
 .text.uip_ds6_nbr_ll_lookup
                0x0000000000009e16        0xc contiki-z1.a(uip-ds6-nbr.o)
                0x0000000000009e16                uip_ds6_nbr_ll_lookup
 .text.uip_ds6_nbr_ipaddr_from_lladdr
                0x0000000000009e22        0x6 contiki-z1.a(uip-ds6-nbr.o)
                0x0000000000009e22                uip_ds6_nbr_ipaddr_from_lladdr
 .text.uip_ds6_nbr_lladdr_from_ipaddr
                0x0000000000009e28       0x12 contiki-z1.a(uip-ds6-nbr.o)
                0x0000000000009e28                uip_ds6_nbr_lladdr_from_ipaddr
 .text.uip_ds6_link_neighbor_callback
                0x0000000000009e3a       0x26 contiki-z1.a(uip-ds6-nbr.o)
                0x0000000000009e3a                uip_ds6_link_neighbor_callback
 .text.uip_ds6_neighbor_periodic
                0x0000000000009e60      0x11c contiki-z1.a(uip-ds6-nbr.o)
                0x0000000000009e60                uip_ds6_neighbor_periodic
 .text.call_route_callback
                0x0000000000009f7c       0x40 contiki-z1.a(uip-ds6-route.o)
 .text.uip_ds6_route_init
                0x0000000000009fbc       0x36 contiki-z1.a(uip-ds6-route.o)
                0x0000000000009fbc                uip_ds6_route_init
 .text.uip_ds6_route_nexthop
                0x0000000000009ff2       0x1a contiki-z1.a(uip-ds6-route.o)
                0x0000000000009ff2                uip_ds6_route_nexthop
 .text.uip_ds6_route_head
                0x000000000000a00c        0xa contiki-z1.a(uip-ds6-route.o)
                0x000000000000a00c                uip_ds6_route_head
 .text.uip_ds6_route_next
                0x000000000000a016        0xe contiki-z1.a(uip-ds6-route.o)
                0x000000000000a016                uip_ds6_route_next
 .text.uip_ds6_route_lookup
                0x000000000000a024       0x6e contiki-z1.a(uip-ds6-route.o)
                0x000000000000a024                uip_ds6_route_lookup
 .text.uip_ds6_route_rm
                0x000000000000a092       0xa0 contiki-z1.a(uip-ds6-route.o)
                0x000000000000a092                uip_ds6_route_rm
 .text.rm_routelist
                0x000000000000a132       0x34 contiki-z1.a(uip-ds6-route.o)
 .text.rm_routelist_callback
                0x000000000000a166        0x6 contiki-z1.a(uip-ds6-route.o)
 .text.uip_ds6_route_add
                0x000000000000a16c       0xf8 contiki-z1.a(uip-ds6-route.o)
                0x000000000000a16c                uip_ds6_route_add
 .text.uip_ds6_defrt_rm
                0x000000000000a264       0x44 contiki-z1.a(uip-ds6-route.o)
                0x000000000000a264                uip_ds6_defrt_rm
 .text.uip_ds6_defrt_lookup
                0x000000000000a2a8       0x32 contiki-z1.a(uip-ds6-route.o)
                0x000000000000a2a8                uip_ds6_defrt_lookup
 .text.uip_ds6_defrt_add
                0x000000000000a2da       0x68 contiki-z1.a(uip-ds6-route.o)
                0x000000000000a2da                uip_ds6_defrt_add
 .text.uip_ds6_defrt_choose
                0x000000000000a342       0x36 contiki-z1.a(uip-ds6-route.o)
                0x000000000000a342                uip_ds6_defrt_choose
 .text.uip_ds6_defrt_periodic
                0x000000000000a378       0x38 contiki-z1.a(uip-ds6-route.o)
                0x000000000000a378                uip_ds6_defrt_periodic
 .text.echo_reply_input
                0x000000000000a3b0      0x10a contiki-z1.a(uip-icmp6.o)
 .text.echo_request_input
                0x000000000000a4ba      0x128 contiki-z1.a(uip-icmp6.o)
 .text.uip_icmp6_input
                0x000000000000a5e2       0x40 contiki-z1.a(uip-icmp6.o)
                0x000000000000a5e2                uip_icmp6_input
 .text.uip_icmp6_register_input_handler
                0x000000000000a622        0xc contiki-z1.a(uip-icmp6.o)
                0x000000000000a622                uip_icmp6_register_input_handler
 .text.uip_icmp6_error_output
                0x000000000000a62e      0x166 contiki-z1.a(uip-icmp6.o)
                0x000000000000a62e                uip_icmp6_error_output
 .text.uip_icmp6_send
                0x000000000000a794       0x86 contiki-z1.a(uip-icmp6.o)
                0x000000000000a794                uip_icmp6_send
 .text.uip_icmp6_init
                0x000000000000a81a       0x12 contiki-z1.a(uip-icmp6.o)
                0x000000000000a81a                uip_icmp6_init
 .text.na_input
                0x000000000000a82c      0x19c contiki-z1.a(uip-nd6.o)
 .text.create_llao
                0x000000000000a9c8       0x2c contiki-z1.a(uip-nd6.o)
 .text.ns_input
                0x000000000000a9f4      0x228 contiki-z1.a(uip-nd6.o)
 .text.uip_nd6_ns_output
                0x000000000000ac1c      0x154 contiki-z1.a(uip-nd6.o)
                0x000000000000ac1c                uip_nd6_ns_output
 .text.uip_nd6_init
                0x000000000000ad70       0x12 contiki-z1.a(uip-nd6.o)
                0x000000000000ad70                uip_nd6_init
 .text.tcpip_output
                0x000000000000ad82       0x10 contiki-z1.a(tcpip.o)
                0x000000000000ad82                tcpip_output
 .text.tcpip_set_outputfunc
                0x000000000000ad92        0x6 contiki-z1.a(tcpip.o)
                0x000000000000ad92                tcpip_set_outputfunc
 .text.udp_new  0x000000000000ad98       0x1a contiki-z1.a(tcpip.o)
                0x000000000000ad98                udp_new
 .text.tcpip_input
                0x000000000000adb2       0x16 contiki-z1.a(tcpip.o)
                0x000000000000adb2                tcpip_input
 .text.tcpip_ipv6_output
                0x000000000000adc8      0x144 contiki-z1.a(tcpip.o)
                0x000000000000adc8                tcpip_ipv6_output
 .text.process_thread_tcpip_process
                0x000000000000af0c       0xcc contiki-z1.a(tcpip.o)
 .text.tcpip_uipcall
                0x000000000000afd8       0x2a contiki-z1.a(tcpip.o)
                0x000000000000afd8                tcpip_uipcall
 .text.uip_debug_ipaddr_print
                0x000000000000b002       0x70 contiki-z1.a(uip-debug.o)
                0x000000000000b002                uip_debug_ipaddr_print
 .text.uip_udp_packet_send
                0x000000000000b072       0x2e contiki-z1.a(uip-udp-packet.)
                0x000000000000b072                uip_udp_packet_send
 .text.rpl_get_mode
                0x000000000000b0a0        0x6 contiki-z1.a(rpl.o)
                0x000000000000b0a0                rpl_get_mode
 .text.rpl_purge_routes
                0x000000000000b0a6       0x96 contiki-z1.a(rpl.o)
                0x000000000000b0a6                rpl_purge_routes
 .text.rpl_remove_routes
                0x000000000000b13c       0x22 contiki-z1.a(rpl.o)
                0x000000000000b13c                rpl_remove_routes
 .text.rpl_remove_routes_by_nexthop
                0x000000000000b15e       0x3e contiki-z1.a(rpl.o)
                0x000000000000b15e                rpl_remove_routes_by_nexthop
 .text.rpl_add_route
                0x000000000000b19c       0x40 contiki-z1.a(rpl.o)
                0x000000000000b19c                rpl_add_route
 .text.rpl_link_neighbor_callback
                0x000000000000b1dc       0x74 contiki-z1.a(rpl.o)
                0x000000000000b1dc                rpl_link_neighbor_callback
 .text.rpl_ipv6_neighbor_callback
                0x000000000000b250       0x1e contiki-z1.a(rpl.o)
                0x000000000000b250                rpl_ipv6_neighbor_callback
 .text.rpl_init
                0x000000000000b26e       0x4a contiki-z1.a(rpl.o)
                0x000000000000b26e                rpl_init
 .text.lollipop_greater_than
                0x000000000000b2b8       0x44 contiki-z1.a(rpl-dag.o)
 .text.acceptable_rank
                0x000000000000b2fc       0x44 contiki-z1.a(rpl-dag.o)
 .text.find_parent_any_dag_any_instance
                0x000000000000b340       0x14 contiki-z1.a(rpl-dag.o)
 .text.rpl_set_preferred_parent
                0x000000000000b354       0x2c contiki-z1.a(rpl-dag.o)
 .text.set_ip_from_prefix
                0x000000000000b380       0x30 contiki-z1.a(rpl-dag.o)
 .text.check_prefix
                0x000000000000b3b0       0x70 contiki-z1.a(rpl-dag.o)
 .text.rpl_get_nbr
                0x000000000000b420       0x1e contiki-z1.a(rpl-dag.o)
                0x000000000000b420                rpl_get_nbr
 .text.rpl_dag_init
                0x000000000000b43e        0xe contiki-z1.a(rpl-dag.o)
                0x000000000000b43e                rpl_dag_init
 .text.rpl_get_parent
                0x000000000000b44c        0xc contiki-z1.a(rpl-dag.o)
                0x000000000000b44c                rpl_get_parent
 .text.rpl_get_parent_ipaddr
                0x000000000000b458       0x10 contiki-z1.a(rpl-dag.o)
                0x000000000000b458                rpl_get_parent_ipaddr
 .text.rpl_set_prefix
                0x000000000000b468       0x74 contiki-z1.a(rpl-dag.o)
                0x000000000000b468                rpl_set_prefix
 .text.rpl_set_default_route
                0x000000000000b4dc       0x56 contiki-z1.a(rpl-dag.o)
                0x000000000000b4dc                rpl_set_default_route
 .text.rpl_alloc_instance
                0x000000000000b532       0x34 contiki-z1.a(rpl-dag.o)
                0x000000000000b532                rpl_alloc_instance
 .text.rpl_add_parent
                0x000000000000b566       0x4e contiki-z1.a(rpl-dag.o)
                0x000000000000b566                rpl_add_parent
 .text.rpl_find_parent
                0x000000000000b5b4       0x1a contiki-z1.a(rpl-dag.o)
                0x000000000000b5b4                rpl_find_parent
 .text.rpl_find_parent_any_dag
                0x000000000000b5ce       0x22 contiki-z1.a(rpl-dag.o)
                0x000000000000b5ce                rpl_find_parent_any_dag
 .text.rpl_select_parent
                0x000000000000b5f0       0x76 contiki-z1.a(rpl-dag.o)
                0x000000000000b5f0                rpl_select_parent
 .text.rpl_select_dag
                0x000000000000b666      0x172 contiki-z1.a(rpl-dag.o)
                0x000000000000b666                rpl_select_dag
 .text.rpl_nullify_parent
                0x000000000000b7d8       0x50 contiki-z1.a(rpl-dag.o)
                0x000000000000b7d8                rpl_nullify_parent
 .text.rpl_remove_parent
                0x000000000000b828       0x16 contiki-z1.a(rpl-dag.o)
                0x000000000000b828                rpl_remove_parent
 .text.nbr_callback
                0x000000000000b83e        0x6 contiki-z1.a(rpl-dag.o)
 .text.remove_parents.constprop.2
                0x000000000000b844       0x2e contiki-z1.a(rpl-dag.o)
 .text.rpl_move_parent
                0x000000000000b872       0x52 contiki-z1.a(rpl-dag.o)
                0x000000000000b872                rpl_move_parent
 .text.rpl_get_any_dag
                0x000000000000b8c4       0x18 contiki-z1.a(rpl-dag.o)
                0x000000000000b8c4                rpl_get_any_dag
 .text.rpl_get_instance
                0x000000000000b8dc       0x1a contiki-z1.a(rpl-dag.o)
                0x000000000000b8dc                rpl_get_instance
 .text.rpl_alloc_dag
                0x000000000000b8f6       0x5c contiki-z1.a(rpl-dag.o)
                0x000000000000b8f6                rpl_alloc_dag
 .text.rpl_repair_root
                0x000000000000b952       0x50 contiki-z1.a(rpl-dag.o)
                0x000000000000b952                rpl_repair_root
 .text.rpl_find_of
                0x000000000000b9a2       0x10 contiki-z1.a(rpl-dag.o)
                0x000000000000b9a2                rpl_find_of
 .text.rpl_join_instance
                0x000000000000b9b2      0x128 contiki-z1.a(rpl-dag.o)
                0x000000000000b9b2                rpl_join_instance
 .text.rpl_local_repair
                0x000000000000bada       0x64 contiki-z1.a(rpl-dag.o)
                0x000000000000bada                rpl_local_repair
 .text.rpl_process_parent_event
                0x000000000000bb3e       0x46 contiki-z1.a(rpl-dag.o)
                0x000000000000bb3e                rpl_process_parent_event
 .text.rpl_recalculate_ranks
                0x000000000000bb84       0x48 contiki-z1.a(rpl-dag.o)
                0x000000000000bb84                rpl_recalculate_ranks
 .text.rpl_add_dag
                0x000000000000bbcc      0x102 contiki-z1.a(rpl-dag.o)
                0x000000000000bbcc                rpl_add_dag
 .text.rpl_process_dio
                0x000000000000bcce      0x2ca contiki-z1.a(rpl-dag.o)
                0x000000000000bcce                rpl_process_dio
 .text.rpl_lock_parent
                0x000000000000bf98        0xc contiki-z1.a(rpl-dag.o)
                0x000000000000bf98                rpl_lock_parent
 .text.rpl_verify_header
                0x000000000000bfa4       0xb2 contiki-z1.a(rpl-ext-header.)
                0x000000000000bfa4                rpl_verify_header
 .text.rpl_update_header_empty
                0x000000000000c056      0x122 contiki-z1.a(rpl-ext-header.)
                0x000000000000c056                rpl_update_header_empty
 .text.rpl_update_header_final
                0x000000000000c178       0x94 contiki-z1.a(rpl-ext-header.)
                0x000000000000c178                rpl_update_header_final
 .text.rpl_invert_header
                0x000000000000c20c       0x72 contiki-z1.a(rpl-ext-header.)
                0x000000000000c20c                rpl_invert_header
 .text.rpl_insert_header
                0x000000000000c27e       0x12 contiki-z1.a(rpl-ext-header.)
                0x000000000000c27e                rpl_insert_header
 .text.get32    0x000000000000c290       0x3e contiki-z1.a(rpl-icmp6.o)
 .text.set32    0x000000000000c2ce       0x2a contiki-z1.a(rpl-icmp6.o)
 .text.get16    0x000000000000c2f8        0xe contiki-z1.a(rpl-icmp6.o)
 .text.set16    0x000000000000c306       0x10 contiki-z1.a(rpl-icmp6.o)
 .text.dao_ack_input
                0x000000000000c316        0x6 contiki-z1.a(rpl-icmp6.o)
 .text.dio_input
                0x000000000000c31c      0x2aa contiki-z1.a(rpl-icmp6.o)
 .text.dis_output
                0x000000000000c5c6       0x50 contiki-z1.a(rpl-icmp6.o)
                0x000000000000c5c6                dis_output
 .text.dio_output
                0x000000000000c616      0x242 contiki-z1.a(rpl-icmp6.o)
                0x000000000000c616                dio_output
 .text.dis_input
                0x000000000000c858       0x28 contiki-z1.a(rpl-icmp6.o)
 .text.dao_output_target
                0x000000000000c880       0xd2 contiki-z1.a(rpl-icmp6.o)
                0x000000000000c880                dao_output_target
 .text.dao_output
                0x000000000000c952       0x6a contiki-z1.a(rpl-icmp6.o)
                0x000000000000c952                dao_output
 .text.dao_ack_output
                0x000000000000c9bc       0x32 contiki-z1.a(rpl-icmp6.o)
                0x000000000000c9bc                dao_ack_output
 .text.dao_input
                0x000000000000c9ee      0x286 contiki-z1.a(rpl-icmp6.o)
 .text.rpl_icmp6_register_handlers
                0x000000000000cc74       0x22 contiki-z1.a(rpl-icmp6.o)
                0x000000000000cc74                rpl_icmp6_register_handlers
 .text.reset    0x000000000000cc96        0x2 contiki-z1.a(rpl-mrhof.o)
 .text.update_metric_container
                0x000000000000cc98        0x6 contiki-z1.a(rpl-mrhof.o)
 .text.calculate_rank
                0x000000000000cc9e       0x3a contiki-z1.a(rpl-mrhof.o)
 .text.best_parent
                0x000000000000ccd8       0x68 contiki-z1.a(rpl-mrhof.o)
 .text.neighbor_link_callback
                0x000000000000cd40       0x92 contiki-z1.a(rpl-mrhof.o)
 .text.best_dag
                0x000000000000cdd2       0x34 contiki-z1.a(rpl-mrhof.o)
 .text.new_dio_interval
                0x000000000000ce06       0x8a contiki-z1.a(rpl-timers.o)
 .text.handle_periodic_timer
                0x000000000000ce90       0x2e contiki-z1.a(rpl-timers.o)
 .text.set_dao_lifetime_timer
                0x000000000000cebe       0x52 contiki-z1.a(rpl-timers.o)
 .text.schedule_dao
                0x000000000000cf10       0x72 contiki-z1.a(rpl-timers.o)
 .text.handle_dio_timer
                0x000000000000cf82       0x88 contiki-z1.a(rpl-timers.o)
 .text.handle_dao_timer
                0x000000000000d00a       0x64 contiki-z1.a(rpl-timers.o)
 .text.rpl_reset_periodic_timer
                0x000000000000d06e       0x5c contiki-z1.a(rpl-timers.o)
                0x000000000000d06e                rpl_reset_periodic_timer
 .text.rpl_reset_dio_timer
                0x000000000000d0ca       0x18 contiki-z1.a(rpl-timers.o)
                0x000000000000d0ca                rpl_reset_dio_timer
 .text.rpl_schedule_dao
                0x000000000000d0e2        0xc contiki-z1.a(rpl-timers.o)
                0x000000000000d0e2                rpl_schedule_dao
 .text.rpl_schedule_probing
                0x000000000000d0ee       0x34 contiki-z1.a(rpl-timers.o)
                0x000000000000d0ee                rpl_schedule_probing
 .text.handle_probing_timer
                0x000000000000d122      0x10c contiki-z1.a(rpl-timers.o)
 .text.linkaddr_copy
                0x000000000000d22e        0x8 contiki-z1.a(linkaddr.o)
                0x000000000000d22e                linkaddr_copy
 .text.linkaddr_cmp
                0x000000000000d236       0x12 contiki-z1.a(linkaddr.o)
                0x000000000000d236                linkaddr_cmp
 .text.linkaddr_set_node_addr
                0x000000000000d248        0xc contiki-z1.a(linkaddr.o)
                0x000000000000d248                linkaddr_set_node_addr
 .text.index_from_key
                0x000000000000d254       0x44 contiki-z1.a(nbr-table.o)
 .text.item_from_key
                0x000000000000d298       0x34 contiki-z1.a(nbr-table.o)
 .text.nbr_set_bit
                0x000000000000d2cc       0x76 contiki-z1.a(nbr-table.o)
 .text.index_from_lladdr
                0x000000000000d342       0x3e contiki-z1.a(nbr-table.o)
 .text.nbr_get_bit.constprop.0
                0x000000000000d380       0x5a contiki-z1.a(nbr-table.o)
 .text.nbr_table_register
                0x000000000000d3da       0x26 contiki-z1.a(nbr-table.o)
                0x000000000000d3da                nbr_table_register
 .text.nbr_table_next
                0x000000000000d400       0x78 contiki-z1.a(nbr-table.o)
                0x000000000000d400                nbr_table_next
 .text.nbr_table_head
                0x000000000000d478       0x32 contiki-z1.a(nbr-table.o)
                0x000000000000d478                nbr_table_head
 .text.nbr_table_add_lladdr
                0x000000000000d4aa      0x12c contiki-z1.a(nbr-table.o)
                0x000000000000d4aa                nbr_table_add_lladdr
 .text.nbr_table_get_from_lladdr
                0x000000000000d5d6       0x44 contiki-z1.a(nbr-table.o)
                0x000000000000d5d6                nbr_table_get_from_lladdr
 .text.nbr_table_remove
                0x000000000000d61a       0x2a contiki-z1.a(nbr-table.o)
                0x000000000000d61a                nbr_table_remove
 .text.nbr_table_lock
                0x000000000000d644       0x10 contiki-z1.a(nbr-table.o)
                0x000000000000d644                nbr_table_lock
 .text.nbr_table_unlock
                0x000000000000d654       0x10 contiki-z1.a(nbr-table.o)
                0x000000000000d654                nbr_table_unlock
 .text.nbr_table_get_lladdr
                0x000000000000d664       0x54 contiki-z1.a(nbr-table.o)
                0x000000000000d664                nbr_table_get_lladdr
 .text.packetbuf_compact
                0x000000000000d6b8       0x2e contiki-z1.a(packetbuf.o)
                0x000000000000d6b8                packetbuf_compact
 .text.packetbuf_copyto
                0x000000000000d6e6       0x46 contiki-z1.a(packetbuf.o)
                0x000000000000d6e6                packetbuf_copyto
 .text.packetbuf_hdrreduce
                0x000000000000d72c       0x1a contiki-z1.a(packetbuf.o)
                0x000000000000d72c                packetbuf_hdrreduce
 .text.packetbuf_set_datalen
                0x000000000000d746        0x6 contiki-z1.a(packetbuf.o)
                0x000000000000d746                packetbuf_set_datalen
 .text.packetbuf_dataptr
                0x000000000000d74c        0xe contiki-z1.a(packetbuf.o)
                0x000000000000d74c                packetbuf_dataptr
 .text.packetbuf_hdrptr
                0x000000000000d75a        0xa contiki-z1.a(packetbuf.o)
                0x000000000000d75a                packetbuf_hdrptr
 .text.packetbuf_datalen
                0x000000000000d764        0x6 contiki-z1.a(packetbuf.o)
                0x000000000000d764                packetbuf_datalen
 .text.packetbuf_hdrlen
                0x000000000000d76a       0x10 contiki-z1.a(packetbuf.o)
                0x000000000000d76a                packetbuf_hdrlen
 .text.packetbuf_totlen
                0x000000000000d77a        0xc contiki-z1.a(packetbuf.o)
                0x000000000000d77a                packetbuf_totlen
 .text.packetbuf_hdralloc
                0x000000000000d786       0x2a contiki-z1.a(packetbuf.o)
                0x000000000000d786                packetbuf_hdralloc
 .text.packetbuf_attr_clear
                0x000000000000d7b0       0x28 contiki-z1.a(packetbuf.o)
                0x000000000000d7b0                packetbuf_attr_clear
 .text.packetbuf_clear
                0x000000000000d7d8       0x1a contiki-z1.a(packetbuf.o)
                0x000000000000d7d8                packetbuf_clear
 .text.packetbuf_copyfrom
                0x000000000000d7f2       0x2a contiki-z1.a(packetbuf.o)
                0x000000000000d7f2                packetbuf_copyfrom
 .text.packetbuf_attr_copyto
                0x000000000000d81c       0x22 contiki-z1.a(packetbuf.o)
                0x000000000000d81c                packetbuf_attr_copyto
 .text.packetbuf_attr_copyfrom
                0x000000000000d83e       0x24 contiki-z1.a(packetbuf.o)
                0x000000000000d83e                packetbuf_attr_copyfrom
 .text.packetbuf_holds_broadcast
                0x000000000000d862        0xe contiki-z1.a(packetbuf.o)
                0x000000000000d862                packetbuf_holds_broadcast
 .text.queuebuf_init
                0x000000000000d870       0x12 contiki-z1.a(queuebuf.o)
                0x000000000000d870                queuebuf_init
 .text.queuebuf_numfree
                0x000000000000d882        0xa contiki-z1.a(queuebuf.o)
                0x000000000000d882                queuebuf_numfree
 .text.queuebuf_new_from_packetbuf
                0x000000000000d88c       0x60 contiki-z1.a(queuebuf.o)
                0x000000000000d88c                queuebuf_new_from_packetbuf
 .text.queuebuf_free
                0x000000000000d8ec       0x2a contiki-z1.a(queuebuf.o)
                0x000000000000d8ec                queuebuf_free
 .text.queuebuf_to_packetbuf
                0x000000000000d916       0x32 contiki-z1.a(queuebuf.o)
                0x000000000000d916                queuebuf_to_packetbuf
 .text.parse    0x000000000000d948       0xa0 contiki-z1.a(framer-802154.o)
 .text.create_frame.isra.0
                0x000000000000d9e8      0x104 contiki-z1.a(framer-802154.o)
 .text.create   0x000000000000daec        0x8 contiki-z1.a(framer-802154.o)
 .text.hdr_length
                0x000000000000daf4        0x8 contiki-z1.a(framer-802154.o)
 .text.framer_canonical_create_and_secure
                0x000000000000dafc       0x20 contiki-z1.a(framer.o)
                0x000000000000dafc                framer_canonical_create_and_secure
 .text.send_packet
                0x000000000000db1c        0x6 contiki-z1.a(nullmac.o)
 .text.packet_input
                0x000000000000db22        0x6 contiki-z1.a(nullmac.o)
 .text.on       0x000000000000db28        0x6 contiki-z1.a(nullmac.o)
 .text.off      0x000000000000db2e        0x6 contiki-z1.a(nullmac.o)
 .text.channel_check_interval
                0x000000000000db34        0x4 contiki-z1.a(nullmac.o)
 .text.init     0x000000000000db38        0x2 contiki-z1.a(nullmac.o)
 .text.on       0x000000000000db3a        0x6 contiki-z1.a(nullrdc.o)
 .text.channel_check_interval
                0x000000000000db40        0x4 contiki-z1.a(nullrdc.o)
 .text.init     0x000000000000db44        0x6 contiki-z1.a(nullrdc.o)
 .text.send_one_packet
                0x000000000000db4a       0x62 contiki-z1.a(nullrdc.o)
 .text.send_list
                0x000000000000dbac       0x28 contiki-z1.a(nullrdc.o)
 .text.send_packet
                0x000000000000dbd4        0x6 contiki-z1.a(nullrdc.o)
 .text.off      0x000000000000dbda       0x10 contiki-z1.a(nullrdc.o)
 .text.packet_input
                0x000000000000dbea       0x26 contiki-z1.a(nullrdc.o)
 .text.bootstrap
                0x000000000000dc10        0x4 contiki-z1.a(nullsec.o)
 .text.send     0x000000000000dc14        0xa contiki-z1.a(nullsec.o)
 .text.on_frame_created
                0x000000000000dc1e        0x4 contiki-z1.a(nullsec.o)
 .text.input    0x000000000000dc22        0x6 contiki-z1.a(nullsec.o)
 .text.get_overhead
                0x000000000000dc28        0x4 contiki-z1.a(nullsec.o)
 .text.i2c_receiveinit
                0x000000000000dc2c       0x38 contiki-z1.a(i2cmaster.o)
                0x000000000000dc2c                i2c_receiveinit
 .text.i2c_transmitinit
                0x000000000000dc64       0x32 contiki-z1.a(i2cmaster.o)
                0x000000000000dc64                i2c_transmitinit
 .text.i2c_receive_n
                0x000000000000dc96       0x44 contiki-z1.a(i2cmaster.o)
                0x000000000000dc96                i2c_receive_n
 .text.i2c_busy
                0x000000000000dcda        0xa contiki-z1.a(i2cmaster.o)
                0x000000000000dcda                i2c_busy
 .text.i2c_enable
                0x000000000000dce4       0x24 contiki-z1.a(i2cmaster.o)
                0x000000000000dce4                i2c_enable
 .text.i2c_transmit_n
                0x000000000000dd08       0x14 contiki-z1.a(i2cmaster.o)
                0x000000000000dd08                i2c_transmit_n
 .text.i2c_tx_interrupt
                0x000000000000dd1c       0x8a contiki-z1.a(i2cmaster.o)
                0x000000000000dd1c                __isr_16
                0x000000000000dd1c                i2c_tx_interrupt
 .text.i2c_rx_interrupt
                0x000000000000dda6       0x18 contiki-z1.a(i2cmaster.o)
                0x000000000000dda6                i2c_rx_interrupt
                0x000000000000dda6                __isr_17
 .text.stimer_set
                0x000000000000ddbe       0x1c contiki-z1.a(stimer.o)
                0x000000000000ddbe                stimer_set
 .text.stimer_expired
                0x000000000000ddda       0x30 contiki-z1.a(stimer.o)
                0x000000000000ddda                stimer_expired
 .text.field_len
                0x000000000000de0a       0x94 contiki-z1.a(frame802154.o)
 .text.frame802154_hdrlen
                0x000000000000de9e       0x2e contiki-z1.a(frame802154.o)
                0x000000000000de9e                frame802154_hdrlen
 .text.frame802154_create
                0x000000000000decc      0x112 contiki-z1.a(frame802154.o)
                0x000000000000decc                frame802154_create
 .text.frame802154_parse
                0x000000000000dfde      0x186 contiki-z1.a(frame802154.o)
                0x000000000000dfde                frame802154_parse
 .text.mac_call_sent_callback
                0x000000000000e164       0x14 contiki-z1.a(mac.o)
                0x000000000000e164                mac_call_sent_callback
 .text.libgcc   0x000000000000e178       0x2a /usr/lib/gcc/msp430/4.6.3/mcpu-430x/mmpy-16/libgcc.a(_mulsi3.o)
                0x000000000000e178                __mulsi3
 .text.libgcc   0x000000000000e1a2       0x22 /usr/lib/gcc/msp430/4.6.3/mcpu-430x/mmpy-16/libgcc.a(_udivmod16.o)
                0x000000000000e1a2                __udivhi3
                0x000000000000e1a2                __ext_udivmod16
                0x000000000000e1bc                __umodhi3
 .text.libgcc   0x000000000000e1c4       0x3a /usr/lib/gcc/msp430/4.6.3/mcpu-430x/mmpy-16/libgcc.a(_divmod16.o)
                0x000000000000e1c4                __ext_divmod16
                0x000000000000e1c4                __divhi3
                0x000000000000e1f6                __modhi3
 .text.libgcc   0x000000000000e1fe       0x38 /usr/lib/gcc/msp430/4.6.3/mcpu-430x/mmpy-16/libgcc.a(_udivmod32.o)
                0x000000000000e1fe                __udivsi3
                0x000000000000e1fe                __ext_udivmod32
                0x000000000000e22c                __umodsi3
 .text.libgcc   0x000000000000e236       0x4c /usr/lib/gcc/msp430/4.6.3/mcpu-430x/mmpy-16/libgcc.a(_divmod32.o)
                0x000000000000e236                __ext_divmod32
                0x000000000000e236                __divsi3
                0x000000000000e278                __modsi3
 .text          0x000000000000e282       0x12 /usr/lib/gcc/msp430/4.6.3/../../../../msp430/lib/mcpu-430x/mmpy-16/libc.a(strchr.o)
                0x000000000000e282                strchr
 .text          0x000000000000e294       0x1c /usr/lib/gcc/msp430/4.6.3/../../../../msp430/lib/mcpu-430x/mmpy-16/libc.a(memchr.o)
                0x000000000000e294                memchr
 .text          0x000000000000e2b0       0x28 /usr/lib/gcc/msp430/4.6.3/../../../../msp430/lib/mcpu-430x/mmpy-16/libc.a(strncmp.o)
                0x000000000000e2b0                strncmp
 .text          0x000000000000e2d8       0x20 /usr/lib/gcc/msp430/4.6.3/../../../../msp430/lib/mcpu-430x/mmpy-16/libc.a(memcmp.o)
                0x000000000000e2d8                memcmp
 .text          0x000000000000e2f8       0x2a /usr/lib/gcc/msp430/4.6.3/../../../../msp430/lib/mcpu-430x/mmpy-16/libc.a(strncpy.o)
                0x000000000000e2f8                strncpy
 .text          0x000000000000e322       0xe4 /usr/lib/gcc/msp430/4.6.3/../../../../msp430/lib/mcpu-430x/mmpy-16/libc.a(memcpy.o)
                0x000000000000e322                memcpy
 .text          0x000000000000e406       0xe4 /usr/lib/gcc/msp430/4.6.3/../../../../msp430/lib/mcpu-430x/mmpy-16/libc.a(memmove.o)
                0x000000000000e406                memmove
 .text          0x000000000000e4ea       0x5c /usr/lib/gcc/msp430/4.6.3/../../../../msp430/lib/mcpu-430x/mmpy-16/libc.a(memset.o)
                0x000000000000e4ea                memset
 .text          0x000000000000e546       0x1e /usr/lib/gcc/msp430/4.6.3/../../../../msp430/lib/mcpu-430x/mmpy-16/libc.a(printf.o)
                0x000000000000e546                printf
                0x000000000000e556                vprintf
 .text          0x000000000000e564       0xb8 /usr/lib/gcc/msp430/4.6.3/../../../../msp430/lib/mcpu-430x/mmpy-16/libc.a(sprintf.o)
                0x000000000000e5be                sprintf
                0x000000000000e5da                snprintf
                0x000000000000e5f4                vsprintf
                0x000000000000e60a                vsnprintf
 .text          0x000000000000e61c      0x818 /usr/lib/gcc/msp430/4.6.3/../../../../msp430/lib/mcpu-430x/mmpy-16/libc.a(vuprintf.o)
                0x000000000000e798                vuprintf
 .text          0x000000000000ee34       0x2c /usr/lib/gcc/msp430/4.6.3/../../../../msp430/lib/mcpu-430x/mmpy-16/libc.a(puts.o)
                0x000000000000ee34                puts
 .text          0x000000000000ee60       0x54 /usr/lib/gcc/msp430/4.6.3/../../../../msp430/lib/mcpu-430x/mmpy-16/libc.a(rand.o)
                0x000000000000ee60                rand_r
                0x000000000000ee84                rand
                0x000000000000eeaa                srand
 .text.libgcc   0x000000000000eeb4       0xbc /usr/lib/gcc/msp430/4.6.3/mcpu-430x/mmpy-16/libgcc.a(_udivmod64.o)
                0x000000000000eeb4                __xabi_udivmod64
                0x000000000000ef06                __udivdi3
                0x000000000000ef20                __umoddi3
                0x000000000000ef42                __udivmoddi4
 .text.crt0     0x000000000000ef70        0x2 /usr/lib/gcc/msp430/4.6.3/mcpu-430x/mmpy-16/libcrt0.a(_unexpected_.o)
                0x000000000000ef70                _unexpected_
                0x000000000000ef72                . = ALIGN (0x2)

.rodata         0x000000000000ef72      0xde8
                0x000000000000ef72                . = ALIGN (0x2)
 *(.rodata .rodata.* .gnu.linkonce.r.*)
 .rodata        0x000000000000ef72      0x4ea er-example-observe-client-16-1.co
                0x000000000000f434                autostart_processes
 .rodata        0x000000000000f45c      0x107 obj_z1/contiki-z1-main.o
 .rodata        0x000000000000f563       0xaf contiki-z1.a(er-coap.o)
 .rodata        0x000000000000f612      0x420 contiki-z1.a(er-coap-engine.)
                0x000000000000f9a0                coap_rest_implementation
 .rodata        0x000000000000fa32      0x133 contiki-z1.a(er-coap-transac)
 .rodata        0x000000000000fb65       0x11 contiki-z1.a(er-coap-observe)
 .rodata        0x000000000000fb76       0x19 contiki-z1.a(er-coap-res-wel)
 *fill*         0x000000000000fb8f        0x1 00
 .rodata        0x000000000000fb90       0x5a contiki-z1.a(cc2420.o)
                0x000000000000fbac                cc2420_aes_128_driver
                0x000000000000fbb0                cc2420_driver
 .rodata        0x000000000000fbea        0x8 contiki-z1.a(sensors.o)
 .rodata        0x000000000000fbf2       0x10 contiki-z1.a(button-sensor.o)
                0x000000000000fbfa                button_sensor
 .rodata        0x000000000000fc02       0x16 contiki-z1.a(adxl345.o)
 .rodata        0x000000000000fc18        0xf contiki-z1.a(ctimer.o)
 .rodata        0x000000000000fc27        0xc contiki-z1.a(etimer.o)
 *fill*         0x000000000000fc33        0x1 00
 .rodata        0x000000000000fc34       0x24 contiki-z1.a(sicslowpan.o)
                0x000000000000fc40                sicslowpan_driver
                0x000000000000fc46                llprefix
                0x000000000000fc48                unc_mxconf
                0x000000000000fc4c                unc_ctxconf
                0x000000000000fc50                unc_llconf
 .rodata        0x000000000000fc58        0xd contiki-z1.a(tcpip.o)
 .rodata        0x000000000000fc65       0x29 contiki-z1.a(uip-debug.o)
 .rodata        0x000000000000fc8e        0x8 contiki-z1.a(linkaddr.o)
                0x000000000000fc8e                linkaddr_null
 .rodata        0x000000000000fc96       0x70 contiki-z1.a(queuebuf.o)
 .rodata        0x000000000000fd06        0x8 contiki-z1.a(framer-802154.o)
                0x000000000000fd06                framer_802154
 .rodata        0x000000000000fd0e       0x16 contiki-z1.a(nullmac.o)
                0x000000000000fd16                nullmac_driver
 .rodata        0x000000000000fd24       0x18 contiki-z1.a(nullrdc.o)
                0x000000000000fd2c                nullrdc_driver
 .rodata        0x000000000000fd3c       0x14 contiki-z1.a(nullsec.o)
                0x000000000000fd44                nullsec_driver
 .rodata        0x000000000000fd50        0x2 contiki-z1.a(frame802154.o)
 .rodata        0x000000000000fd52        0x7 /usr/lib/gcc/msp430/4.6.3/../../../../msp430/lib/mcpu-430x/mmpy-16/libc.a(vuprintf.o)
                0x000000000000fd5a                . = ALIGN (0x2)
 *fill*         0x000000000000fd59        0x1 00
                0x000000000000fd5a                _etext = .

.data           0x0000000000001100      0x12c load address 0x000000000000fd5a
                0x0000000000001100                . = ALIGN (0x2)
                0x0000000000001100                PROVIDE (__data_start, .)
 *(.data .data.* .gnu.linkonce.d.*)
 .data          0x0000000000001100        0xc er-example-observe-client-16-1.co
                0x0000000000001100                er_example_observe_client